Archive member included to satisfy reference by file (symbol)

c:/program files (x86)/atmel/studio/7.0/toolchain/arm/arm-gnu-toolchain/bin/../lib/gcc/arm-none-eabi/6.3.1/../../../../arm-none-eabi/lib/thumb/v7e-m\libc.a(lib_a-exit.o)
                              c:/program files (x86)/atmel/studio/7.0/toolchain/arm/arm-gnu-toolchain/bin/../lib/gcc/arm-none-eabi/6.3.1/../../../../arm-none-eabi/lib/thumb/v7e-m/crt0.o (exit)
c:/program files (x86)/atmel/studio/7.0/toolchain/arm/arm-gnu-toolchain/bin/../lib/gcc/arm-none-eabi/6.3.1/../../../../arm-none-eabi/lib/thumb/v7e-m\libc.a(lib_a-impure.o)
                              c:/program files (x86)/atmel/studio/7.0/toolchain/arm/arm-gnu-toolchain/bin/../lib/gcc/arm-none-eabi/6.3.1/../../../../arm-none-eabi/lib/thumb/v7e-m\libc.a(lib_a-exit.o) (_global_impure_ptr)
c:/program files (x86)/atmel/studio/7.0/toolchain/arm/arm-gnu-toolchain/bin/../lib/gcc/arm-none-eabi/6.3.1/../../../../arm-none-eabi/lib/thumb/v7e-m\libc.a(lib_a-init.o)
                              c:/program files (x86)/atmel/studio/7.0/toolchain/arm/arm-gnu-toolchain/bin/../lib/gcc/arm-none-eabi/6.3.1/../../../../arm-none-eabi/lib/thumb/v7e-m/crt0.o (__libc_init_array)
c:/program files (x86)/atmel/studio/7.0/toolchain/arm/arm-gnu-toolchain/bin/../lib/gcc/arm-none-eabi/6.3.1/../../../../arm-none-eabi/lib/thumb/v7e-m\libc.a(lib_a-iprintf.o)
                              src/main.o (iprintf)
c:/program files (x86)/atmel/studio/7.0/toolchain/arm/arm-gnu-toolchain/bin/../lib/gcc/arm-none-eabi/6.3.1/../../../../arm-none-eabi/lib/thumb/v7e-m\libc.a(lib_a-memcpy.o)
                              src/ASF/sam/drivers/usbc/usbc_device.o (memcpy)
c:/program files (x86)/atmel/studio/7.0/toolchain/arm/arm-gnu-toolchain/bin/../lib/gcc/arm-none-eabi/6.3.1/../../../../arm-none-eabi/lib/thumb/v7e-m\libc.a(lib_a-memset.o)
                              c:/program files (x86)/atmel/studio/7.0/toolchain/arm/arm-gnu-toolchain/bin/../lib/gcc/arm-none-eabi/6.3.1/../../../../arm-none-eabi/lib/thumb/v7e-m/crt0.o (memset)
c:/program files (x86)/atmel/studio/7.0/toolchain/arm/arm-gnu-toolchain/bin/../lib/gcc/arm-none-eabi/6.3.1/../../../../arm-none-eabi/lib/thumb/v7e-m\libc.a(lib_a-vfiprintf.o)
                              c:/program files (x86)/atmel/studio/7.0/toolchain/arm/arm-gnu-toolchain/bin/../lib/gcc/arm-none-eabi/6.3.1/../../../../arm-none-eabi/lib/thumb/v7e-m\libc.a(lib_a-iprintf.o) (_vfiprintf_r)
c:/program files (x86)/atmel/studio/7.0/toolchain/arm/arm-gnu-toolchain/bin/../lib/gcc/arm-none-eabi/6.3.1/../../../../arm-none-eabi/lib/thumb/v7e-m\libc.a(lib_a-wsetup.o)
                              c:/program files (x86)/atmel/studio/7.0/toolchain/arm/arm-gnu-toolchain/bin/../lib/gcc/arm-none-eabi/6.3.1/../../../../arm-none-eabi/lib/thumb/v7e-m\libc.a(lib_a-vfiprintf.o) (__swsetup_r)
c:/program files (x86)/atmel/studio/7.0/toolchain/arm/arm-gnu-toolchain/bin/../lib/gcc/arm-none-eabi/6.3.1/../../../../arm-none-eabi/lib/thumb/v7e-m\libc.a(lib_a-__call_atexit.o)
                              c:/program files (x86)/atmel/studio/7.0/toolchain/arm/arm-gnu-toolchain/bin/../lib/gcc/arm-none-eabi/6.3.1/../../../../arm-none-eabi/lib/thumb/v7e-m\libc.a(lib_a-exit.o) (__call_exitprocs)
c:/program files (x86)/atmel/studio/7.0/toolchain/arm/arm-gnu-toolchain/bin/../lib/gcc/arm-none-eabi/6.3.1/../../../../arm-none-eabi/lib/thumb/v7e-m\libc.a(lib_a-atexit.o)
                              c:/program files (x86)/atmel/studio/7.0/toolchain/arm/arm-gnu-toolchain/bin/../lib/gcc/arm-none-eabi/6.3.1/../../../../arm-none-eabi/lib/thumb/v7e-m\libc.a(lib_a-__call_atexit.o) (atexit)
c:/program files (x86)/atmel/studio/7.0/toolchain/arm/arm-gnu-toolchain/bin/../lib/gcc/arm-none-eabi/6.3.1/../../../../arm-none-eabi/lib/thumb/v7e-m\libc.a(lib_a-fflush.o)
                              c:/program files (x86)/atmel/studio/7.0/toolchain/arm/arm-gnu-toolchain/bin/../lib/gcc/arm-none-eabi/6.3.1/../../../../arm-none-eabi/lib/thumb/v7e-m\libc.a(lib_a-vfiprintf.o) (_fflush_r)
c:/program files (x86)/atmel/studio/7.0/toolchain/arm/arm-gnu-toolchain/bin/../lib/gcc/arm-none-eabi/6.3.1/../../../../arm-none-eabi/lib/thumb/v7e-m\libc.a(lib_a-findfp.o)
                              c:/program files (x86)/atmel/studio/7.0/toolchain/arm/arm-gnu-toolchain/bin/../lib/gcc/arm-none-eabi/6.3.1/../../../../arm-none-eabi/lib/thumb/v7e-m\libc.a(lib_a-vfiprintf.o) (__sinit)
c:/program files (x86)/atmel/studio/7.0/toolchain/arm/arm-gnu-toolchain/bin/../lib/gcc/arm-none-eabi/6.3.1/../../../../arm-none-eabi/lib/thumb/v7e-m\libc.a(lib_a-fini.o)
                              c:/program files (x86)/atmel/studio/7.0/toolchain/arm/arm-gnu-toolchain/bin/../lib/gcc/arm-none-eabi/6.3.1/../../../../arm-none-eabi/lib/thumb/v7e-m\libc.a(lib_a-__call_atexit.o) (__libc_fini_array)
c:/program files (x86)/atmel/studio/7.0/toolchain/arm/arm-gnu-toolchain/bin/../lib/gcc/arm-none-eabi/6.3.1/../../../../arm-none-eabi/lib/thumb/v7e-m\libc.a(lib_a-fputwc.o)
[...]
Memory Configuration

Name             Origin             Length             Attributes
rom              0x00000000         0x00040000         xr
ram              0x20000000         0x00008000         xrw
*default*        0x00000000         0xffffffff

Linker script and memory map

LOAD c:/program files (x86)/atmel/studio/7.0/toolchain/arm/arm-gnu-toolchain/bin/../lib/gcc/arm-none-eabi/6.3.1/thumb/v7e-m/crti.o
LOAD c:/program files (x86)/atmel/studio/7.0/toolchain/arm/arm-gnu-toolchain/bin/../lib/gcc/arm-none-eabi/6.3.1/thumb/v7e-m/crtbegin.o
LOAD c:/program files (x86)/atmel/studio/7.0/toolchain/arm/arm-gnu-toolchain/bin/../lib/gcc/arm-none-eabi/6.3.1/../../../../arm-none-eabi/lib/thumb/v7e-m/crt0.o
LOAD src/ASF/common/services/sleepmgr/sam4l/sleepmgr.o
LOAD src/ASF/common/services/usb/class/hid/device/generic/udi_hid_generic.o
LOAD src/ASF/common/services/usb/udc/udc.o
LOAD src/ASF/sam/drivers/ast/ast.o
LOAD src/ASF/sam/drivers/tc/tc.o
LOAD src/ASF/sam/drivers/usbc/usbc_device.o
LOAD src/ASF/common/services/usb/class/hid/device/generic/udi_hid_generic_desc.o
LOAD src/ASF/common/services/usb/class/hid/device/udi_hid.o
LOAD src/ASF/common/services/clock/sam4l/dfll.o
LOAD src/ASF/common/services/clock/sam4l/osc.o
LOAD src/ASF/common/services/clock/sam4l/pll.o
LOAD src/ASF/common/services/clock/sam4l/sysclk.o
LOAD src/ASF/sam/drivers/bpm/bpm.o
LOAD src/ASF/sam/drivers/eic/eic.o
LOAD src/ASF/sam/drivers/flashcalw/flashcalw.o
LOAD src/ASF/sam/drivers/gpio/gpio.o
LOAD src/ASF/sam/drivers/pdca/pdca.o
LOAD src/ASF/sam/drivers/twim/twim.o
LOAD src/ASF/common/boards/user_board/init.o
LOAD src/ASF/common/utils/interrupt/interrupt_sam_nvic.o
LOAD src/ASF/sam/utils/cmsis/sam4l/source/templates/exceptions.o
LOAD src/ASF/sam/utils/cmsis/sam4l/source/templates/gcc/startup_sam4l.o
LOAD src/ASF/sam/utils/cmsis/sam4l/source/templates/system_sam4l.o
LOAD src/ASF/sam/utils/syscalls/gcc/syscalls.o
LOAD src/main.o
START GROUP
LOAD ../src/ASF/thirdparty/CMSIS/Lib/GCC\libarm_cortexM4l_math.a
LOAD c:/program files (x86)/atmel/studio/7.0/toolchain/arm/arm-gnu-toolchain/bin/../lib/gcc/arm-none-eabi/6.3.1/../../../../arm-none-eabi/lib/thumb/v7e-m\libm.a
END GROUP
START GROUP
LOAD c:/program files (x86)/atmel/studio/7.0/toolchain/arm/arm-gnu-toolchain/bin/../lib/gcc/arm-none-eabi/6.3.1/thumb/v7e-m\libgcc.a
LOAD c:/program files (x86)/atmel/studio/7.0/toolchain/arm/arm-gnu-toolchain/bin/../lib/gcc/arm-none-eabi/6.3.1/../../../../arm-none-eabi/lib/thumb/v7e-m\libc.a
END GROUP
START GROUP
LOAD c:/program files (x86)/atmel/studio/7.0/toolchain/arm/arm-gnu-toolchain/bin/../lib/gcc/arm-none-eabi/6.3.1/thumb/v7e-m\libgcc.a
LOAD c:/program files (x86)/atmel/studio/7.0/toolchain/arm/arm-gnu-toolchain/bin/../lib/gcc/arm-none-eabi/6.3.1/../../../../arm-none-eabi/lib/thumb/v7e-m\libc.a
LOAD c:/program files (x86)/atmel/studio/7.0/toolchain/arm/arm-gnu-toolchain/bin/../lib/gcc/arm-none-eabi/6.3.1/../../../../arm-none-eabi/lib/thumb/v7e-m\libnosys.a
END GROUP
LOAD c:/program files (x86)/atmel/studio/7.0/toolchain/arm/arm-gnu-toolchain/bin/../lib/gcc/arm-none-eabi/6.3.1/thumb/v7e-m/crtend.o
LOAD c:/program files (x86)/atmel/studio/7.0/toolchain/arm/arm-gnu-toolchain/bin/../lib/gcc/arm-none-eabi/6.3.1/thumb/v7e-m/crtn.o
                0x00001000                __stack_size__ = DEFINED (__stack_size__)?__stack_size__:0x1000
                0x20007ffc                __ram_end__ = ((ORIGIN (ram) + LENGTH (ram)) - 0x4)

.text           0x00000000     0x6410
                0x00000000                . = ALIGN (0x4)
                0x00000000                _sfixed = .
 *(.vectors .vectors.*)
 .vectors       0x00000000      0x180 src/ASF/sam/utils/cmsis/sam4l/source/templates/gcc/startup_sam4l.o
                0x00000000                exception_table
 *(.text .text.* .gnu.linkonce.t.*)
 .text          0x00000180       0x6c c:/program files (x86)/atmel/studio/7.0/toolchain/arm/arm-gnu-toolchain/bin/../lib/gcc/arm-none-eabi/6.3.1/thumb/v7e-m/crtbegin.o
 .text.udi_hid_generic_disable
                0x000001ec        0x2 src/ASF/common/services/usb/class/hid/device/generic/udi_hid_generic.o
                0x000001ec                udi_hid_generic_disable
 .text.udi_hid_generic_getsetting
                0x000001ee        0x4 src/ASF/common/services/usb/class/hid/device/generic/udi_hid_generic.o
                0x000001ee                udi_hid_generic_getsetting
 *fill*         0x000001f2        0x2 
 .text.udi_hid_generic_setreport
                0x000001f4       0x44 src/ASF/common/services/usb/class/hid/device/generic/udi_hid_generic.o
 .text.udi_hid_generic_report_in_sent
                0x00000238        0xc src/ASF/common/services/usb/class/hid/device/generic/udi_hid_generic.o
 .text.udi_hid_generic_report_out_enable
                0x00000244       0x24 src/ASF/common/services/usb/class/hid/device/generic/udi_hid_generic.o
 .text.udi_hid_generic_enable
                0x00000268       0x28 src/ASF/common/services/usb/class/hid/device/generic/udi_hid_generic.o
                0x00000268                udi_hid_generic_enable
 .text.udi_hid_generic_report_out_received
                0x00000290       0x24 src/ASF/common/services/usb/class/hid/device/generic/udi_hid_generic.o
 .text.udi_hid_generic_setup
                0x000002b4       0x24 src/ASF/common/services/usb/class/hid/device/generic/udi_hid_generic.o
                0x000002b4                udi_hid_generic_setup
 .text.udi_hid_generic_setfeature_valid
                0x000002d8       0x20 src/ASF/common/services/usb/class/hid/device/generic/udi_hid_generic.o
 .text.udi_hid_generic_send_report_in
                0x000002f8       0x7c src/ASF/common/services/usb/class/hid/device/generic/udi_hid_generic.o
                0x000002f8                udi_hid_generic_send_report_in
 .text.udc_next_desc_in_iface
                0x00000374       0x48 src/ASF/common/services/usb/udc/udc.o
 .text.udc_valid_address
                0x000003bc       0x18 src/ASF/common/services/usb/udc/udc.o
 .text.udc_update_iface_desc
                0x000003d4       0x74 src/ASF/common/services/usb/udc/udc.o
 .text.udc_iface_disable
                0x00000448       0x6c src/ASF/common/services/usb/udc/udc.o
 .text.udc_iface_enable
                0x000004b4       0x5c src/ASF/common/services/usb/udc/udc.o
 .text.udc_get_interface_desc
                0x00000510        0xc src/ASF/common/services/usb/udc/udc.o
                0x00000510                udc_get_interface_desc
 .text.udc_start
                0x0000051c        0xc src/ASF/common/services/usb/udc/udc.o
                0x0000051c                udc_start
 .text.udc_reset
                0x00000528       0x48 src/ASF/common/services/usb/udc/udc.o
                0x00000528                udc_reset
 .text.udc_sof_notify
                0x00000570       0x40 src/ASF/common/services/usb/udc/udc.o
                0x00000570                udc_sof_notify
 .text.udc_process_setup
                0x000005b0      0x454 src/ASF/common/services/usb/udc/udc.o
                0x000005b0                udc_process_setup
 .text.ast_enable
                0x00000a04       0x54 src/ASF/sam/drivers/ast/ast.o
                0x00000a04                ast_enable
 .text.ast_write_calendar_value
                0x00000a58       0x14 src/ASF/sam/drivers/ast/ast.o
                0x00000a58                ast_write_calendar_value
 .text.ast_write_counter_value
                0x00000a6c       0x14 src/ASF/sam/drivers/ast/ast.o
                0x00000a6c                ast_write_counter_value
 .text.ast_set_config
                0x00000a80       0xb4 src/ASF/sam/drivers/ast/ast.o
                0x00000a80                ast_set_config
 .text.ast_write_periodic0_value
                0x00000b34       0x14 src/ASF/sam/drivers/ast/ast.o
                0x00000b34                ast_write_periodic0_value
 .text.ast_enable_interrupt
                0x00000b48       0x60 src/ASF/sam/drivers/ast/ast.o
                0x00000b48                ast_enable_interrupt
 .text.ast_clear_interrupt_flag
                0x00000ba8       0x44 src/ASF/sam/drivers/ast/ast.o
                0x00000ba8                ast_clear_interrupt_flag
 .text.ast_set_callback
                0x00000bec       0x5c src/ASF/sam/drivers/ast/ast.o
                0x00000bec                ast_set_callback
 .text.AST_PER_Handler
                0x00000c48       0x10 src/ASF/sam/drivers/ast/ast.o
                0x00000c48                AST_PER_Handler
 .text.udd_sleep_mode
                0x00000c58       0xa4 src/ASF/sam/drivers/usbc/usbc_device.o
 .text.udd_ctrl_init
                0x00000cfc       0x28 src/ASF/sam/drivers/usbc/usbc_device.o
 .text.udd_ctrl_stall_data
                0x00000d24       0x18 src/ASF/sam/drivers/usbc/usbc_device.o
 .text.udd_ctrl_send_zlp_in
                0x00000d3c       0x64 src/ASF/sam/drivers/usbc/usbc_device.o
 .text.udd_ctrl_endofrequest
                0x00000da0       0x10 src/ASF/sam/drivers/usbc/usbc_device.o
 .text.udd_ctrl_in_sent
                0x00000db0      0x184 src/ASF/sam/drivers/usbc/usbc_device.o
 .text.udd_ep_trans_done
                0x00000f34      0x378 src/ASF/sam/drivers/usbc/usbc_device.o
 .text.udd_attach
                0x000012ac       0x88 src/ASF/sam/drivers/usbc/usbc_device.o
                0x000012ac                udd_attach
 .text.udd_enable
                0x00001334      0x140 src/ASF/sam/drivers/usbc/usbc_device.o
                0x00001334                udd_enable
 .text.udd_set_address
                0x00001474       0x28 src/ASF/sam/drivers/usbc/usbc_device.o
                0x00001474                udd_set_address
 .text.udd_getaddress
                0x0000149c       0x10 src/ASF/sam/drivers/usbc/usbc_device.o
                0x0000149c                udd_getaddress
 .text.udd_set_setup_payload
                0x000014ac        0xc src/ASF/sam/drivers/usbc/usbc_device.o
                0x000014ac                udd_set_setup_payload
 .text.udd_ep_alloc
                0x000014b8       0x9c src/ASF/sam/drivers/usbc/usbc_device.o
                0x000014b8                udd_ep_alloc
 .text.udd_ep_is_halted
                0x00001554       0x14 src/ASF/sam/drivers/usbc/usbc_device.o
                0x00001554                udd_ep_is_halted
 .text.udd_ep_clear_halt
                0x00001568       0x8c src/ASF/sam/drivers/usbc/usbc_device.o
                0x00001568                udd_ep_clear_halt
 .text.udd_ep_run
                0x000015f4      0x13c src/ASF/sam/drivers/usbc/usbc_device.o
                0x000015f4                udd_ep_run
 .text.udd_ep_abort
                0x00001730       0xa8 src/ASF/sam/drivers/usbc/usbc_device.o
                0x00001730                udd_ep_abort
 .text.USBC_Handler
                0x000017d8      0x4b8 src/ASF/sam/drivers/usbc/usbc_device.o
                0x000017d8                USBC_Handler
 .text.udd_ep_free
                0x00001c90       0x24 src/ASF/sam/drivers/usbc/usbc_device.o
                0x00001c90                udd_ep_free
 .text.udd_ep_set_halt
                0x00001cb4       0x28 src/ASF/sam/drivers/usbc/usbc_device.o
                0x00001cb4                udd_ep_set_halt
 .text.udi_hid_setup
                0x00001cdc       0xec src/ASF/common/services/usb/class/hid/device/udi_hid.o
                0x00001cdc                udi_hid_setup
 .text.osc_priv_enable_osc0
                0x00001dc8       0x48 src/ASF/common/services/clock/sam4l/osc.o
                0x00001dc8                osc_priv_enable_osc0
 .text.pll_enable
                0x00001e10       0x5c src/ASF/common/services/clock/sam4l/pll.o
                0x00001e10                pll_enable
 .text.sysclk_priv_enable_module
                0x00001e6c       0x60 src/ASF/common/services/clock/sam4l/sysclk.o
                0x00001e6c                sysclk_priv_enable_module
 .text.sysclk_enable_pba_module
                0x00001ecc       0x58 src/ASF/common/services/clock/sam4l/sysclk.o
                0x00001ecc                sysclk_enable_pba_module
 .text.sysclk_enable_pbb_module
                0x00001f24       0x58 src/ASF/common/services/clock/sam4l/sysclk.o
                0x00001f24                sysclk_enable_pbb_module
 .text.sysclk_enable_peripheral_clock
                0x00001f7c      0x3cc src/ASF/common/services/clock/sam4l/sysclk.o
                0x00001f7c                sysclk_enable_peripheral_clock
 .text.sysclk_set_source
                0x00002348       0x40 src/ASF/common/services/clock/sam4l/sysclk.o
                0x00002348                sysclk_set_source
 .text.sysclk_enable_usb
                0x00002388       0x78 src/ASF/common/services/clock/sam4l/sysclk.o
                0x00002388                sysclk_enable_usb
 .text.sysclk_init
                0x00002400       0xac src/ASF/common/services/clock/sam4l/sysclk.o
                0x00002400                sysclk_init
 .text.bpm_power_scaling_cpu_failsafe
                0x000024ac       0x74 src/ASF/sam/drivers/bpm/bpm.o
                0x000024ac                bpm_power_scaling_cpu_failsafe
 .text.bpm_enable_fast_wakeup
                0x00002520       0x18 src/ASF/sam/drivers/bpm/bpm.o
                0x00002520                bpm_enable_fast_wakeup
 .text.bpm_get_status
                0x00002538        0x4 src/ASF/sam/drivers/bpm/bpm.o
                0x00002538                bpm_get_status
 .text.eic_line_interrupt
                0x0000253c       0x14 src/ASF/sam/drivers/eic/eic.o
 .text.NMI_Handler
                0x00002550       0x10 src/ASF/sam/drivers/eic/eic.o
                0x00002550                NMI_Handler
 .text.EIC_1_Handler
                0x00002560       0x10 src/ASF/sam/drivers/eic/eic.o
                0x00002560                EIC_1_Handler
 .text.EIC_2_Handler
                0x00002570       0x10 src/ASF/sam/drivers/eic/eic.o
                0x00002570                EIC_2_Handler
 .text.EIC_3_Handler
                0x00002580       0x10 src/ASF/sam/drivers/eic/eic.o
                0x00002580                EIC_3_Handler
 .text.EIC_4_Handler
                0x00002590       0x10 src/ASF/sam/drivers/eic/eic.o
                0x00002590                EIC_4_Handler
 .text.EIC_5_Handler
                0x000025a0       0x10 src/ASF/sam/drivers/eic/eic.o
                0x000025a0                EIC_5_Handler
 .text.EIC_6_Handler
                0x000025b0       0x10 src/ASF/sam/drivers/eic/eic.o
                0x000025b0                EIC_6_Handler
 .text.EIC_7_Handler
                0x000025c0       0x10 src/ASF/sam/drivers/eic/eic.o
                0x000025c0                EIC_7_Handler
 .text.EIC_8_Handler
                0x000025d0       0x10 src/ASF/sam/drivers/eic/eic.o
                0x000025d0                EIC_8_Handler
 .text.flashcalw_set_wait_state
                0x000025e0       0x1c src/ASF/sam/drivers/flashcalw/flashcalw.o
                0x000025e0                flashcalw_set_wait_state
 .text.flashcalw_is_ready
                0x000025fc       0x10 src/ASF/sam/drivers/flashcalw/flashcalw.o
                0x000025fc                flashcalw_is_ready
 .text.flashcalw_default_wait_until_ready
                0x0000260c       0x10 src/ASF/sam/drivers/flashcalw/flashcalw.o
                0x0000260c                flashcalw_default_wait_until_ready
 .text.flashcalw_issue_command
                0x0000261c       0x54 src/ASF/sam/drivers/flashcalw/flashcalw.o
                0x0000261c                flashcalw_issue_command
 .text.flashcalw_set_flash_waitstate_and_readmode
                0x00002670       0x94 src/ASF/sam/drivers/flashcalw/flashcalw.o
                0x00002670                flashcalw_set_flash_waitstate_and_readmode
 .text.gpio_common_handler
                0x00002704       0x74 src/ASF/sam/drivers/gpio/gpio.o
 .text.gpio_set_pin_callback
                0x00002778       0xac src/ASF/sam/drivers/gpio/gpio.o
                0x00002778                gpio_set_pin_callback
 .text.GPIO_0_Handler
                0x00002824       0x10 src/ASF/sam/drivers/gpio/gpio.o
                0x00002824                GPIO_0_Handler
 .text.GPIO_1_Handler
                0x00002834       0x14 src/ASF/sam/drivers/gpio/gpio.o
                0x00002834                GPIO_1_Handler
 .text.GPIO_2_Handler
                0x00002848       0x14 src/ASF/sam/drivers/gpio/gpio.o
                0x00002848                GPIO_2_Handler
 .text.GPIO_3_Handler
                0x0000285c       0x14 src/ASF/sam/drivers/gpio/gpio.o
                0x0000285c                GPIO_3_Handler
 .text.GPIO_4_Handler
                0x00002870       0x10 src/ASF/sam/drivers/gpio/gpio.o
                0x00002870                GPIO_4_Handler
 .text.GPIO_5_Handler
                0x00002880       0x14 src/ASF/sam/drivers/gpio/gpio.o
                0x00002880                GPIO_5_Handler
 .text.GPIO_6_Handler
                0x00002894       0x14 src/ASF/sam/drivers/gpio/gpio.o
                0x00002894                GPIO_6_Handler
 .text.GPIO_7_Handler
                0x000028a8       0x14 src/ASF/sam/drivers/gpio/gpio.o
                0x000028a8                GPIO_7_Handler
 .text.GPIO_8_Handler
                0x000028bc       0x10 src/ASF/sam/drivers/gpio/gpio.o
                0x000028bc                GPIO_8_Handler
 .text.GPIO_9_Handler
                0x000028cc       0x14 src/ASF/sam/drivers/gpio/gpio.o
                0x000028cc                GPIO_9_Handler
 .text.GPIO_10_Handler
                0x000028e0       0x14 src/ASF/sam/drivers/gpio/gpio.o
                0x000028e0                GPIO_10_Handler
 .text.GPIO_11_Handler
                0x000028f4       0x14 src/ASF/sam/drivers/gpio/gpio.o
                0x000028f4                GPIO_11_Handler
 .text.pdca_channel_get_handler
                0x00002908       0x12 src/ASF/sam/drivers/pdca/pdca.o
                0x00002908                pdca_channel_get_handler
 *fill*         0x0000291a        0x2 
 .text.pdca_get_channel_status
                0x0000291c       0x3c src/ASF/sam/drivers/pdca/pdca.o
                0x0000291c                pdca_get_channel_status
 .text.pdca_channel_interrupt
                0x00002958       0x1c src/ASF/sam/drivers/pdca/pdca.o
 .text.PDCA_0_Handler
                0x00002974       0x10 src/ASF/sam/drivers/pdca/pdca.o
                0x00002974                PDCA_0_Handler
 .text.PDCA_1_Handler
                0x00002984       0x10 src/ASF/sam/drivers/pdca/pdca.o
                0x00002984                PDCA_1_Handler
 .text.PDCA_2_Handler
                0x00002994       0x10 src/ASF/sam/drivers/pdca/pdca.o
                0x00002994                PDCA_2_Handler
 .text.PDCA_3_Handler
                0x000029a4       0x10 src/ASF/sam/drivers/pdca/pdca.o
                0x000029a4                PDCA_3_Handler
 .text.PDCA_4_Handler
                0x000029b4       0x10 src/ASF/sam/drivers/pdca/pdca.o
                0x000029b4                PDCA_4_Handler
 .text.PDCA_5_Handler
                0x000029c4       0x10 src/ASF/sam/drivers/pdca/pdca.o
                0x000029c4                PDCA_5_Handler
 .text.PDCA_6_Handler
                0x000029d4       0x10 src/ASF/sam/drivers/pdca/pdca.o
                0x000029d4                PDCA_6_Handler
 .text.PDCA_7_Handler
                0x000029e4       0x10 src/ASF/sam/drivers/pdca/pdca.o
                0x000029e4                PDCA_7_Handler
 .text.PDCA_8_Handler
                0x000029f4       0x10 src/ASF/sam/drivers/pdca/pdca.o
                0x000029f4                PDCA_8_Handler
 .text.PDCA_9_Handler
                0x00002a04       0x10 src/ASF/sam/drivers/pdca/pdca.o
                0x00002a04                PDCA_9_Handler
 .text.PDCA_10_Handler
                0x00002a14       0x10 src/ASF/sam/drivers/pdca/pdca.o
                0x00002a14                PDCA_10_Handler
 .text.PDCA_11_Handler
                0x00002a24       0x10 src/ASF/sam/drivers/pdca/pdca.o
                0x00002a24                PDCA_11_Handler
 .text.PDCA_12_Handler
                0x00002a34       0x10 src/ASF/sam/drivers/pdca/pdca.o
                0x00002a34                PDCA_12_Handler
 .text.PDCA_13_Handler
                0x00002a44       0x10 src/ASF/sam/drivers/pdca/pdca.o
                0x00002a44                PDCA_13_Handler
 .text.PDCA_14_Handler
                0x00002a54       0x10 src/ASF/sam/drivers/pdca/pdca.o
                0x00002a54                PDCA_14_Handler
 .text.PDCA_15_Handler
                0x00002a64       0x10 src/ASF/sam/drivers/pdca/pdca.o
                0x00002a64                PDCA_15_Handler
 .text.find_twim_channel_num
                0x00002a74       0x28 src/ASF/sam/drivers/twim/twim.o
 .text.twim_default_callback
                0x00002a9c      0x308 src/ASF/sam/drivers/twim/twim.o
                0x00002a9c                twim_default_callback
 .text.twim_set_speed
                0x00002da4       0x5c src/ASF/sam/drivers/twim/twim.o
                0x00002da4                twim_set_speed
 .text.twim_set_hsmode_speed
                0x00002e00       0x5c src/ASF/sam/drivers/twim/twim.o
                0x00002e00                twim_set_hsmode_speed
 .text.twim_set_config
                0x00002e5c       0xfc src/ASF/sam/drivers/twim/twim.o
                0x00002e5c                twim_set_config
 .text.twim_set_callback
                0x00002f58       0x90 src/ASF/sam/drivers/twim/twim.o
                0x00002f58                twim_set_callback
 .text.TWIM0_Handler
                0x00002fe8       0x14 src/ASF/sam/drivers/twim/twim.o
                0x00002fe8                TWIM0_Handler
 .text.TWIM1_Handler
                0x00002ffc       0x14 src/ASF/sam/drivers/twim/twim.o
                0x00002ffc                TWIM1_Handler
 .text.TWIM2_Handler
                0x00003010       0x14 src/ASF/sam/drivers/twim/twim.o
                0x00003010                TWIM2_Handler
 .text.TWIM3_Handler
                0x00003024       0x14 src/ASF/sam/drivers/twim/twim.o
                0x00003024                TWIM3_Handler
 .text.Dummy_Handler
                0x00003038        0x2 src/ASF/sam/utils/cmsis/sam4l/source/templates/exceptions.o
                0x00003038                DACC_Handler
                0x00003038                DebugMon_Handler
                0x00003038                TRNG_Handler
                0x00003038                HardFault_Handler
                0x00003038                SPI_Handler
                0x00003038                SysTick_Handler
                0x00003038                USART3_Handler
                0x00003038                AST_CLKREADY_Handler
                0x00003038                AST_OVF_Handler
                0x00003038                PendSV_Handler
                0x00003038                SCIF_Handler
                0x00003038                CRCCU_Handler
                0x00003038                USART0_Handler
                0x00003038                UsageFault_Handler
                0x00003038                TC12_Handler
                0x00003038                BPM_Handler
                0x00003038                PARC_Handler
                0x00003038                WDT_Handler
                0x00003038                TWIS0_Handler
                0x00003038                TWIS1_Handler
                0x00003038                AESA_Handler
                0x00003038                Dummy_Handler
                0x00003038                ABDACB_Handler
                0x00003038                CATB_Handler
                0x00003038                LCDCA_Handler
                0x00003038                USART1_Handler
                0x00003038                AST_READY_Handler
                0x00003038                AST_ALARM_Handler
                0x00003038                PM_Handler
                0x00003038                TC11_Handler
                0x00003038                ACIFC_Handler
                0x00003038                TC00_Handler
                0x00003038                TC02_Handler
                0x00003038                MemManage_Handler
                0x00003038                SVC_Handler
                0x00003038                ADCIFE_Handler
                0x00003038                PEVC_TR_Handler
                0x00003038                USART2_Handler
                0x00003038                TC10_Handler
                0x00003038                HFLASHC_Handler
                0x00003038                TC01_Handler
                0x00003038                BSCIF_Handler
                0x00003038                IISC_Handler
                0x00003038                BusFault_Handler
                0x00003038                FREQM_Handler
                0x00003038                PEVC_OV_Handler
 *fill*         0x0000303a        0x2 
 .text.Reset_Handler
                0x0000303c       0x84 src/ASF/sam/utils/cmsis/sam4l/source/templates/gcc/startup_sam4l.o
                0x0000303c                Reset_Handler
 .text._sbrk    0x000030c0       0x38 src/ASF/sam/utils/syscalls/gcc/syscalls.o
                0x000030c0                _sbrk
 .text._close   0x000030f8        0x6 src/ASF/sam/utils/syscalls/gcc/syscalls.o
                0x000030f8                _close
 .text._fstat   0x000030fe        0xa src/ASF/sam/utils/syscalls/gcc/syscalls.o
                0x000030fe                _fstat
 .text._isatty  0x00003108        0x4 src/ASF/sam/utils/syscalls/gcc/syscalls.o
                0x00003108                _isatty
 .text._lseek   0x0000310c        0x4 src/ASF/sam/utils/syscalls/gcc/syscalls.o
                0x0000310c                _lseek
 .text.coder_detect
                0x00003110       0x74 src/main.o
                0x00003110                coder_detect
 .text.Periodic_Int
                0x00003184       0x68 src/main.o
                0x00003184                Periodic_Int
 .text.init_dial
                0x000031ec      0x1ac src/main.o
                0x000031ec                init_dial
 .text.init_ast_timer
                0x00003398       0x80 src/main.o
                0x00003398                init_ast_timer
 .text.user_callback_sof_action
                0x00003418        0x2 src/main.o
                0x00003418                user_callback_sof_action
 .text.process_report
                0x0000341a        0x2 src/main.o
                0x0000341a                process_report
 .text.set_feature
                0x0000341c        0x2 src/main.o
                0x0000341c                set_feature
 *fill*         0x0000341e        0x2 
 .text.main     0x00003420       0x3c src/main.o
                0x00003420                main
 .text.__libc_init_array
                0x0000345c       0x50 c:/program files (x86)/atmel/studio/7.0/toolchain/arm/arm-gnu-toolchain/bin/../lib/gcc/arm-none-eabi/6.3.1/../../../../arm-none-eabi/lib/thumb/v7e-m\libc.a(lib_a-init.o)
                0x0000345c                __libc_init_array
 .text.iprintf  0x000034ac       0x28 c:/program files (x86)/atmel/studio/7.0/toolchain/arm/arm-gnu-toolchain/bin/../lib/gcc/arm-none-eabi/6.3.1/../../../../arm-none-eabi/lib/thumb/v7e-m\libc.a(lib_a-iprintf.o)
                0x000034ac                iprintf
 .text          0x000034d4      0x134 c:/program files (x86)/atmel/studio/7.0/toolchain/arm/arm-gnu-toolchain/bin/../lib/gcc/arm-none-eabi/6.3.1/../../../../arm-none-eabi/lib/thumb/v7e-m\libc.a(lib_a-memcpy.o)
                0x000034d4                memcpy
 .text.memset   0x00003608       0x9c c:/program files (x86)/atmel/studio/7.0/toolchain/arm/arm-gnu-toolchain/bin/../lib/gcc/arm-none-eabi/6.3.1/../../../../arm-none-eabi/lib/thumb/v7e-m\libc.a(lib_a-memset.o)
                0x00003608                memset
 .text.__sprint_r.part.0
                0x000036a4       0x80 c:/program files (x86)/atmel/studio/7.0/toolchain/arm/arm-gnu-toolchain/bin/../lib/gcc/arm-none-eabi/6.3.1/../../../../arm-none-eabi/lib/thumb/v7e-m\libc.a(lib_a-vfiprintf.o)
 .text._vfiprintf_r
                0x00003724      0xc90 c:/program files (x86)/atmel/studio/7.0/toolchain/arm/arm-gnu-toolchain/bin/../lib/gcc/arm-none-eabi/6.3.1/../../../../arm-none-eabi/lib/thumb/v7e-m\libc.a(lib_a-vfiprintf.o)
                0x00003724                _vfiprintf_r
 .text.__sbprintf
                0x000043b4       0x84 c:/program files (x86)/atmel/studio/7.0/toolchain/arm/arm-gnu-toolchain/bin/../lib/gcc/arm-none-eabi/6.3.1/../../../../arm-none-eabi/lib/thumb/v7e-m\libc.a(lib_a-vfiprintf.o)
 .text.__swsetup_r
                0x00004438       0xc8 c:/program files (x86)/atmel/studio/7.0/toolchain/arm/arm-gnu-toolchain/bin/../lib/gcc/arm-none-eabi/6.3.1/../../../../arm-none-eabi/lib/thumb/v7e-m\libc.a(lib_a-wsetup.o)
                0x00004438                __swsetup_r
 .text.startup.register_fini
                0x00004500       0x14 c:/program files (x86)/atmel/studio/7.0/toolchain/arm/arm-gnu-toolchain/bin/../lib/gcc/arm-none-eabi/6.3.1/../../../../arm-none-eabi/lib/thumb/v7e-m\libc.a(lib_a-__call_atexit.o)
 .text.atexit   0x00004514        0xc c:/program files (x86)/atmel/studio/7.0/toolchain/arm/arm-gnu-toolchain/bin/../lib/gcc/arm-none-eabi/6.3.1/../../../../arm-none-eabi/lib/thumb/v7e-m\libc.a(lib_a-atexit.o)
                0x00004514                atexit
 .text.__sflush_r
                0x00004520      0x140 c:/program files (x86)/atmel/studio/7.0/toolchain/arm/arm-gnu-toolchain/bin/../lib/gcc/arm-none-eabi/6.3.1/../../../../arm-none-eabi/lib/thumb/v7e-m\libc.a(lib_a-fflush.o)
                0x00004520                __sflush_r
 .text._fflush_r
                0x00004660       0x54 c:/program files (x86)/atmel/studio/7.0/toolchain/arm/arm-gnu-toolchain/bin/../lib/gcc/arm-none-eabi/6.3.1/../../../../arm-none-eabi/lib/thumb/v7e-m\libc.a(lib_a-fflush.o)
                0x00004660                _fflush_r
 .text._cleanup_r
                0x000046b4        0xc c:/program files (x86)/atmel/studio/7.0/toolchain/arm/arm-gnu-toolchain/bin/../lib/gcc/arm-none-eabi/6.3.1/../../../../arm-none-eabi/lib/thumb/v7e-m\libc.a(lib_a-findfp.o)
                0x000046b4                _cleanup_r
 .text.std.isra.0
                0x000046c0       0x50 c:/program files (x86)/atmel/studio/7.0/toolchain/arm/arm-gnu-toolchain/bin/../lib/gcc/arm-none-eabi/6.3.1/../../../../arm-none-eabi/lib/thumb/v7e-m\libc.a(lib_a-findfp.o)
 .text.__sinit  0x00004710       0x58 c:/program files (x86)/atmel/studio/7.0/toolchain/arm/arm-gnu-toolchain/bin/../lib/gcc/arm-none-eabi/6.3.1/../../../../arm-none-eabi/lib/thumb/v7e-m\libc.a(lib_a-findfp.o)
                0x00004710                __sinit
 .text.__sfp_lock_acquire
                0x00004768        0xc c:/program files (x86)/atmel/studio/7.0/toolchain/arm/arm-gnu-toolchain/bin/../lib/gcc/arm-none-eabi/6.3.1/../../../../arm-none-eabi/lib/thumb/v7e-m\libc.a(lib_a-findfp.o)
                0x00004768                __sfp_lock_acquire
 .text.__sfp_lock_release
                0x00004774        0xc c:/program files (x86)/atmel/studio/7.0/toolchain/arm/arm-gnu-toolchain/bin/../lib/gcc/arm-none-eabi/6.3.1/../../../../arm-none-eabi/lib/thumb/v7e-m\libc.a(lib_a-findfp.o)
                0x00004774                __sfp_lock_release
 .text.__libc_fini_array
                0x00004780       0x34 c:/program files (x86)/atmel/studio/7.0/toolchain/arm/arm-gnu-toolchain/bin/../lib/gcc/arm-none-eabi/6.3.1/../../../../arm-none-eabi/lib/thumb/v7e-m\libc.a(lib_a-fini.o)
                0x00004780                __libc_fini_array
 .text.__fputwc
                0x000047b4       0xa0 c:/program files (x86)/atmel/studio/7.0/toolchain/arm/arm-gnu-toolchain/bin/../lib/gcc/arm-none-eabi/6.3.1/../../../../arm-none-eabi/lib/thumb/v7e-m\libc.a(lib_a-fputwc.o)
                0x000047b4                __fputwc
 .text._fputwc_r
                0x00004854       0x68 c:/program files (x86)/atmel/studio/7.0/toolchain/arm/arm-gnu-toolchain/bin/../lib/gcc/arm-none-eabi/6.3.1/../../../../arm-none-eabi/lib/thumb/v7e-m\libc.a(lib_a-fputwc.o)
                0x00004854                _fputwc_r
 .text._malloc_trim_r
                0x000048bc       0xa0 c:/program files (x86)/atmel/studio/7.0/toolchain/arm/arm-gnu-toolchain/bin/../lib/gcc/arm-none-eabi/6.3.1/../../../../arm-none-eabi/lib/thumb/v7e-m\libc.a(lib_a-freer.o)
                0x000048bc                _malloc_trim_r
 .text._free_r  0x0000495c      0x1cc c:/program files (x86)/atmel/studio/7.0/toolchain/arm/arm-gnu-toolchain/bin/../lib/gcc/arm-none-eabi/6.3.1/../../../../arm-none-eabi/lib/thumb/v7e-m\libc.a(lib_a-freer.o)
                0x0000495c                _free_r
 .text.__sfvwrite_r
                0x00004b28      0x2f0 c:/program files (x86)/atmel/studio/7.0/toolchain/arm/arm-gnu-toolchain/bin/../lib/gcc/arm-none-eabi/6.3.1/../../../../arm-none-eabi/lib/thumb/v7e-m\libc.a(lib_a-fvwrite.o)
                0x00004b28                __sfvwrite_r
 .text._fwalk_reent
                0x00004e18       0x54 c:/program files (x86)/atmel/studio/7.0/toolchain/arm/arm-gnu-toolchain/bin/../lib/gcc/arm-none-eabi/6.3.1/../../../../arm-none-eabi/lib/thumb/v7e-m\libc.a(lib_a-fwalk.o)
                0x00004e18                _fwalk_reent
 .text.__locale_mb_cur_max
                0x00004e6c       0x1c c:/program files (x86)/atmel/studio/7.0/toolchain/arm/arm-gnu-toolchain/bin/../lib/gcc/arm-none-eabi/6.3.1/../../../../arm-none-eabi/lib/thumb/v7e-m\libc.a(lib_a-locale.o)
                0x00004e6c                __locale_mb_cur_max
 .text.__retarget_lock_init_recursive
                0x00004e88        0x4 c:/program files (x86)/atmel/studio/7.0/toolchain/arm/arm-gnu-toolchain/bin/../lib/gcc/arm-none-eabi/6.3.1/../../../../arm-none-eabi/lib/thumb/v7e-m\libc.a(lib_a-lock.o)
                0x00004e88                __retarget_lock_init_recursive
 .text.__retarget_lock_close_recursive
                0x00004e8c        0x4 c:/program files (x86)/atmel/studio/7.0/toolchain/arm/arm-gnu-toolchain/bin/../lib/gcc/arm-none-eabi/6.3.1/../../../../arm-none-eabi/lib/thumb/v7e-m\libc.a(lib_a-lock.o)
                0x00004e8c                __retarget_lock_close_recursive
 .text.__retarget_lock_acquire_recursive
                0x00004e90        0x4 c:/program files (x86)/atmel/studio/7.0/toolchain/arm/arm-gnu-toolchain/bin/../lib/gcc/arm-none-eabi/6.3.1/../../../../arm-none-eabi/lib/thumb/v7e-m\libc.a(lib_a-lock.o)
                0x00004e90                __retarget_lock_acquire_recursive
 .text.__retarget_lock_release_recursive
                0x00004e94        0x4 c:/program files (x86)/atmel/studio/7.0/toolchain/arm/arm-gnu-toolchain/bin/../lib/gcc/arm-none-eabi/6.3.1/../../../../arm-none-eabi/lib/thumb/v7e-m\libc.a(lib_a-lock.o)
                0x00004e94                __retarget_lock_release_recursive
 .text.__swhatbuf_r
                0x00004e98       0x5c c:/program files (x86)/atmel/studio/7.0/toolchain/arm/arm-gnu-toolchain/bin/../lib/gcc/arm-none-eabi/6.3.1/../../../../arm-none-eabi/lib/thumb/v7e-m\libc.a(lib_a-makebuf.o)
                0x00004e98                __swhatbuf_r
 .text.__smakebuf_r
                0x00004ef4       0x94 c:/program files (x86)/atmel/studio/7.0/toolchain/arm/arm-gnu-toolchain/bin/../lib/gcc/arm-none-eabi/6.3.1/../../../../arm-none-eabi/lib/thumb/v7e-m\libc.a(lib_a-makebuf.o)
                0x00004ef4                __smakebuf_r
 .text._malloc_r
                0x00004f88      0x560 c:/program files (x86)/atmel/studio/7.0/toolchain/arm/arm-gnu-toolchain/bin/../lib/gcc/arm-none-eabi/6.3.1/../../../../arm-none-eabi/lib/thumb/v7e-m\libc.a(lib_a-mallocr.o)
                0x00004f88                _malloc_r
 .text.__ascii_mbtowc
                0x000054e8       0x2c c:/program files (x86)/atmel/studio/7.0/toolchain/arm/arm-gnu-toolchain/bin/../lib/gcc/arm-none-eabi/6.3.1/../../../../arm-none-eabi/lib/thumb/v7e-m\libc.a(lib_a-mbtowc_r.o)
                0x000054e8                __ascii_mbtowc
 *fill*         0x00005514        0xc 
 .text          0x00005520       0xa0 c:/program files (x86)/atmel/studio/7.0/toolchain/arm/arm-gnu-toolchain/bin/../lib/gcc/arm-none-eabi/6.3.1/../../../../arm-none-eabi/lib/thumb/v7e-m\libc.a(lib_a-memchr.o)
                0x00005520                memchr
 .text.memmove  0x000055c0       0xc8 c:/program files (x86)/atmel/studio/7.0/toolchain/arm/arm-gnu-toolchain/bin/../lib/gcc/arm-none-eabi/6.3.1/../../../../arm-none-eabi/lib/thumb/v7e-m\libc.a(lib_a-memmove.o)
                0x000055c0                memmove
 .text.__malloc_lock
                0x00005688        0xc c:/program files (x86)/atmel/studio/7.0/toolchain/arm/arm-gnu-toolchain/bin/../lib/gcc/arm-none-eabi/6.3.1/../../../../arm-none-eabi/lib/thumb/v7e-m\libc.a(lib_a-mlock.o)
                0x00005688                __malloc_lock
 .text.__malloc_unlock
                0x00005694        0xc c:/program files (x86)/atmel/studio/7.0/toolchain/arm/arm-gnu-toolchain/bin/../lib/gcc/arm-none-eabi/6.3.1/../../../../arm-none-eabi/lib/thumb/v7e-m\libc.a(lib_a-mlock.o)
                0x00005694                __malloc_unlock
 .text._realloc_r
                0x000056a0      0x34c c:/program files (x86)/atmel/studio/7.0/toolchain/arm/arm-gnu-toolchain/bin/../lib/gcc/arm-none-eabi/6.3.1/../../../../arm-none-eabi/lib/thumb/v7e-m\libc.a(lib_a-reallocr.o)
                0x000056a0                _realloc_r
 .text._sbrk_r  0x000059ec       0x24 c:/program files (x86)/atmel/studio/7.0/toolchain/arm/arm-gnu-toolchain/bin/../lib/gcc/arm-none-eabi/6.3.1/../../../../arm-none-eabi/lib/thumb/v7e-m\libc.a(lib_a-sbrkr.o)
                0x000059ec                _sbrk_r
 .text.__sread  0x00005a10       0x24 c:/program files (x86)/atmel/studio/7.0/toolchain/arm/arm-gnu-toolchain/bin/../lib/gcc/arm-none-eabi/6.3.1/../../../../arm-none-eabi/lib/thumb/v7e-m\libc.a(lib_a-stdio.o)
                0x00005a10                __sread
 .text.__swrite
                0x00005a34       0x3c c:/program files (x86)/atmel/studio/7.0/toolchain/arm/arm-gnu-toolchain/bin/../lib/gcc/arm-none-eabi/6.3.1/../../../../arm-none-eabi/lib/thumb/v7e-m\libc.a(lib_a-stdio.o)
                0x00005a34                __swrite
 .text.__sseek  0x00005a70       0x20 c:/program files (x86)/atmel/studio/7.0/toolchain/arm/arm-gnu-toolchain/bin/../lib/gcc/arm-none-eabi/6.3.1/../../../../arm-none-eabi/lib/thumb/v7e-m\libc.a(lib_a-stdio.o)
                0x00005a70                __sseek
 .text.__sclose
                0x00005a90        0x8 c:/program files (x86)/atmel/studio/7.0/toolchain/arm/arm-gnu-toolchain/bin/../lib/gcc/arm-none-eabi/6.3.1/../../../../arm-none-eabi/lib/thumb/v7e-m\libc.a(lib_a-stdio.o)
                0x00005a90                __sclose
 *fill*         0x00005a98       0x28 
 .text          0x00005ac0       0xdc c:/program files (x86)/atmel/studio/7.0/toolchain/arm/arm-gnu-toolchain/bin/../lib/gcc/arm-none-eabi/6.3.1/../../../../arm-none-eabi/lib/thumb/v7e-m\libc.a(lib_a-strlen.o)
                0x00005ac0                strlen
 .text.__swbuf_r
                0x00005b9c       0xb0 c:/program files (x86)/atmel/studio/7.0/toolchain/arm/arm-gnu-toolchain/bin/../lib/gcc/arm-none-eabi/6.3.1/../../../../arm-none-eabi/lib/thumb/v7e-m\libc.a(lib_a-wbuf.o)
                0x00005b9c                __swbuf_r
 .text._wcrtomb_r
                0x00005c4c       0x54 c:/program files (x86)/atmel/studio/7.0/toolchain/arm/arm-gnu-toolchain/bin/../lib/gcc/arm-none-eabi/6.3.1/../../../../arm-none-eabi/lib/thumb/v7e-m\libc.a(lib_a-wcrtomb.o)
                0x00005c4c                _wcrtomb_r
 .text.__ascii_wctomb
                0x00005ca0       0x1c c:/program files (x86)/atmel/studio/7.0/toolchain/arm/arm-gnu-toolchain/bin/../lib/gcc/arm-none-eabi/6.3.1/../../../../arm-none-eabi/lib/thumb/v7e-m\libc.a(lib_a-wctomb_r.o)
                0x00005ca0                __ascii_wctomb
 .text._write_r
                0x00005cbc       0x2c c:/program files (x86)/atmel/studio/7.0/toolchain/arm/arm-gnu-toolchain/bin/../lib/gcc/arm-none-eabi/6.3.1/../../../../arm-none-eabi/lib/thumb/v7e-m\libc.a(lib_a-writer.o)
                0x00005cbc                _write_r
 .text.__register_exitproc
                0x00005ce8       0xc4 c:/program files (x86)/atmel/studio/7.0/toolchain/arm/arm-gnu-toolchain/bin/../lib/gcc/arm-none-eabi/6.3.1/../../../../arm-none-eabi/lib/thumb/v7e-m\libc.a(lib_a-__atexit.o)
                0x00005ce8                __register_exitproc
 .text._close_r
                0x00005dac       0x24 c:/program files (x86)/atmel/studio/7.0/toolchain/arm/arm-gnu-toolchain/bin/../lib/gcc/arm-none-eabi/6.3.1/../../../../arm-none-eabi/lib/thumb/v7e-m\libc.a(lib_a-closer.o)
                0x00005dac                _close_r
 .text._fclose_r
                0x00005dd0       0xc4 c:/program files (x86)/atmel/studio/7.0/toolchain/arm/arm-gnu-toolchain/bin/../lib/gcc/arm-none-eabi/6.3.1/../../../../arm-none-eabi/lib/thumb/v7e-m\libc.a(lib_a-fclose.o)
                0x00005dd0                _fclose_r
 .text._fstat_r
                0x00005e94       0x28 c:/program files (x86)/atmel/studio/7.0/toolchain/arm/arm-gnu-toolchain/bin/../lib/gcc/arm-none-eabi/6.3.1/../../../../arm-none-eabi/lib/thumb/v7e-m\libc.a(lib_a-fstatr.o)
                0x00005e94                _fstat_r
 .text._isatty_r
                0x00005ebc       0x24 c:/program files (x86)/atmel/studio/7.0/toolchain/arm/arm-gnu-toolchain/bin/../lib/gcc/arm-none-eabi/6.3.1/../../../../arm-none-eabi/lib/thumb/v7e-m\libc.a(lib_a-isattyr.o)
                0x00005ebc                _isatty_r
 .text._lseek_r
                0x00005ee0       0x2c c:/program files (x86)/atmel/studio/7.0/toolchain/arm/arm-gnu-toolchain/bin/../lib/gcc/arm-none-eabi/6.3.1/../../../../arm-none-eabi/lib/thumb/v7e-m\libc.a(lib_a-lseekr.o)
                0x00005ee0                _lseek_r
 .text._read_r  0x00005f0c       0x2c c:/program files (x86)/atmel/studio/7.0/toolchain/arm/arm-gnu-toolchain/bin/../lib/gcc/arm-none-eabi/6.3.1/../../../../arm-none-eabi/lib/thumb/v7e-m\libc.a(lib_a-readr.o)
                0x00005f0c                _read_r
 .text          0x00005f38       0x30 c:/program files (x86)/atmel/studio/7.0/toolchain/arm/arm-gnu-toolchain/bin/../lib/gcc/arm-none-eabi/6.3.1/thumb/v7e-m\libgcc.a(_aeabi_uldivmod.o)
                0x00005f38                __aeabi_uldivmod
 .text          0x00005f68      0x2dc c:/program files (x86)/atmel/studio/7.0/toolchain/arm/arm-gnu-toolchain/bin/../lib/gcc/arm-none-eabi/6.3.1/thumb/v7e-m\libgcc.a(_udivmoddi4.o)
                0x00005f68                __udivmoddi4
 .text          0x00006244        0x4 c:/program files (x86)/atmel/studio/7.0/toolchain/arm/arm-gnu-toolchain/bin/../lib/gcc/arm-none-eabi/6.3.1/thumb/v7e-m\libgcc.a(_dvmd_tls.o)
                0x00006244                __aeabi_idiv0
                0x00006244                __aeabi_ldiv0
 .text._read    0x00006248       0x10 c:/program files (x86)/atmel/studio/7.0/toolchain/arm/arm-gnu-toolchain/bin/../lib/gcc/arm-none-eabi/6.3.1/../../../../arm-none-eabi/lib/thumb/v7e-m\libnosys.a(read.o)
                0x00006248                _read
 .text._write   0x00006258       0x10 c:/program files (x86)/atmel/studio/7.0/toolchain/arm/arm-gnu-toolchain/bin/../lib/gcc/arm-none-eabi/6.3.1/../../../../arm-none-eabi/lib/thumb/v7e-m\libnosys.a(write.o)
                0x00006258                _write
 *(.glue_7t)
 .glue_7t       0x00006268        0x0 linker stubs
 *(.glue_7)
 .glue_7        0x00006268        0x0 linker stubs
 *(.rodata .rodata* .gnu.linkonce.r.*)
 .rodata.init_dial.str1.4
                0x00006268       0x1c src/main.o
 .rodata._global_impure_ptr
                0x00006284        0x4 c:/program files (x86)/atmel/studio/7.0/toolchain/arm/arm-gnu-toolchain/bin/../lib/gcc/arm-none-eabi/6.3.1/../../../../arm-none-eabi/lib/thumb/v7e-m\libc.a(lib_a-impure.o)
                0x00006284                _global_impure_ptr
 .rodata._vfiprintf_r.str1.4
                0x00006288       0x2f c:/program files (x86)/atmel/studio/7.0/toolchain/arm/arm-gnu-toolchain/bin/../lib/gcc/arm-none-eabi/6.3.1/../../../../arm-none-eabi/lib/thumb/v7e-m\libc.a(lib_a-vfiprintf.o)
 *fill*         0x000062b7        0x1 
 .rodata.blanks.7217
                0x000062b8       0x10 c:/program files (x86)/atmel/studio/7.0/toolchain/arm/arm-gnu-toolchain/bin/../lib/gcc/arm-none-eabi/6.3.1/../../../../arm-none-eabi/lib/thumb/v7e-m\libc.a(lib_a-vfiprintf.o)
 .rodata.zeroes.7218
                0x000062c8       0x10 c:/program files (x86)/atmel/studio/7.0/toolchain/arm/arm-gnu-toolchain/bin/../lib/gcc/arm-none-eabi/6.3.1/../../../../arm-none-eabi/lib/thumb/v7e-m\libc.a(lib_a-vfiprintf.o)
 .rodata._setlocale_r.str1.4
                0x000062d8        0xa c:/program files (x86)/atmel/studio/7.0/toolchain/arm/arm-gnu-toolchain/bin/../lib/gcc/arm-none-eabi/6.3.1/../../../../arm-none-eabi/lib/thumb/v7e-m\libc.a(lib_a-locale.o)
                                  0xd (size before relaxing)
 *fill*         0x000062e2        0x2 
 .rodata.str1.4
                0x000062e4        0x4 c:/program files (x86)/atmel/studio/7.0/toolchain/arm/arm-gnu-toolchain/bin/../lib/gcc/arm-none-eabi/6.3.1/../../../../arm-none-eabi/lib/thumb/v7e-m\libc.a(lib_a-locale.o)
                                  0x2 (size before relaxing)
 .rodata._ctype_
                0x000062e8      0x101 c:/program files (x86)/atmel/studio/7.0/toolchain/arm/arm-gnu-toolchain/bin/../lib/gcc/arm-none-eabi/6.3.1/../../../../arm-none-eabi/lib/thumb/v7e-m\libc.a(lib_a-ctype_.o)
                0x000062e8                _ctype_
 *(.ARM.extab* .gnu.linkonce.armextab.*)
                0x000063ec                . = ALIGN (0x4)
 *fill*         0x000063e9        0x3 
 *(.init)
 .init          0x000063ec        0x4 c:/program files (x86)/atmel/studio/7.0/toolchain/arm/arm-gnu-toolchain/bin/../lib/gcc/arm-none-eabi/6.3.1/thumb/v7e-m/crti.o
                0x000063ec                _init
 .init          0x000063f0        0x8 c:/program files (x86)/atmel/studio/7.0/toolchain/arm/arm-gnu-toolchain/bin/../lib/gcc/arm-none-eabi/6.3.1/thumb/v7e-m/crtn.o
                0x000063f8                . = ALIGN (0x4)
                0x000063f8                __preinit_array_start = .
 *(.preinit_array)
                0x000063f8                __preinit_array_end = .
                0x000063f8                . = ALIGN (0x4)
                0x000063f8                __init_array_start = .
 *(SORT(.init_array.*))
 .init_array.00000
                0x000063f8        0x4 c:/program files (x86)/atmel/studio/7.0/toolchain/arm/arm-gnu-toolchain/bin/../lib/gcc/arm-none-eabi/6.3.1/../../../../arm-none-eabi/lib/thumb/v7e-m\libc.a(lib_a-__call_atexit.o)
 *(.init_array)
 .init_array    0x000063fc        0x4 c:/program files (x86)/atmel/studio/7.0/toolchain/arm/arm-gnu-toolchain/bin/../lib/gcc/arm-none-eabi/6.3.1/thumb/v7e-m/crtbegin.o
                0x00006400                __init_array_end = .
                0x00006400                . = ALIGN (0x4)
 *crtbegin.o(.ctors)
 *(EXCLUDE_FILE(*crtend.o) .ctors)
 *(SORT(.ctors.*))
 *crtend.o(.ctors)
                0x00006400                . = ALIGN (0x4)
 *(.fini)
 .fini          0x00006400        0x4 c:/program files (x86)/atmel/studio/7.0/toolchain/arm/arm-gnu-toolchain/bin/../lib/gcc/arm-none-eabi/6.3.1/thumb/v7e-m/crti.o
                0x00006400                _fini
 .fini          0x00006404        0x8 c:/program files (x86)/atmel/studio/7.0/toolchain/arm/arm-gnu-toolchain/bin/../lib/gcc/arm-none-eabi/6.3.1/thumb/v7e-m/crtn.o
                0x0000640c                . = ALIGN (0x4)
                0x0000640c                __fini_array_start = .
 *(.fini_array)
 .fini_array    0x0000640c        0x4 c:/program files (x86)/atmel/studio/7.0/toolchain/arm/arm-gnu-toolchain/bin/../lib/gcc/arm-none-eabi/6.3.1/thumb/v7e-m/crtbegin.o
 *(SORT(.fini_array.*))
                0x00006410                __fini_array_end = .
 *crtbegin.o(.dtors)
 *(EXCLUDE_FILE(*crtend.o) .dtors)
 *(SORT(.dtors.*))
 *crtend.o(.dtors)
                0x00006410                . = ALIGN (0x4)
                0x00006410                _efixed = .
                [!provide]                PROVIDE (__exidx_start, .)

.vfp11_veneer   0x00006410        0x0
 .vfp11_veneer  0x00006410        0x0 linker stubs

.v4_bx          0x00006410        0x0
 .v4_bx         0x00006410        0x0 linker stubs

.iplt           0x00006410        0x0
 .iplt          0x00006410        0x0 c:/program files (x86)/atmel/studio/7.0/toolchain/arm/arm-gnu-toolchain/bin/../lib/gcc/arm-none-eabi/6.3.1/thumb/v7e-m/crtbegin.o

.ARM.exidx      0x00006410        0x8
 *(.ARM.exidx* .gnu.linkonce.armexidx.*)
 .ARM.exidx     0x00006410        0x8 c:/program files (x86)/atmel/studio/7.0/toolchain/arm/arm-gnu-toolchain/bin/../lib/gcc/arm-none-eabi/6.3.1/thumb/v7e-m\libgcc.a(_udivmoddi4.o)
                [!provide]                PROVIDE (__exidx_end, .)

.eh_frame       0x00006418        0x0
 .eh_frame      0x00006418        0x0 c:/program files (x86)/atmel/studio/7.0/toolchain/arm/arm-gnu-toolchain/bin/../lib/gcc/arm-none-eabi/6.3.1/thumb/v7e-m/crtbegin.o

.rel.dyn        0x00006418        0x0
 .rel.iplt      0x00006418        0x0 c:/program files (x86)/atmel/studio/7.0/toolchain/arm/arm-gnu-toolchain/bin/../lib/gcc/arm-none-eabi/6.3.1/thumb/v7e-m/crtbegin.o

.jcr            0x00006418        0x0
 .jcr           0x00006418        0x0 c:/program files (x86)/atmel/studio/7.0/toolchain/arm/arm-gnu-toolchain/bin/../lib/gcc/arm-none-eabi/6.3.1/thumb/v7e-m/crtbegin.o

.igot.plt       0x00006418        0x0
 .igot.plt      0x00006418        0x0 c:/program files (x86)/atmel/studio/7.0/toolchain/arm/arm-gnu-toolchain/bin/../lib/gcc/arm-none-eabi/6.3.1/thumb/v7e-m/crtbegin.o
                0x00006418                . = ALIGN (0x4)
                0x00006418                _etext = .

.relocate       0x20000000      0xab8 load address 0x00006418
                0x20000000                . = ALIGN (0x4)
                0x20000000                _srelocate = .
 *(.ramfunc .ramfunc.*)
 .ramfunc       0x20000000       0x2c src/ASF/sam/drivers/bpm/bpm.o
                0x20000000                bpm_ps_no_halt_exec
 *(.data .data.*)
 .data.udi_api_hid_generic
                0x2000002c       0x14 src/ASF/common/services/usb/class/hid/device/generic/udi_hid_generic.o
                0x2000002c                udi_api_hid_generic
 .data.udi_hid_generic_report_desc
                0x20000040       0x3c src/ASF/common/services/usb/class/hid/device/generic/udi_hid_generic.o
                0x20000040                udi_hid_generic_report_desc
 .data.udc_string_desc
                0x2000007c       0x12 src/ASF/common/services/usb/udc/udc.o
 *fill*         0x2000008e        0x2 
 .data.udc_string_desc_languageid
                0x20000090        0x4 src/ASF/common/services/usb/udc/udc.o
 .data.udc_string_manufacturer_name
                0x20000094        0x7 src/ASF/common/services/usb/udc/udc.o
 *fill*         0x2000009b        0x1 
 .data.udc_string_product_name
                0x2000009c        0x9 src/ASF/common/services/usb/udc/udc.o
 *fill*         0x200000a5        0x3 
 .data.udc_config
                0x200000a8        0xc src/ASF/common/services/usb/class/hid/device/generic/udi_hid_generic_desc.o
                0x200000a8                udc_config
 .data.udc_config_fshs
                0x200000b4        0x8 src/ASF/common/services/usb/class/hid/device/generic/udi_hid_generic_desc.o
                0x200000b4                udc_config_fshs
 .data.udc_desc
                0x200000bc       0x29 src/ASF/common/services/usb/class/hid/device/generic/udi_hid_generic_desc.o
                0x200000bc                udc_desc
 *fill*         0x200000e5        0x3 
 .data.udc_device_desc
                0x200000e8       0x12 src/ASF/common/services/usb/class/hid/device/generic/udi_hid_generic_desc.o
                0x200000e8                udc_device_desc
 *fill*         0x200000fa        0x2 
 .data.udi_apis
                0x200000fc        0x4 src/ASF/common/services/usb/class/hid/device/generic/udi_hid_generic_desc.o
                0x200000fc                udi_apis
 .data.flashcalw_wait_until_ready
                0x20000100        0x4 src/ASF/sam/drivers/flashcalw/flashcalw.o
                0x20000100                flashcalw_wait_until_ready
 .data.g_interrupt_enabled
                0x20000104        0x1 src/ASF/common/utils/interrupt/interrupt_sam_nvic.o
                0x20000104                g_interrupt_enabled
 *fill*         0x20000105        0x3 
 .data._impure_ptr
                0x20000108        0x4 c:/program files (x86)/atmel/studio/7.0/toolchain/arm/arm-gnu-toolchain/bin/../lib/gcc/arm-none-eabi/6.3.1/../../../../arm-none-eabi/lib/thumb/v7e-m\libc.a(lib_a-impure.o)
                0x20000108                _impure_ptr
 *fill*         0x2000010c        0x4 
 .data.impure_data
                0x20000110      0x428 c:/program files (x86)/atmel/studio/7.0/toolchain/arm/arm-gnu-toolchain/bin/../lib/gcc/arm-none-eabi/6.3.1/../../../../arm-none-eabi/lib/thumb/v7e-m\libc.a(lib_a-impure.o)
 .data.__atexit_recursive_mutex
                0x20000538        0x4 c:/program files (x86)/atmel/studio/7.0/toolchain/arm/arm-gnu-toolchain/bin/../lib/gcc/arm-none-eabi/6.3.1/../../../../arm-none-eabi/lib/thumb/v7e-m\libc.a(lib_a-__call_atexit.o)
                0x20000538                __atexit_recursive_mutex
 .data.__global_locale
                0x2000053c      0x16c c:/program files (x86)/atmel/studio/7.0/toolchain/arm/arm-gnu-toolchain/bin/../lib/gcc/arm-none-eabi/6.3.1/../../../../arm-none-eabi/lib/thumb/v7e-m\libc.a(lib_a-locale.o)
                0x2000053c                __global_locale
 .data.__malloc_av_
                0x200006a8      0x408 c:/program files (x86)/atmel/studio/7.0/toolchain/arm/arm-gnu-toolchain/bin/../lib/gcc/arm-none-eabi/6.3.1/../../../../arm-none-eabi/lib/thumb/v7e-m\libc.a(lib_a-mallocr.o)
                0x200006a8                __malloc_av_
 .data.__malloc_sbrk_base
                0x20000ab0        0x4 c:/program files (x86)/atmel/studio/7.0/toolchain/arm/arm-gnu-toolchain/bin/../lib/gcc/arm-none-eabi/6.3.1/../../../../arm-none-eabi/lib/thumb/v7e-m\libc.a(lib_a-mallocr.o)
                0x20000ab0                __malloc_sbrk_base
 .data.__malloc_trim_threshold
                0x20000ab4        0x4 c:/program files (x86)/atmel/studio/7.0/toolchain/arm/arm-gnu-toolchain/bin/../lib/gcc/arm-none-eabi/6.3.1/../../../../arm-none-eabi/lib/thumb/v7e-m\libc.a(lib_a-mallocr.o)
                0x20000ab4                __malloc_trim_threshold
                0x20000ab8                . = ALIGN (0x4)
                0x20000ab8                _erelocate = .

.bss            0x20000ac0      0x390 load address 0x00006ee0
                0x20000ac0                . = ALIGN (0x4)
                0x20000ac0                _sbss = .
                0x20000ac0                _szero = .
 *(.bss .bss.*)
 .bss           0x20000ac0       0x1c c:/program files (x86)/atmel/studio/7.0/toolchain/arm/arm-gnu-toolchain/bin/../lib/gcc/arm-none-eabi/6.3.1/thumb/v7e-m/crtbegin.o
 .bss.udi_hid_generic_b_report_in_free
                0x20000adc        0x1 src/ASF/common/services/usb/class/hid/device/generic/udi_hid_generic.o
 *fill*         0x20000add        0x3 
 .bss.udi_hid_generic_protocol
                0x20000ae0        0x1 src/ASF/common/services/usb/class/hid/device/generic/udi_hid_generic.o
 *fill*         0x20000ae1        0x3 
 .bss.udi_hid_generic_rate
                0x20000ae4        0x1 src/ASF/common/services/usb/class/hid/device/generic/udi_hid_generic.o
 *fill*         0x20000ae5        0x3 
 .bss.udi_hid_generic_report_feature
                0x20000ae8        0x4 src/ASF/common/services/usb/class/hid/device/generic/udi_hid_generic.o
 .bss.udi_hid_generic_report_in
                0x20000aec        0x5 src/ASF/common/services/usb/class/hid/device/generic/udi_hid_generic.o
 *fill*         0x20000af1        0x3 
 .bss.udi_hid_generic_report_out
                0x20000af4       0x40 src/ASF/common/services/usb/class/hid/device/generic/udi_hid_generic.o
 .bss.udc_device_status
                0x20000b34        0x2 src/ASF/common/services/usb/udc/udc.o
 .bss.udc_ep_status.8268
                0x20000b36        0x2 src/ASF/common/services/usb/udc/udc.o
 .bss.udc_iface_setting
                0x20000b38        0x1 src/ASF/common/services/usb/udc/udc.o
 *fill*         0x20000b39        0x3 
 .bss.udc_num_configuration
                0x20000b3c        0x1 src/ASF/common/services/usb/udc/udc.o
 *fill*         0x20000b3d        0x3 
 .bss.udc_ptr_conf
                0x20000b40        0x4 src/ASF/common/services/usb/udc/udc.o
 .bss.udc_ptr_iface
                0x20000b44        0x4 src/ASF/common/services/usb/udc/udc.o
 .bss.b_shortpacket.9351
                0x20000b48        0x1 src/ASF/sam/drivers/usbc/usbc_device.o
 .bss.udd_b_idle
                0x20000b49        0x1 src/ASF/sam/drivers/usbc/usbc_device.o
 .bss.udd_ctrl_payload_nb_trans
                0x20000b4a        0x2 src/ASF/sam/drivers/usbc/usbc_device.o
 .bss.udd_ctrl_prev_payload_nb_trans
                0x20000b4c        0x2 src/ASF/sam/drivers/usbc/usbc_device.o
 .bss.udd_ep_control_state
                0x20000b4e        0x1 src/ASF/sam/drivers/usbc/usbc_device.o
 *fill*         0x20000b4f        0x1 
 .bss.udd_ep_job
                0x20000b50       0x28 src/ASF/sam/drivers/usbc/usbc_device.o
 *fill*         0x20000b78        0x8 
 .bss.udd_g_ep_table
                0x20000b80       0x60 src/ASF/sam/drivers/usbc/usbc_device.o
 .bss.flashcalw_error_status
                0x20000be0        0x4 src/ASF/sam/drivers/flashcalw/flashcalw.o
 .bss.gpio_int_sources
                0x20000be4       0x30 src/ASF/sam/drivers/gpio/gpio.o
 .bss.gpio_nb_sources
                0x20000c14        0x4 src/ASF/sam/drivers/gpio/gpio.o
 .bss.p_twim_next_rx_data
                0x20000c18       0x10 src/ASF/sam/drivers/twim/twim.o
 .bss.p_twim_next_tx_data
                0x20000c28       0x10 src/ASF/sam/drivers/twim/twim.o
 .bss.p_twim_rx_data
                0x20000c38       0x10 src/ASF/sam/drivers/twim/twim.o
 .bss.p_twim_tx_data
                0x20000c48       0x10 src/ASF/sam/drivers/twim/twim.o
 .bss.transfer_status
                0x20000c58        0x4 src/ASF/sam/drivers/twim/twim.o
 .bss.twim_it_mask
                0x20000c5c       0x10 src/ASF/sam/drivers/twim/twim.o
 .bss.twim_next_cmd_xfer_valid
                0x20000c6c        0x4 src/ASF/sam/drivers/twim/twim.o
 .bss.twim_next_rx_nb_bytes
                0x20000c70       0x10 src/ASF/sam/drivers/twim/twim.o
 .bss.twim_next_tx_nb_bytes
                0x20000c80       0x10 src/ASF/sam/drivers/twim/twim.o
 .bss.twim_rx_nb_bytes
                0x20000c90       0x10 src/ASF/sam/drivers/twim/twim.o
 .bss.twim_tx_nb_bytes
                0x20000ca0       0x10 src/ASF/sam/drivers/twim/twim.o
 .bss.heap.5297
                0x20000cb0        0x4 src/ASF/sam/utils/syscalls/gcc/syscalls.o
 .bss.debug_state
                0x20000cb4        0x1 src/main.o
                0x20000cb4                debug_state
 .bss.prev_A    0x20000cb5        0x1 src/main.o
                0x20000cb5                prev_A
 .bss.prev_B    0x20000cb6        0x1 src/main.o
                0x20000cb6                prev_B
 *fill*         0x20000cb7        0x1 
 .bss.smooth_cnt
                0x20000cb8        0x2 src/main.o
                0x20000cb8                smooth_cnt
 *fill*         0x20000cba        0x2 
 .bss.__malloc_current_mallinfo
                0x20000cbc       0x28 c:/program files (x86)/atmel/studio/7.0/toolchain/arm/arm-gnu-toolchain/bin/../lib/gcc/arm-none-eabi/6.3.1/../../../../arm-none-eabi/lib/thumb/v7e-m\libc.a(lib_a-mallocr.o)
                0x20000cbc                __malloc_current_mallinfo
 .bss.__malloc_max_sbrked_mem
                0x20000ce4        0x4 c:/program files (x86)/atmel/studio/7.0/toolchain/arm/arm-gnu-toolchain/bin/../lib/gcc/arm-none-eabi/6.3.1/../../../../arm-none-eabi/lib/thumb/v7e-m\libc.a(lib_a-mallocr.o)
                0x20000ce4                __malloc_max_sbrked_mem
 .bss.__malloc_max_total_mem
                0x20000ce8        0x4 c:/program files (x86)/atmel/studio/7.0/toolchain/arm/arm-gnu-toolchain/bin/../lib/gcc/arm-none-eabi/6.3.1/../../../../arm-none-eabi/lib/thumb/v7e-m\libc.a(lib_a-mallocr.o)
                0x20000ce8                __malloc_max_total_mem
 .bss.__malloc_top_pad
                0x20000cec        0x4 c:/program files (x86)/atmel/studio/7.0/toolchain/arm/arm-gnu-toolchain/bin/../lib/gcc/arm-none-eabi/6.3.1/../../../../arm-none-eabi/lib/thumb/v7e-m\libc.a(lib_a-mallocr.o)
                0x20000cec                __malloc_top_pad
 *(COMMON)
 COMMON         0x20000cf0        0x8 src/ASF/common/services/sleepmgr/sam4l/sleepmgr.o
                0x20000cf0                sleepmgr_locks
 COMMON         0x20000cf8        0x5 src/ASF/common/services/usb/class/hid/device/generic/udi_hid_generic.o
                0x20000cf8                _vfo_report
 *fill*         0x20000cfd        0x3 
 COMMON         0x20000d00       0x14 src/ASF/sam/drivers/ast/ast.o
                0x20000d00                ast_callback_pointer
 COMMON         0x20000d14       0xa0 src/ASF/sam/drivers/usbc/usbc_device.o
                0x20000d14                udd_ep_out_cache_buffer
                0x20000d94                udd_g_ctrlreq
                0x20000dac                udd_ctrl_buffer
 COMMON         0x20000db4       0x24 src/ASF/sam/drivers/eic/eic.o
                0x20000db4                eic_callback_pointer
 COMMON         0x20000dd8       0x40 src/ASF/sam/drivers/pdca/pdca.o
                0x20000dd8                pdca_callback_pointer
 COMMON         0x20000e18       0x10 src/ASF/sam/drivers/twim/twim.o
                0x20000e18                twim_callback_pointer
 COMMON         0x20000e28       0x21 c:/program files (x86)/atmel/studio/7.0/toolchain/arm/arm-gnu-toolchain/bin/../lib/gcc/arm-none-eabi/6.3.1/../../../../arm-none-eabi/lib/thumb/v7e-m\libc.a(lib_a-lock.o)
                0x20000e28                __lock___atexit_recursive_mutex
                0x20000e2c                __lock___arc4random_mutex
                0x20000e30                __lock___env_recursive_mutex
                0x20000e34                __lock___sinit_recursive_mutex
                0x20000e38                __lock___malloc_recursive_mutex
                0x20000e3c                __lock___at_quick_exit_mutex
                0x20000e40                __lock___dd_hash_mutex
                0x20000e44                __lock___tz_mutex
                0x20000e48                __lock___sfp_recursive_mutex
 *fill*         0x20000e49        0x3 
 COMMON         0x20000e4c        0x4 c:/program files (x86)/atmel/studio/7.0/toolchain/arm/arm-gnu-toolchain/bin/../lib/gcc/arm-none-eabi/6.3.1/../../../../arm-none-eabi/lib/thumb/v7e-m\libc.a(lib_a-reent.o)
                0x20000e4c                errno
                0x20000e50                . = ALIGN (0x4)
                0x20000e50                _ebss = .
                0x20000e50                _ezero = .

.stack          0x20000e50     0x1000 load address 0x00007270
                0x20000e50                . = ALIGN (0x8)
                0x20000e50                _sstack = .
                0x20001e50                . = (. + __stack_size__)
 *fill*         0x20000e50     0x1000 
                0x20001e50                . = ALIGN (0x8)
                0x20001e50                _estack = .
                0x20001e50                . = ALIGN (0x4)
                0x20001e50                _end = .
OUTPUT(VFODial_sam4.elf elf32-littlearm)

.ARM.attributes
                0x00000000       0x2a
 .ARM.attributes
                0x00000000       0x1e c:/program files (x86)/atmel/studio/7.0/toolchain/arm/arm-gnu-toolchain/bin/../lib/gcc/arm-none-eabi/6.3.1/thumb/v7e-m/crti.o
 .ARM.attributes
                0x0000001e       0x2e c:/program files (x86)/atmel/studio/7.0/toolchain/arm/arm-gnu-toolchain/bin/../lib/gcc/arm-none-eabi/6.3.1/thumb/v7e-m/crtbegin.o
 .ARM.attributes
                0x0000004c       0x33 src/ASF/common/services/sleepmgr/sam4l/sleepmgr.o
 .ARM.attributes
                0x0000007f       0x33 src/ASF/common/services/usb/class/hid/device/generic/udi_hid_generic.o
 .ARM.attributes
                0x000000b2       0x33 src/ASF/common/services/usb/udc/udc.o
 .ARM.attributes
                0x000000e5       0x33 src/ASF/sam/drivers/ast/ast.o
 .ARM.attributes
                0x00000118       0x33 src/ASF/sam/drivers/usbc/usbc_device.o
 .ARM.attributes
                0x0000014b       0x33 src/ASF/common/services/usb/class/hid/device/generic/udi_hid_generic_desc.o
 .ARM.attributes
                0x0000017e       0x33 src/ASF/common/services/usb/class/hid/device/udi_hid.o
 .ARM.attributes
                0x000001b1       0x33 src/ASF/common/services/clock/sam4l/osc.o
 .ARM.attributes
                0x000001e4       0x33 src/ASF/common/services/clock/sam4l/pll.o
 .ARM.attributes
                0x00000217       0x33 src/ASF/common/services/clock/sam4l/sysclk.o
 .ARM.attributes
                0x0000024a       0x33 src/ASF/sam/drivers/bpm/bpm.o
 .ARM.attributes
                0x0000027d       0x33 src/ASF/sam/drivers/eic/eic.o
 .ARM.attributes
                0x000002b0       0x33 src/ASF/sam/drivers/flashcalw/flashcalw.o
 .ARM.attributes
                0x000002e3       0x33 src/ASF/sam/drivers/gpio/gpio.o
 .ARM.attributes
                0x00000316       0x33 src/ASF/sam/drivers/pdca/pdca.o
 .ARM.attributes
                0x00000349       0x33 src/ASF/sam/drivers/twim/twim.o
 .ARM.attributes
                0x0000037c       0x33 src/ASF/common/utils/interrupt/interrupt_sam_nvic.o
 .ARM.attributes
                0x000003af       0x33 src/ASF/sam/utils/cmsis/sam4l/source/templates/exceptions.o
 .ARM.attributes
                0x000003e2       0x33 src/ASF/sam/utils/cmsis/sam4l/source/templates/gcc/startup_sam4l.o
 .ARM.attributes
                0x00000415       0x33 src/ASF/sam/utils/syscalls/gcc/syscalls.o
 .ARM.attributes
                0x00000448       0x33 src/main.o
 .ARM.attributes
                0x0000047b       0x2e c:/program files (x86)/atmel/studio/7.0/toolchain/arm/arm-gnu-toolchain/bin/../lib/gcc/arm-none-eabi/6.3.1/../../../../arm-none-eabi/lib/thumb/v7e-m\libc.a(lib_a-impure.o)
 .ARM.attributes
                0x000004a9       0x2e c:/program files (x86)/atmel/studio/7.0/toolchain/arm/arm-gnu-toolchain/bin/../lib/gcc/arm-none-eabi/6.3.1/../../../../arm-none-eabi/lib/thumb/v7e-m\libc.a(lib_a-init.o)
 .ARM.attributes
                0x000004d7       0x2e c:/program files (x86)/atmel/studio/7.0/toolchain/arm/arm-gnu-toolchain/bin/../lib/gcc/arm-none-eabi/6.3.1/../../../../arm-none-eabi/lib/thumb/v7e-m\libc.a(lib_a-iprintf.o)
 .ARM.attributes
                0x00000505       0x1c c:/program files (x86)/atmel/studio/7.0/toolchain/arm/arm-gnu-toolchain/bin/../lib/gcc/arm-none-eabi/6.3.1/../../../../arm-none-eabi/lib/thumb/v7e-m\libc.a(lib_a-memcpy.o)
 .ARM.attributes
                0x00000521       0x2e c:/program files (x86)/atmel/studio/7.0/toolchain/arm/arm-gnu-toolchain/bin/../lib/gcc/arm-none-eabi/6.3.1/../../../../arm-none-eabi/lib/thumb/v7e-m\libc.a(lib_a-memset.o)
 .ARM.attributes
                0x0000054f       0x2e c:/program files (x86)/atmel/studio/7.0/toolchain/arm/arm-gnu-toolchain/bin/../lib/gcc/arm-none-eabi/6.3.1/../../../../arm-none-eabi/lib/thumb/v7e-m\libc.a(lib_a-vfiprintf.o)
 .ARM.attributes
                0x0000057d       0x2e c:/program files (x86)/atmel/studio/7.0/toolchain/arm/arm-gnu-toolchain/bin/../lib/gcc/arm-none-eabi/6.3.1/../../../../arm-none-eabi/lib/thumb/v7e-m\libc.a(lib_a-wsetup.o)
 .ARM.attributes
                0x000005ab       0x2e c:/program files (x86)/atmel/studio/7.0/toolchain/arm/arm-gnu-toolchain/bin/../lib/gcc/arm-none-eabi/6.3.1/../../../../arm-none-eabi/lib/thumb/v7e-m\libc.a(lib_a-__call_atexit.o)
 .ARM.attributes
                0x000005d9       0x2e c:/program files (x86)/atmel/studio/7.0/toolchain/arm/arm-gnu-toolchain/bin/../lib/gcc/arm-none-eabi/6.3.1/../../../../arm-none-eabi/lib/thumb/v7e-m\libc.a(lib_a-atexit.o)
 .ARM.attributes
                0x00000607       0x2e c:/program files (x86)/atmel/studio/7.0/toolchain/arm/arm-gnu-toolchain/bin/../lib/gcc/arm-none-eabi/6.3.1/../../../../arm-none-eabi/lib/thumb/v7e-m\libc.a(lib_a-fflush.o)
 .ARM.attributes
                0x00000635       0x2e c:/program files (x86)/atmel/studio/7.0/toolchain/arm/arm-gnu-toolchain/bin/../lib/gcc/arm-none-eabi/6.3.1/../../../../arm-none-eabi/lib/thumb/v7e-m\libc.a(lib_a-findfp.o)
 .ARM.attributes
                0x00000663       0x2e c:/program files (x86)/atmel/studio/7.0/toolchain/arm/arm-gnu-toolchain/bin/../lib/gcc/arm-none-eabi/6.3.1/../../../../arm-none-eabi/lib/thumb/v7e-m\libc.a(lib_a-fini.o)
 .ARM.attributes
                0x00000691       0x2e c:/program files (x86)/atmel/studio/7.0/toolchain/arm/arm-gnu-toolchain/bin/../lib/gcc/arm-none-eabi/6.3.1/../../../../arm-none-eabi/lib/thumb/v7e-m\libc.a(lib_a-fputwc.o)
 .ARM.attributes
                0x000006bf       0x2e c:/program files (x86)/atmel/studio/7.0/toolchain/arm/arm-gnu-toolchain/bin/../lib/gcc/arm-none-eabi/6.3.1/../../../../arm-none-eabi/lib/thumb/v7e-m\libc.a(lib_a-freer.o)
 .ARM.attributes
                0x000006ed       0x2e c:/program files (x86)/atmel/studio/7.0/toolchain/arm/arm-gnu-toolchain/bin/../lib/gcc/arm-none-eabi/6.3.1/../../../../arm-none-eabi/lib/thumb/v7e-m\libc.a(lib_a-fvwrite.o)
 .ARM.attributes
                0x0000071b       0x2e c:/program files (x86)/atmel/studio/7.0/toolchain/arm/arm-gnu-toolchain/bin/../lib/gcc/arm-none-eabi/6.3.1/../../../../arm-none-eabi/lib/thumb/v7e-m\libc.a(lib_a-fwalk.o)
 .ARM.attributes
                0x00000749       0x2e c:/program files (x86)/atmel/studio/7.0/toolchain/arm/arm-gnu-toolchain/bin/../lib/gcc/arm-none-eabi/6.3.1/../../../../arm-none-eabi/lib/thumb/v7e-m\libc.a(lib_a-locale.o)
 .ARM.attributes
                0x00000777       0x2e c:/program files (x86)/atmel/studio/7.0/toolchain/arm/arm-gnu-toolchain/bin/../lib/gcc/arm-none-eabi/6.3.1/../../../../arm-none-eabi/lib/thumb/v7e-m\libc.a(lib_a-lock.o)
 .ARM.attributes
                0x000007a5       0x2e c:/program files (x86)/atmel/studio/7.0/toolchain/arm/arm-gnu-toolchain/bin/../lib/gcc/arm-none-eabi/6.3.1/../../../../arm-none-eabi/lib/thumb/v7e-m\libc.a(lib_a-makebuf.o)
 .ARM.attributes
                0x000007d3       0x2e c:/program files (x86)/atmel/studio/7.0/toolchain/arm/arm-gnu-toolchain/bin/../lib/gcc/arm-none-eabi/6.3.1/../../../../arm-none-eabi/lib/thumb/v7e-m\libc.a(lib_a-mallocr.o)
 .ARM.attributes
                0x00000801       0x2e c:/program files (x86)/atmel/studio/7.0/toolchain/arm/arm-gnu-toolchain/bin/../lib/gcc/arm-none-eabi/6.3.1/../../../../arm-none-eabi/lib/thumb/v7e-m\libc.a(lib_a-mbtowc_r.o)
 .ARM.attributes
                0x0000082f       0x1c c:/program files (x86)/atmel/studio/7.0/toolchain/arm/arm-gnu-toolchain/bin/../lib/gcc/arm-none-eabi/6.3.1/../../../../arm-none-eabi/lib/thumb/v7e-m\libc.a(lib_a-memchr.o)
 .ARM.attributes
                0x0000084b       0x2e c:/program files (x86)/atmel/studio/7.0/toolchain/arm/arm-gnu-toolchain/bin/../lib/gcc/arm-none-eabi/6.3.1/../../../../arm-none-eabi/lib/thumb/v7e-m\libc.a(lib_a-memmove.o)
 .ARM.attributes
                0x00000879       0x2e c:/program files (x86)/atmel/studio/7.0/toolchain/arm/arm-gnu-toolchain/bin/../lib/gcc/arm-none-eabi/6.3.1/../../../../arm-none-eabi/lib/thumb/v7e-m\libc.a(lib_a-mlock.o)
 .ARM.attributes
                0x000008a7       0x2e c:/program files (x86)/atmel/studio/7.0/toolchain/arm/arm-gnu-toolchain/bin/../lib/gcc/arm-none-eabi/6.3.1/../../../../arm-none-eabi/lib/thumb/v7e-m\libc.a(lib_a-reallocr.o)
 .ARM.attributes
                0x000008d5       0x2e c:/program files (x86)/atmel/studio/7.0/toolchain/arm/arm-gnu-toolchain/bin/../lib/gcc/arm-none-eabi/6.3.1/../../../../arm-none-eabi/lib/thumb/v7e-m\libc.a(lib_a-sbrkr.o)
 .ARM.attributes
                0x00000903       0x2e c:/program files (x86)/atmel/studio/7.0/toolchain/arm/arm-gnu-toolchain/bin/../lib/gcc/arm-none-eabi/6.3.1/../../../../arm-none-eabi/lib/thumb/v7e-m\libc.a(lib_a-stdio.o)
 .ARM.attributes
                0x00000931       0x1c c:/program files (x86)/atmel/studio/7.0/toolchain/arm/arm-gnu-toolchain/bin/../lib/gcc/arm-none-eabi/6.3.1/../../../../arm-none-eabi/lib/thumb/v7e-m\libc.a(lib_a-strlen.o)
 .ARM.attributes
                0x0000094d       0x2e c:/program files (x86)/atmel/studio/7.0/toolchain/arm/arm-gnu-toolchain/bin/../lib/gcc/arm-none-eabi/6.3.1/../../../../arm-none-eabi/lib/thumb/v7e-m\libc.a(lib_a-wbuf.o)
 .ARM.attributes
                0x0000097b       0x2e c:/program files (x86)/atmel/studio/7.0/toolchain/arm/arm-gnu-toolchain/bin/../lib/gcc/arm-none-eabi/6.3.1/../../../../arm-none-eabi/lib/thumb/v7e-m\libc.a(lib_a-wcrtomb.o)
 .ARM.attributes
                0x000009a9       0x2e c:/program files (x86)/atmel/studio/7.0/toolchain/arm/arm-gnu-toolchain/bin/../lib/gcc/arm-none-eabi/6.3.1/../../../../arm-none-eabi/lib/thumb/v7e-m\libc.a(lib_a-wctomb_r.o)
 .ARM.attributes
                0x000009d7       0x2e c:/program files (x86)/atmel/studio/7.0/toolchain/arm/arm-gnu-toolchain/bin/../lib/gcc/arm-none-eabi/6.3.1/../../../../arm-none-eabi/lib/thumb/v7e-m\libc.a(lib_a-writer.o)
 .ARM.attributes
                0x00000a05       0x2e c:/program files (x86)/atmel/studio/7.0/toolchain/arm/arm-gnu-toolchain/bin/../lib/gcc/arm-none-eabi/6.3.1/../../../../arm-none-eabi/lib/thumb/v7e-m\libc.a(lib_a-__atexit.o)
 .ARM.attributes
                0x00000a33       0x2e c:/program files (x86)/atmel/studio/7.0/toolchain/arm/arm-gnu-toolchain/bin/../lib/gcc/arm-none-eabi/6.3.1/../../../../arm-none-eabi/lib/thumb/v7e-m\libc.a(lib_a-closer.o)
 .ARM.attributes
                0x00000a61       0x2e c:/program files (x86)/atmel/studio/7.0/toolchain/arm/arm-gnu-toolchain/bin/../lib/gcc/arm-none-eabi/6.3.1/../../../../arm-none-eabi/lib/thumb/v7e-m\libc.a(lib_a-ctype_.o)
 .ARM.attributes
                0x00000a8f       0x2e c:/program files (x86)/atmel/studio/7.0/toolchain/arm/arm-gnu-toolchain/bin/../lib/gcc/arm-none-eabi/6.3.1/../../../../arm-none-eabi/lib/thumb/v7e-m\libc.a(lib_a-fclose.o)
 .ARM.attributes
                0x00000abd       0x2e c:/program files (x86)/atmel/studio/7.0/toolchain/arm/arm-gnu-toolchain/bin/../lib/gcc/arm-none-eabi/6.3.1/../../../../arm-none-eabi/lib/thumb/v7e-m\libc.a(lib_a-fstatr.o)
 .ARM.attributes
                0x00000aeb       0x2e c:/program files (x86)/atmel/studio/7.0/toolchain/arm/arm-gnu-toolchain/bin/../lib/gcc/arm-none-eabi/6.3.1/../../../../arm-none-eabi/lib/thumb/v7e-m\libc.a(lib_a-isattyr.o)
 .ARM.attributes
                0x00000b19       0x2e c:/program files (x86)/atmel/studio/7.0/toolchain/arm/arm-gnu-toolchain/bin/../lib/gcc/arm-none-eabi/6.3.1/../../../../arm-none-eabi/lib/thumb/v7e-m\libc.a(lib_a-lseekr.o)
 .ARM.attributes
                0x00000b47       0x2e c:/program files (x86)/atmel/studio/7.0/toolchain/arm/arm-gnu-toolchain/bin/../lib/gcc/arm-none-eabi/6.3.1/../../../../arm-none-eabi/lib/thumb/v7e-m\libc.a(lib_a-readr.o)
 .ARM.attributes
                0x00000b75       0x2e c:/program files (x86)/atmel/studio/7.0/toolchain/arm/arm-gnu-toolchain/bin/../lib/gcc/arm-none-eabi/6.3.1/../../../../arm-none-eabi/lib/thumb/v7e-m\libc.a(lib_a-reent.o)
 .ARM.attributes
                0x00000ba3       0x1e c:/program files (x86)/atmel/studio/7.0/toolchain/arm/arm-gnu-toolchain/bin/../lib/gcc/arm-none-eabi/6.3.1/thumb/v7e-m\libgcc.a(_aeabi_uldivmod.o)
 .ARM.attributes
                0x00000bc1       0x2e c:/program files (x86)/atmel/studio/7.0/toolchain/arm/arm-gnu-toolchain/bin/../lib/gcc/arm-none-eabi/6.3.1/thumb/v7e-m\libgcc.a(_udivmoddi4.o)
 .ARM.attributes
                0x00000bef       0x1e c:/program files (x86)/atmel/studio/7.0/toolchain/arm/arm-gnu-toolchain/bin/../lib/gcc/arm-none-eabi/6.3.1/thumb/v7e-m\libgcc.a(_dvmd_tls.o)
 .ARM.attributes
                0x00000c0d       0x2e c:/program files (x86)/atmel/studio/7.0/toolchain/arm/arm-gnu-toolchain/bin/../lib/gcc/arm-none-eabi/6.3.1/../../../../arm-none-eabi/lib/thumb/v7e-m\libnosys.a(read.o)
 .ARM.attributes
                0x00000c3b       0x2e c:/program files (x86)/atmel/studio/7.0/toolchain/arm/arm-gnu-toolchain/bin/../lib/gcc/arm-none-eabi/6.3.1/../../../../arm-none-eabi/lib/thumb/v7e-m\libnosys.a(write.o)
 .ARM.attributes
                0x00000c69       0x1e c:/program files (x86)/atmel/studio/7.0/toolchain/arm/arm-gnu-toolchain/bin/../lib/gcc/arm-none-eabi/6.3.1/thumb/v7e-m/crtn.o

.comment        0x00000000       0x59
 .comment       0x00000000       0x59 src/ASF/common/services/sleepmgr/sam4l/sleepmgr.o
                                 0x5a (size before relaxing)
 .comment       0x00000059       0x5a src/ASF/common/services/usb/class/hid/device/generic/udi_hid_generic.o
 .comment       0x00000059       0x5a src/ASF/common/services/usb/udc/udc.o
 .comment       0x00000059       0x5a src/ASF/sam/drivers/ast/ast.o
 .comment       0x00000059       0x5a src/ASF/sam/drivers/usbc/usbc_device.o
 .comment       0x00000059       0x5a src/ASF/common/services/usb/class/hid/device/generic/udi_hid_generic_desc.o
 .comment       0x00000059       0x5a src/ASF/common/services/usb/class/hid/device/udi_hid.o
 .comment       0x00000059       0x5a src/ASF/common/services/clock/sam4l/osc.o
 .comment       0x00000059       0x5a src/ASF/common/services/clock/sam4l/pll.o
 .comment       0x00000059       0x5a src/ASF/common/services/clock/sam4l/sysclk.o
 .comment       0x00000059       0x5a src/ASF/sam/drivers/bpm/bpm.o
 .comment       0x00000059       0x5a src/ASF/sam/drivers/eic/eic.o
 .comment       0x00000059       0x5a src/ASF/sam/drivers/flashcalw/flashcalw.o
 .comment       0x00000059       0x5a src/ASF/sam/drivers/gpio/gpio.o
 .comment       0x00000059       0x5a src/ASF/sam/drivers/pdca/pdca.o
 .comment       0x00000059       0x5a src/ASF/sam/drivers/twim/twim.o
 .comment       0x00000059       0x5a src/ASF/common/utils/interrupt/interrupt_sam_nvic.o
 .comment       0x00000059       0x5a src/ASF/sam/utils/cmsis/sam4l/source/templates/exceptions.o
 .comment       0x00000059       0x5a src/ASF/sam/utils/cmsis/sam4l/source/templates/gcc/startup_sam4l.o
 .comment       0x00000059       0x5a src/ASF/sam/utils/syscalls/gcc/syscalls.o
 .comment       0x00000059       0x5a src/main.o

.debug_info     0x00000000    0x21f5d
 .debug_info    0x00000000      0xa9a src/ASF/common/services/sleepmgr/sam4l/sleepmgr.o
 .debug_info    0x00000a9a     0x1391 src/ASF/common/services/usb/class/hid/device/generic/udi_hid_generic.o
 .debug_info    0x00001e2b     0x1b05 src/ASF/common/services/usb/udc/udc.o
 .debug_info    0x00003930     0x222e src/ASF/sam/drivers/ast/ast.o
 .debug_info    0x00005b5e     0x4176 src/ASF/sam/drivers/usbc/usbc_device.o
 .debug_info    0x00009cd4     0x11a7 src/ASF/common/services/usb/class/hid/device/generic/udi_hid_generic_desc.o
 .debug_info    0x0000ae7b     0x1080 src/ASF/common/services/usb/class/hid/device/udi_hid.o
 .debug_info    0x0000befb     0x18ce src/ASF/common/services/clock/sam4l/osc.o
 .debug_info    0x0000d7c9     0x10c0 src/ASF/common/services/clock/sam4l/pll.o
 .debug_info    0x0000e889     0x33f8 src/ASF/common/services/clock/sam4l/sysclk.o
 .debug_info    0x00011c81     0x1711 src/ASF/sam/drivers/bpm/bpm.o
 .debug_info    0x00013392     0x183c src/ASF/sam/drivers/eic/eic.o
 .debug_info    0x00014bce     0x25fe src/ASF/sam/drivers/flashcalw/flashcalw.o
 .debug_info    0x000171cc     0x1bcd src/ASF/sam/drivers/gpio/gpio.o
 .debug_info    0x00018d99     0x1eeb src/ASF/sam/drivers/pdca/pdca.o
 .debug_info    0x0001ac84     0x23f4 src/ASF/sam/drivers/twim/twim.o
 .debug_info    0x0001d078      0xaff src/ASF/common/utils/interrupt/interrupt_sam_nvic.o
 .debug_info    0x0001db77       0xdc src/ASF/sam/utils/cmsis/sam4l/source/templates/exceptions.o
 .debug_info    0x0001dc53      0x3cb src/ASF/sam/utils/cmsis/sam4l/source/templates/gcc/startup_sam4l.o
 .debug_info    0x0001e01e      0xdb0 src/ASF/sam/utils/syscalls/gcc/syscalls.o
 .debug_info    0x0001edce     0x318f src/main.o

.debug_abbrev   0x00000000     0x453f
 .debug_abbrev  0x00000000      0x1b2 src/ASF/common/services/sleepmgr/sam4l/sleepmgr.o
 .debug_abbrev  0x000001b2      0x3f0 src/ASF/common/services/usb/class/hid/device/generic/udi_hid_generic.o
 .debug_abbrev  0x000005a2      0x435 src/ASF/common/services/usb/udc/udc.o
 .debug_abbrev  0x000009d7      0x534 src/ASF/sam/drivers/ast/ast.o
 .debug_abbrev  0x00000f0b      0x60e src/ASF/sam/drivers/usbc/usbc_device.o
 .debug_abbrev  0x00001519      0x1dc src/ASF/common/services/usb/class/hid/device/generic/udi_hid_generic_desc.o
 .debug_abbrev  0x000016f5      0x274 src/ASF/common/services/usb/class/hid/device/udi_hid.o
 .debug_abbrev  0x00001969      0x296 src/ASF/common/services/clock/sam4l/osc.o
 .debug_abbrev  0x00001bff      0x2a5 src/ASF/common/services/clock/sam4l/pll.o
 .debug_abbrev  0x00001ea4      0x491 src/ASF/common/services/clock/sam4l/sysclk.o
 .debug_abbrev  0x00002335      0x366 src/ASF/sam/drivers/bpm/bpm.o
 .debug_abbrev  0x0000269b      0x38f src/ASF/sam/drivers/eic/eic.o
 .debug_abbrev  0x00002a2a      0x469 src/ASF/sam/drivers/flashcalw/flashcalw.o
 .debug_abbrev  0x00002e93      0x350 src/ASF/sam/drivers/gpio/gpio.o
 .debug_abbrev  0x000031e3      0x420 src/ASF/sam/drivers/pdca/pdca.o
 .debug_abbrev  0x00003603      0x4d6 src/ASF/sam/drivers/twim/twim.o
 .debug_abbrev  0x00003ad9      0x221 src/ASF/common/utils/interrupt/interrupt_sam_nvic.o
 .debug_abbrev  0x00003cfa       0x7d src/ASF/sam/utils/cmsis/sam4l/source/templates/exceptions.o
 .debug_abbrev  0x00003d77      0x11d src/ASF/sam/utils/cmsis/sam4l/source/templates/gcc/startup_sam4l.o
 .debug_abbrev  0x00003e94      0x264 src/ASF/sam/utils/syscalls/gcc/syscalls.o
 .debug_abbrev  0x000040f8      0x447 src/main.o

.debug_aranges  0x00000000      0xb38
 .debug_aranges
                0x00000000       0x18 src/ASF/common/services/sleepmgr/sam4l/sleepmgr.o
 .debug_aranges
                0x00000018       0x68 src/ASF/common/services/usb/class/hid/device/generic/udi_hid_generic.o
 .debug_aranges
                0x00000080       0x70 src/ASF/common/services/usb/udc/udc.o
 .debug_aranges
                0x000000f0       0xd8 src/ASF/sam/drivers/ast/ast.o
 .debug_aranges
                0x000001c8       0xf8 src/ASF/sam/drivers/usbc/usbc_device.o
 .debug_aranges
                0x000002c0       0x18 src/ASF/common/services/usb/class/hid/device/generic/udi_hid_generic_desc.o
 .debug_aranges
                0x000002d8       0x20 src/ASF/common/services/usb/class/hid/device/udi_hid.o
 .debug_aranges
                0x000002f8       0x68 src/ASF/common/services/clock/sam4l/osc.o
 .debug_aranges
                0x00000360       0x30 src/ASF/common/services/clock/sam4l/pll.o
 .debug_aranges
                0x00000390       0x88 src/ASF/common/services/clock/sam4l/sysclk.o
 .debug_aranges
                0x00000418       0xc0 src/ASF/sam/drivers/bpm/bpm.o
 .debug_aranges
                0x000004d8       0x88 src/ASF/sam/drivers/eic/eic.o
 .debug_aranges
                0x00000560      0x250 src/ASF/sam/drivers/flashcalw/flashcalw.o
 .debug_aranges
                0x000007b0       0x88 src/ASF/sam/drivers/gpio/gpio.o
 .debug_aranges
                0x00000838      0x128 src/ASF/sam/drivers/pdca/pdca.o
 .debug_aranges
                0x00000960       0xb0 src/ASF/sam/drivers/twim/twim.o
 .debug_aranges
                0x00000a10       0x28 src/ASF/common/utils/interrupt/interrupt_sam_nvic.o
 .debug_aranges
                0x00000a38       0x20 src/ASF/sam/utils/cmsis/sam4l/source/templates/exceptions.o
 .debug_aranges
                0x00000a58       0x20 src/ASF/sam/utils/cmsis/sam4l/source/templates/gcc/startup_sam4l.o
 .debug_aranges
                0x00000a78       0x60 src/ASF/sam/utils/syscalls/gcc/syscalls.o
 .debug_aranges
                0x00000ad8       0x60 src/main.o

.debug_macro    0x00000000    0x30d1b
 .debug_macro   0x00000000      0x5ef src/ASF/common/services/sleepmgr/sam4l/sleepmgr.o
 .debug_macro   0x000005ef      0x8da src/ASF/common/services/sleepmgr/sam4l/sleepmgr.o
 .debug_macro   0x00000ec9      0x16d src/ASF/common/services/sleepmgr/sam4l/sleepmgr.o
 .debug_macro   0x00001036      0x71d src/ASF/common/services/sleepmgr/sam4l/sleepmgr.o
 .debug_macro   0x00001753       0x76 src/ASF/common/services/sleepmgr/sam4l/sleepmgr.o
 .debug_macro   0x000017c9       0x16 src/ASF/common/services/sleepmgr/sam4l/sleepmgr.o
 .debug_macro   0x000017df      0x6da src/ASF/common/services/sleepmgr/sam4l/sleepmgr.o
 .debug_macro   0x00001eb9       0x22 src/ASF/common/services/sleepmgr/sam4l/sleepmgr.o
 .debug_macro   0x00001edb       0x87 src/ASF/common/services/sleepmgr/sam4l/sleepmgr.o
 .debug_macro   0x00001f62       0x51 src/ASF/common/services/sleepmgr/sam4l/sleepmgr.o
 .debug_macro   0x00001fb3       0xef src/ASF/common/services/sleepmgr/sam4l/sleepmgr.o
 .debug_macro   0x000020a2       0x6a src/ASF/common/services/sleepmgr/sam4l/sleepmgr.o
 .debug_macro   0x0000210c      0x1df src/ASF/common/services/sleepmgr/sam4l/sleepmgr.o
 .debug_macro   0x000022eb       0x64 src/ASF/common/services/sleepmgr/sam4l/sleepmgr.o
 .debug_macro   0x0000234f       0x1c src/ASF/common/services/sleepmgr/sam4l/sleepmgr.o
 .debug_macro   0x0000236b       0x22 src/ASF/common/services/sleepmgr/sam4l/sleepmgr.o
 .debug_macro   0x0000238d       0xdf src/ASF/common/services/sleepmgr/sam4l/sleepmgr.o
 .debug_macro   0x0000246c     0x102d src/ASF/common/services/sleepmgr/sam4l/sleepmgr.o
 .debug_macro   0x00003499      0x11f src/ASF/common/services/sleepmgr/sam4l/sleepmgr.o
 .debug_macro   0x000035b8      0x327 src/ASF/common/services/sleepmgr/sam4l/sleepmgr.o
 .debug_macro   0x000038df      0x9a7 src/ASF/common/services/sleepmgr/sam4l/sleepmgr.o
 .debug_macro   0x00004286      0x814 src/ASF/common/services/sleepmgr/sam4l/sleepmgr.o
 .debug_macro   0x00004a9a      0x90b src/ASF/common/services/sleepmgr/sam4l/sleepmgr.o
 .debug_macro   0x000053a5      0x4df src/ASF/common/services/sleepmgr/sam4l/sleepmgr.o
 .debug_macro   0x00005884      0xb28 src/ASF/common/services/sleepmgr/sam4l/sleepmgr.o
 .debug_macro   0x000063ac      0x500 src/ASF/common/services/sleepmgr/sam4l/sleepmgr.o
 .debug_macro   0x000068ac      0x2bf src/ASF/common/services/sleepmgr/sam4l/sleepmgr.o
 .debug_macro   0x00006b6b      0x284 src/ASF/common/services/sleepmgr/sam4l/sleepmgr.o
 .debug_macro   0x00006def      0x1d7 src/ASF/common/services/sleepmgr/sam4l/sleepmgr.o
 .debug_macro   0x00006fc6      0xde8 src/ASF/common/services/sleepmgr/sam4l/sleepmgr.o
 .debug_macro   0x00007dae      0x6ba src/ASF/common/services/sleepmgr/sam4l/sleepmgr.o
 .debug_macro   0x00008468      0x1eb src/ASF/common/services/sleepmgr/sam4l/sleepmgr.o
 .debug_macro   0x00008653       0xb8 src/ASF/common/services/sleepmgr/sam4l/sleepmgr.o
 .debug_macro   0x0000870b     0x8f0d src/ASF/common/services/sleepmgr/sam4l/sleepmgr.o
 .debug_macro   0x00011618      0x169 src/ASF/common/services/sleepmgr/sam4l/sleepmgr.o
 .debug_macro   0x00011781      0x416 src/ASF/common/services/sleepmgr/sam4l/sleepmgr.o
 .debug_macro   0x00011b97      0x678 src/ASF/common/services/sleepmgr/sam4l/sleepmgr.o
 .debug_macro   0x0001220f      0x211 src/ASF/common/services/sleepmgr/sam4l/sleepmgr.o
 .debug_macro   0x00012420      0x526 src/ASF/common/services/sleepmgr/sam4l/sleepmgr.o
 .debug_macro   0x00012946      0x4bb src/ASF/common/services/sleepmgr/sam4l/sleepmgr.o
 .debug_macro   0x00012e01      0x100 src/ASF/common/services/sleepmgr/sam4l/sleepmgr.o
 .debug_macro   0x00012f01      0xa26 src/ASF/common/services/sleepmgr/sam4l/sleepmgr.o
 .debug_macro   0x00013927      0xbec src/ASF/common/services/sleepmgr/sam4l/sleepmgr.o
 .debug_macro   0x00014513      0x33c src/ASF/common/services/sleepmgr/sam4l/sleepmgr.o
 .debug_macro   0x0001484f      0x987 src/ASF/common/services/sleepmgr/sam4l/sleepmgr.o
 .debug_macro   0x000151d6      0xfe8 src/ASF/common/services/sleepmgr/sam4l/sleepmgr.o
 .debug_macro   0x000161be      0x10c src/ASF/common/services/sleepmgr/sam4l/sleepmgr.o
 .debug_macro   0x000162ca      0x909 src/ASF/common/services/sleepmgr/sam4l/sleepmgr.o
 .debug_macro   0x00016bd3      0x82b src/ASF/common/services/sleepmgr/sam4l/sleepmgr.o
 .debug_macro   0x000173fe     0x3d6c src/ASF/common/services/sleepmgr/sam4l/sleepmgr.o
 .debug_macro   0x0001b16a     0x64d1 src/ASF/common/services/sleepmgr/sam4l/sleepmgr.o
 .debug_macro   0x0002163b      0x209 src/ASF/common/services/sleepmgr/sam4l/sleepmgr.o
 .debug_macro   0x00021844       0x64 src/ASF/common/services/sleepmgr/sam4l/sleepmgr.o
 .debug_macro   0x000218a8       0x8e src/ASF/common/services/sleepmgr/sam4l/sleepmgr.o
 .debug_macro   0x00021936       0xa6 src/ASF/common/services/sleepmgr/sam4l/sleepmgr.o
 .debug_macro   0x000219dc       0xa6 src/ASF/common/services/sleepmgr/sam4l/sleepmgr.o
 .debug_macro   0x00021a82       0x9a src/ASF/common/services/sleepmgr/sam4l/sleepmgr.o
 .debug_macro   0x00021b1c      0x112 src/ASF/common/services/sleepmgr/sam4l/sleepmgr.o
 .debug_macro   0x00021c2e       0xa0 src/ASF/common/services/sleepmgr/sam4l/sleepmgr.o
 .debug_macro   0x00021cce       0x16 src/ASF/common/services/sleepmgr/sam4l/sleepmgr.o
 .debug_macro   0x00021ce4       0x6a src/ASF/common/services/sleepmgr/sam4l/sleepmgr.o
 .debug_macro   0x00021d4e       0x58 src/ASF/common/services/sleepmgr/sam4l/sleepmgr.o
 .debug_macro   0x00021da6       0xa0 src/ASF/common/services/sleepmgr/sam4l/sleepmgr.o
 .debug_macro   0x00021e46       0x34 src/ASF/common/services/sleepmgr/sam4l/sleepmgr.o
 .debug_macro   0x00021e7a      0x106 src/ASF/common/services/sleepmgr/sam4l/sleepmgr.o
 .debug_macro   0x00021f80       0x3a src/ASF/common/services/sleepmgr/sam4l/sleepmgr.o
 .debug_macro   0x00021fba      0x830 src/ASF/common/services/sleepmgr/sam4l/sleepmgr.o
 .debug_macro   0x000227ea       0x40 src/ASF/common/services/sleepmgr/sam4l/sleepmgr.o
 .debug_macro   0x0002282a      0x2ad src/ASF/common/services/sleepmgr/sam4l/sleepmgr.o
 .debug_macro   0x00022ad7       0x70 src/ASF/common/services/sleepmgr/sam4l/sleepmgr.o
 .debug_macro   0x00022b47       0x46 src/ASF/common/services/sleepmgr/sam4l/sleepmgr.o
 .debug_macro   0x00022b8d      0x5c8 src/ASF/common/services/sleepmgr/sam4l/sleepmgr.o
 .debug_macro   0x00023155      0x380 src/ASF/common/services/sleepmgr/sam4l/sleepmgr.o
 .debug_macro   0x000234d5       0x28 src/ASF/common/services/sleepmgr/sam4l/sleepmgr.o
 .debug_macro   0x000234fd      0x142 src/ASF/common/services/sleepmgr/sam4l/sleepmgr.o
 .debug_macro   0x0002363f      0x2c3 src/ASF/common/services/sleepmgr/sam4l/sleepmgr.o
 .debug_macro   0x00023902       0x46 src/ASF/common/services/sleepmgr/sam4l/sleepmgr.o
 .debug_macro   0x00023948       0x7c src/ASF/common/services/sleepmgr/sam4l/sleepmgr.o
 .debug_macro   0x000239c4      0x112 src/ASF/common/services/sleepmgr/sam4l/sleepmgr.o
 .debug_macro   0x00023ad6      0x112 src/ASF/common/services/sleepmgr/sam4l/sleepmgr.o
 .debug_macro   0x00023be8       0x34 src/ASF/common/services/sleepmgr/sam4l/sleepmgr.o
 .debug_macro   0x00023c1c       0x7c src/ASF/common/services/sleepmgr/sam4l/sleepmgr.o
 .debug_macro   0x00023c98       0x7c src/ASF/common/services/sleepmgr/sam4l/sleepmgr.o
 .debug_macro   0x00023d14       0x7c src/ASF/common/services/sleepmgr/sam4l/sleepmgr.o
 .debug_macro   0x00023d90       0x7c src/ASF/common/services/sleepmgr/sam4l/sleepmgr.o
 .debug_macro   0x00023e0c       0x76 src/ASF/common/services/sleepmgr/sam4l/sleepmgr.o
 .debug_macro   0x00023e82       0x76 src/ASF/common/services/sleepmgr/sam4l/sleepmgr.o
 .debug_macro   0x00023ef8       0x9a src/ASF/common/services/sleepmgr/sam4l/sleepmgr.o
 .debug_macro   0x00023f92       0x9a src/ASF/common/services/sleepmgr/sam4l/sleepmgr.o
 .debug_macro   0x0002402c       0x9a src/ASF/common/services/sleepmgr/sam4l/sleepmgr.o
 .debug_macro   0x000240c6       0x9a src/ASF/common/services/sleepmgr/sam4l/sleepmgr.o
 .debug_macro   0x00024160      0x447 src/ASF/common/services/sleepmgr/sam4l/sleepmgr.o
 .debug_macro   0x000245a7       0x46 src/ASF/common/services/sleepmgr/sam4l/sleepmgr.o
 .debug_macro   0x000245ed      0x552 src/ASF/common/services/sleepmgr/sam4l/sleepmgr.o
 .debug_macro   0x00024b3f     0x1215 src/ASF/common/services/sleepmgr/sam4l/sleepmgr.o
 .debug_macro   0x00025d54      0x146 src/ASF/common/services/sleepmgr/sam4l/sleepmgr.o
 .debug_macro   0x00025e9a       0x58 src/ASF/common/services/sleepmgr/sam4l/sleepmgr.o
 .debug_macro   0x00025ef2       0x35 src/ASF/common/services/sleepmgr/sam4l/sleepmgr.o
 .debug_macro   0x00025f27       0x9c src/ASF/common/services/sleepmgr/sam4l/sleepmgr.o
 .debug_macro   0x00025fc3       0x16 src/ASF/common/services/sleepmgr/sam4l/sleepmgr.o
 .debug_macro   0x00025fd9       0x35 src/ASF/common/services/sleepmgr/sam4l/sleepmgr.o
 .debug_macro   0x0002600e      0x34d src/ASF/common/services/sleepmgr/sam4l/sleepmgr.o
 .debug_macro   0x0002635b       0x10 src/ASF/common/services/sleepmgr/sam4l/sleepmgr.o
 .debug_macro   0x0002636b       0x58 src/ASF/common/services/sleepmgr/sam4l/sleepmgr.o
 .debug_macro   0x000263c3       0x1f src/ASF/common/services/sleepmgr/sam4l/sleepmgr.o
 .debug_macro   0x000263e2       0x43 src/ASF/common/services/sleepmgr/sam4l/sleepmgr.o
 .debug_macro   0x00026425       0x20 src/ASF/common/services/sleepmgr/sam4l/sleepmgr.o
 .debug_macro   0x00026445      0x187 src/ASF/common/services/sleepmgr/sam4l/sleepmgr.o
 .debug_macro   0x000265cc       0x10 src/ASF/common/services/sleepmgr/sam4l/sleepmgr.o
 .debug_macro   0x000265dc       0x1c src/ASF/common/services/sleepmgr/sam4l/sleepmgr.o
 .debug_macro   0x000265f8       0x52 src/ASF/common/services/sleepmgr/sam4l/sleepmgr.o
 .debug_macro   0x0002664a       0x40 src/ASF/common/services/sleepmgr/sam4l/sleepmgr.o
 .debug_macro   0x0002668a       0x10 src/ASF/common/services/sleepmgr/sam4l/sleepmgr.o
 .debug_macro   0x0002669a       0x40 src/ASF/common/services/sleepmgr/sam4l/sleepmgr.o
 .debug_macro   0x000266da       0xd7 src/ASF/common/services/sleepmgr/sam4l/sleepmgr.o
 .debug_macro   0x000267b1       0x16 src/ASF/common/services/sleepmgr/sam4l/sleepmgr.o
 .debug_macro   0x000267c7      0x18b src/ASF/common/services/sleepmgr/sam4l/sleepmgr.o
 .debug_macro   0x00026952       0x22 src/ASF/common/services/sleepmgr/sam4l/sleepmgr.o
 .debug_macro   0x00026974       0x16 src/ASF/common/services/sleepmgr/sam4l/sleepmgr.o
 .debug_macro   0x0002698a       0x16 src/ASF/common/services/sleepmgr/sam4l/sleepmgr.o
 .debug_macro   0x000269a0       0x29 src/ASF/common/services/sleepmgr/sam4l/sleepmgr.o