Archive member included to satisfy reference by file (symbol)

c:/program files (x86)/atmel/studio/7.0/toolchain/arm/arm-gnu-toolchain/bin/../lib/gcc/arm-none-eabi/6.3.1/../../../../arm-none-eabi/lib/thumb/v7e-m\libc.a(lib_a-exit.o)
                              c:/program files (x86)/atmel/studio/7.0/toolchain/arm/arm-gnu-toolchain/bin/../lib/gcc/arm-none-eabi/6.3.1/../../../../arm-none-eabi/lib/thumb/v7e-m/crt0.o (exit)
c:/program files (x86)/atmel/studio/7.0/toolchain/arm/arm-gnu-toolchain/bin/../lib/gcc/arm-none-eabi/6.3.1/../../../../arm-none-eabi/lib/thumb/v7e-m\libc.a(lib_a-impure.o)
                              c:/program files (x86)/atmel/studio/7.0/toolchain/arm/arm-gnu-toolchain/bin/../lib/gcc/arm-none-eabi/6.3.1/../../../../arm-none-eabi/lib/thumb/v7e-m\libc.a(lib_a-exit.o) (_global_impure_ptr)
c:/program files (x86)/atmel/studio/7.0/toolchain/arm/arm-gnu-toolchain/bin/../lib/gcc/arm-none-eabi/6.3.1/../../../../arm-none-eabi/lib/thumb/v7e-m\libc.a(lib_a-init.o)
                              c:/program files (x86)/atmel/studio/7.0/toolchain/arm/arm-gnu-toolchain/bin/../lib/gcc/arm-none-eabi/6.3.1/../../../../arm-none-eabi/lib/thumb/v7e-m/crt0.o (__libc_init_array)
c:/program files (x86)/atmel/studio/7.0/toolchain/arm/arm-gnu-toolchain/bin/../lib/gcc/arm-none-eabi/6.3.1/../../../../arm-none-eabi/lib/thumb/v7e-m\libc.a(lib_a-iprintf.o)
                              src/main.o (iprintf)
c:/program files (x86)/atmel/studio/7.0/toolchain/arm/arm-gnu-toolchain/bin/../lib/gcc/arm-none-eabi/6.3.1/../../../../arm-none-eabi/lib/thumb/v7e-m\libc.a(lib_a-memcpy.o)
                              src/ASF/sam/drivers/usbc/usbc_device.o (memcpy)
c:/program files (x86)/atmel/studio/7.0/toolchain/arm/arm-gnu-toolchain/bin/../lib/gcc/arm-none-eabi/6.3.1/../../../../arm-none-eabi/lib/thumb/v7e-m\libc.a(lib_a-memset.o)
                              c:/program files (x86)/atmel/studio/7.0/toolchain/arm/arm-gnu-toolchain/bin/../lib/gcc/arm-none-eabi/6.3.1/../../../../arm-none-eabi/lib/thumb/v7e-m/crt0.o (memset)
c:/program files (x86)/atmel/studio/7.0/toolchain/arm/arm-gnu-toolchain/bin/../lib/gcc/arm-none-eabi/6.3.1/../../../../arm-none-eabi/lib/thumb/v7e-m\libc.a(lib_a-vfiprintf.o)
                              c:/program files (x86)/atmel/studio/7.0/toolchain/arm/arm-gnu-toolchain/bin/../lib/gcc/arm-none-eabi/6.3.1/../../../../arm-none-eabi/lib/thumb/v7e-m\libc.a(lib_a-iprintf.o) (_vfiprintf_r)
c:/program files (x86)/atmel/studio/7.0/toolchain/arm/arm-gnu-toolchain/bin/../lib/gcc/arm-none-eabi/6.3.1/../../../../arm-none-eabi/lib/thumb/v7e-m\libc.a(lib_a-wsetup.o)
                              c:/program files (x86)/atmel/studio/7.0/toolchain/arm/arm-gnu-toolchain/bin/../lib/gcc/arm-none-eabi/6.3.1/../../../../arm-none-eabi/lib/thumb/v7e-m\libc.a(lib_a-vfiprintf.o) (__swsetup_r)
c:/program files (x86)/atmel/studio/7.0/toolchain/arm/arm-gnu-toolchain/bin/../lib/gcc/arm-none-eabi/6.3.1/../../../../arm-none-eabi/lib/thumb/v7e-m\libc.a(lib_a-__call_atexit.o)
                              c:/program files (x86)/atmel/studio/7.0/toolchain/arm/arm-gnu-toolchain/bin/../lib/gcc/arm-none-eabi/6.3.1/../../../../arm-none-eabi/lib/thumb/v7e-m\libc.a(lib_a-exit.o) (__call_exitprocs)
c:/program files (x86)/atmel/studio/7.0/toolchain/arm/arm-gnu-toolchain/bin/../lib/gcc/arm-none-eabi/6.3.1/../../../../arm-none-eabi/lib/thumb/v7e-m\libc.a(lib_a-atexit.o)
                              c:/program files (x86)/atmel/studio/7.0/toolchain/arm/arm-gnu-toolchain/bin/../lib/gcc/arm-none-eabi/6.3.1/../../../../arm-none-eabi/lib/thumb/v7e-m\libc.a(lib_a-__call_atexit.o) (atexit)
c:/program files (x86)/atmel/studio/7.0/toolchain/arm/arm-gnu-toolchain/bin/../lib/gcc/arm-none-eabi/6.3.1/../../../../arm-none-eabi/lib/thumb/v7e-m\libc.a(lib_a-fflush.o)
                              c:/program files (x86)/atmel/studio/7.0/toolchain/arm/arm-gnu-toolchain/bin/../lib/gcc/arm-none-eabi/6.3.1/../../../../arm-none-eabi/lib/thumb/v7e-m\libc.a(lib_a-vfiprintf.o) (_fflush_r)
c:/program files (x86)/atmel/studio/7.0/toolchain/arm/arm-gnu-toolchain/bin/../lib/gcc/arm-none-eabi/6.3.1/../../../../arm-none-eabi/lib/thumb/v7e-m\libc.a(lib_a-findfp.o)
                              c:/program files (x86)/atmel/studio/7.0/toolchain/arm/arm-gnu-toolchain/bin/../lib/gcc/arm-none-eabi/6.3.1/../../../../arm-none-eabi/lib/thumb/v7e-m\libc.a(lib_a-vfiprintf.o) (__sinit)
c:/program files (x86)/atmel/studio/7.0/toolchain/arm/arm-gnu-toolchain/bin/../lib/gcc/arm-none-eabi/6.3.1/../../../../arm-none-eabi/lib/thumb/v7e-m\libc.a(lib_a-fini.o)
                              c:/program files (x86)/atmel/studio/7.0/toolchain/arm/arm-gnu-toolchain/bin/../lib/gcc/arm-none-eabi/6.3.1/../../../../arm-none-eabi/lib/thumb/v7e-m\libc.a(lib_a-__call_atexit.o) (__libc_fini_array)
c:/program files (x86)/atmel/studio/7.0/toolchain/arm/arm-gnu-toolchain/bin/../lib/gcc/arm-none-eabi/6.3.1/../../../../arm-none-eabi/lib/thumb/v7e-m\libc.a(lib_a-fputwc.o)
[...]
Memory Configuration

Name             Origin             Length             Attributes
rom              0x00000000         0x00040000         xr
ram              0x20000000         0x00008000         xrw
*default*        0x00000000         0xffffffff

Linker script and memory map

LOAD c:/program files (x86)/atmel/studio/7.0/toolchain/arm/arm-gnu-toolchain/bin/../lib/gcc/arm-none-eabi/6.3.1/thumb/v7e-m/crti.o
LOAD c:/program files (x86)/atmel/studio/7.0/toolchain/arm/arm-gnu-toolchain/bin/../lib/gcc/arm-none-eabi/6.3.1/thumb/v7e-m/crtbegin.o
LOAD c:/program files (x86)/atmel/studio/7.0/toolchain/arm/arm-gnu-toolchain/bin/../lib/gcc/arm-none-eabi/6.3.1/../../../../arm-none-eabi/lib/thumb/v7e-m/crt0.o
LOAD src/ASF/common/services/sleepmgr/sam4l/sleepmgr.o
LOAD src/ASF/common/services/usb/class/hid/device/generic/udi_hid_generic.o
LOAD src/ASF/common/services/usb/udc/udc.o
LOAD src/ASF/sam/drivers/tc/tc.o
LOAD src/ASF/sam/drivers/usbc/usbc_device.o
LOAD src/ASF/common/services/usb/class/hid/device/generic/udi_hid_generic_desc.o
LOAD src/ASF/common/services/usb/class/hid/device/udi_hid.o
LOAD src/ASF/common/services/clock/sam4l/dfll.o
LOAD src/ASF/common/services/clock/sam4l/osc.o
LOAD src/ASF/common/services/clock/sam4l/pll.o
LOAD src/ASF/common/services/clock/sam4l/sysclk.o
LOAD src/ASF/sam/drivers/bpm/bpm.o
LOAD src/ASF/sam/drivers/eic/eic.o
LOAD src/ASF/sam/drivers/flashcalw/flashcalw.o
LOAD src/ASF/sam/drivers/gpio/gpio.o
LOAD src/ASF/sam/drivers/pdca/pdca.o
LOAD src/ASF/sam/drivers/twim/twim.o
LOAD src/ASF/common/boards/user_board/init.o
LOAD src/ASF/common/utils/interrupt/interrupt_sam_nvic.o
LOAD src/ASF/sam/utils/cmsis/sam4l/source/templates/exceptions.o
LOAD src/ASF/sam/utils/cmsis/sam4l/source/templates/gcc/startup_sam4l.o
LOAD src/ASF/sam/utils/cmsis/sam4l/source/templates/system_sam4l.o
LOAD src/ASF/sam/utils/syscalls/gcc/syscalls.o
LOAD src/main.o
START GROUP
LOAD ../src/ASF/thirdparty/CMSIS/Lib/GCC\libarm_cortexM4l_math.a
LOAD c:/program files (x86)/atmel/studio/7.0/toolchain/arm/arm-gnu-toolchain/bin/../lib/gcc/arm-none-eabi/6.3.1/../../../../arm-none-eabi/lib/thumb/v7e-m\libm.a
END GROUP
START GROUP
LOAD c:/program files (x86)/atmel/studio/7.0/toolchain/arm/arm-gnu-toolchain/bin/../lib/gcc/arm-none-eabi/6.3.1/thumb/v7e-m\libgcc.a
LOAD c:/program files (x86)/atmel/studio/7.0/toolchain/arm/arm-gnu-toolchain/bin/../lib/gcc/arm-none-eabi/6.3.1/../../../../arm-none-eabi/lib/thumb/v7e-m\libc.a
END GROUP
START GROUP
LOAD c:/program files (x86)/atmel/studio/7.0/toolchain/arm/arm-gnu-toolchain/bin/../lib/gcc/arm-none-eabi/6.3.1/thumb/v7e-m\libgcc.a
LOAD c:/program files (x86)/atmel/studio/7.0/toolchain/arm/arm-gnu-toolchain/bin/../lib/gcc/arm-none-eabi/6.3.1/../../../../arm-none-eabi/lib/thumb/v7e-m\libc.a
LOAD c:/program files (x86)/atmel/studio/7.0/toolchain/arm/arm-gnu-toolchain/bin/../lib/gcc/arm-none-eabi/6.3.1/../../../../arm-none-eabi/lib/thumb/v7e-m\libnosys.a
END GROUP
LOAD c:/program files (x86)/atmel/studio/7.0/toolchain/arm/arm-gnu-toolchain/bin/../lib/gcc/arm-none-eabi/6.3.1/thumb/v7e-m/crtend.o
LOAD c:/program files (x86)/atmel/studio/7.0/toolchain/arm/arm-gnu-toolchain/bin/../lib/gcc/arm-none-eabi/6.3.1/thumb/v7e-m/crtn.o
                0x00001000                __stack_size__ = DEFINED (__stack_size__)?__stack_size__:0x1000
                0x20007ffc                __ram_end__ = ((ORIGIN (ram) + LENGTH (ram)) - 0x4)

.text           0x00000000     0x60d0
                0x00000000                . = ALIGN (0x4)
                0x00000000                _sfixed = .
 *(.vectors .vectors.*)
 .vectors       0x00000000      0x180 src/ASF/sam/utils/cmsis/sam4l/source/templates/gcc/startup_sam4l.o
                0x00000000                exception_table
 *(.text .text.* .gnu.linkonce.t.*)
 .text          0x00000180       0x6c c:/program files (x86)/atmel/studio/7.0/toolchain/arm/arm-gnu-toolchain/bin/../lib/gcc/arm-none-eabi/6.3.1/thumb/v7e-m/crtbegin.o
 .text.udi_hid_generic_disable
                0x000001ec        0x2 src/ASF/common/services/usb/class/hid/device/generic/udi_hid_generic.o
                0x000001ec                udi_hid_generic_disable
 .text.udi_hid_generic_getsetting
                0x000001ee        0x4 src/ASF/common/services/usb/class/hid/device/generic/udi_hid_generic.o
                0x000001ee                udi_hid_generic_getsetting
 *fill*         0x000001f2        0x2 
 .text.udi_hid_generic_setreport
                0x000001f4       0x44 src/ASF/common/services/usb/class/hid/device/generic/udi_hid_generic.o
 .text.udi_hid_generic_report_in_sent
                0x00000238        0xc src/ASF/common/services/usb/class/hid/device/generic/udi_hid_generic.o
 .text.udi_hid_generic_report_out_enable
                0x00000244       0x24 src/ASF/common/services/usb/class/hid/device/generic/udi_hid_generic.o
 .text.udi_hid_generic_enable
                0x00000268       0x28 src/ASF/common/services/usb/class/hid/device/generic/udi_hid_generic.o
                0x00000268                udi_hid_generic_enable
 .text.udi_hid_generic_report_out_received
                0x00000290       0x24 src/ASF/common/services/usb/class/hid/device/generic/udi_hid_generic.o
 .text.udi_hid_generic_setup
                0x000002b4       0x24 src/ASF/common/services/usb/class/hid/device/generic/udi_hid_generic.o
                0x000002b4                udi_hid_generic_setup
 .text.udi_hid_generic_setfeature_valid
                0x000002d8       0x20 src/ASF/common/services/usb/class/hid/device/generic/udi_hid_generic.o
 .text.udi_hid_generic_send_report_in
                0x000002f8       0x7c src/ASF/common/services/usb/class/hid/device/generic/udi_hid_generic.o
                0x000002f8                udi_hid_generic_send_report_in
 .text.udc_next_desc_in_iface
                0x00000374       0x48 src/ASF/common/services/usb/udc/udc.o
 .text.udc_valid_address
                0x000003bc       0x18 src/ASF/common/services/usb/udc/udc.o
 .text.udc_update_iface_desc
                0x000003d4       0x74 src/ASF/common/services/usb/udc/udc.o
 .text.udc_iface_disable
                0x00000448       0x6c src/ASF/common/services/usb/udc/udc.o
 .text.udc_iface_enable
                0x000004b4       0x5c src/ASF/common/services/usb/udc/udc.o
 .text.udc_get_interface_desc
                0x00000510        0xc src/ASF/common/services/usb/udc/udc.o
                0x00000510                udc_get_interface_desc
 .text.udc_start
                0x0000051c        0xc src/ASF/common/services/usb/udc/udc.o
                0x0000051c                udc_start
 .text.udc_reset
                0x00000528       0x48 src/ASF/common/services/usb/udc/udc.o
                0x00000528                udc_reset
 .text.udc_sof_notify
                0x00000570       0x40 src/ASF/common/services/usb/udc/udc.o
                0x00000570                udc_sof_notify
 .text.udc_process_setup
                0x000005b0      0x454 src/ASF/common/services/usb/udc/udc.o
                0x000005b0                udc_process_setup
 .text.udd_sleep_mode
                0x00000a04       0xa4 src/ASF/sam/drivers/usbc/usbc_device.o
 .text.udd_ctrl_init
                0x00000aa8       0x28 src/ASF/sam/drivers/usbc/usbc_device.o
 .text.udd_ctrl_stall_data
                0x00000ad0       0x18 src/ASF/sam/drivers/usbc/usbc_device.o
 .text.udd_ctrl_send_zlp_in
                0x00000ae8       0x64 src/ASF/sam/drivers/usbc/usbc_device.o
 .text.udd_ctrl_endofrequest
                0x00000b4c       0x10 src/ASF/sam/drivers/usbc/usbc_device.o
 .text.udd_ctrl_in_sent
                0x00000b5c      0x184 src/ASF/sam/drivers/usbc/usbc_device.o
 .text.udd_ep_trans_done
                0x00000ce0      0x378 src/ASF/sam/drivers/usbc/usbc_device.o
 .text.udd_attach
                0x00001058       0x88 src/ASF/sam/drivers/usbc/usbc_device.o
                0x00001058                udd_attach
 .text.udd_enable
                0x000010e0      0x140 src/ASF/sam/drivers/usbc/usbc_device.o
                0x000010e0                udd_enable
 .text.udd_set_address
                0x00001220       0x28 src/ASF/sam/drivers/usbc/usbc_device.o
                0x00001220                udd_set_address
 .text.udd_getaddress
                0x00001248       0x10 src/ASF/sam/drivers/usbc/usbc_device.o
                0x00001248                udd_getaddress
 .text.udd_set_setup_payload
                0x00001258        0xc src/ASF/sam/drivers/usbc/usbc_device.o
                0x00001258                udd_set_setup_payload
 .text.udd_ep_alloc
                0x00001264       0x9c src/ASF/sam/drivers/usbc/usbc_device.o
                0x00001264                udd_ep_alloc
 .text.udd_ep_is_halted
                0x00001300       0x14 src/ASF/sam/drivers/usbc/usbc_device.o
                0x00001300                udd_ep_is_halted
 .text.udd_ep_clear_halt
                0x00001314       0x8c src/ASF/sam/drivers/usbc/usbc_device.o
                0x00001314                udd_ep_clear_halt
 .text.udd_ep_run
                0x000013a0      0x13c src/ASF/sam/drivers/usbc/usbc_device.o
                0x000013a0                udd_ep_run
 .text.udd_ep_abort
                0x000014dc       0xa8 src/ASF/sam/drivers/usbc/usbc_device.o
                0x000014dc                udd_ep_abort
 .text.USBC_Handler
                0x00001584      0x4b8 src/ASF/sam/drivers/usbc/usbc_device.o
                0x00001584                USBC_Handler
 .text.udd_ep_free
                0x00001a3c       0x24 src/ASF/sam/drivers/usbc/usbc_device.o
                0x00001a3c                udd_ep_free
 .text.udd_ep_set_halt
                0x00001a60       0x28 src/ASF/sam/drivers/usbc/usbc_device.o
                0x00001a60                udd_ep_set_halt
 .text.udi_hid_setup
                0x00001a88       0xec src/ASF/common/services/usb/class/hid/device/udi_hid.o
                0x00001a88                udi_hid_setup
 .text.osc_priv_enable_osc0
                0x00001b74       0x48 src/ASF/common/services/clock/sam4l/osc.o
                0x00001b74                osc_priv_enable_osc0
 .text.pll_enable
                0x00001bbc       0x5c src/ASF/common/services/clock/sam4l/pll.o
                0x00001bbc                pll_enable
 .text.sysclk_priv_enable_module
                0x00001c18       0x60 src/ASF/common/services/clock/sam4l/sysclk.o
                0x00001c18                sysclk_priv_enable_module
 .text.sysclk_enable_pba_module
                0x00001c78       0x58 src/ASF/common/services/clock/sam4l/sysclk.o
                0x00001c78                sysclk_enable_pba_module
 .text.sysclk_enable_pbb_module
                0x00001cd0       0x58 src/ASF/common/services/clock/sam4l/sysclk.o
                0x00001cd0                sysclk_enable_pbb_module
 .text.sysclk_enable_peripheral_clock
                0x00001d28      0x3cc src/ASF/common/services/clock/sam4l/sysclk.o
                0x00001d28                sysclk_enable_peripheral_clock
 .text.sysclk_set_source
                0x000020f4       0x40 src/ASF/common/services/clock/sam4l/sysclk.o
                0x000020f4                sysclk_set_source
 .text.sysclk_enable_usb
                0x00002134       0x78 src/ASF/common/services/clock/sam4l/sysclk.o
                0x00002134                sysclk_enable_usb
 .text.sysclk_init
                0x000021ac       0xac src/ASF/common/services/clock/sam4l/sysclk.o
                0x000021ac                sysclk_init
 .text.bpm_power_scaling_cpu_failsafe
                0x00002258       0x74 src/ASF/sam/drivers/bpm/bpm.o
                0x00002258                bpm_power_scaling_cpu_failsafe
 .text.bpm_enable_fast_wakeup
                0x000022cc       0x18 src/ASF/sam/drivers/bpm/bpm.o
                0x000022cc                bpm_enable_fast_wakeup
 .text.bpm_get_status
                0x000022e4        0x4 src/ASF/sam/drivers/bpm/bpm.o
                0x000022e4                bpm_get_status
 .text.eic_line_interrupt
                0x000022e8       0x14 src/ASF/sam/drivers/eic/eic.o
 .text.NMI_Handler
                0x000022fc       0x10 src/ASF/sam/drivers/eic/eic.o
                0x000022fc                NMI_Handler
 .text.EIC_1_Handler
                0x0000230c       0x10 src/ASF/sam/drivers/eic/eic.o
                0x0000230c                EIC_1_Handler
 .text.EIC_2_Handler
                0x0000231c       0x10 src/ASF/sam/drivers/eic/eic.o
                0x0000231c                EIC_2_Handler
 .text.EIC_3_Handler
                0x0000232c       0x10 src/ASF/sam/drivers/eic/eic.o
                0x0000232c                EIC_3_Handler
 .text.EIC_4_Handler
                0x0000233c       0x10 src/ASF/sam/drivers/eic/eic.o
                0x0000233c                EIC_4_Handler
 .text.EIC_5_Handler
                0x0000234c       0x10 src/ASF/sam/drivers/eic/eic.o
                0x0000234c                EIC_5_Handler
 .text.EIC_6_Handler
                0x0000235c       0x10 src/ASF/sam/drivers/eic/eic.o
                0x0000235c                EIC_6_Handler
 .text.EIC_7_Handler
                0x0000236c       0x10 src/ASF/sam/drivers/eic/eic.o
                0x0000236c                EIC_7_Handler
 .text.EIC_8_Handler
                0x0000237c       0x10 src/ASF/sam/drivers/eic/eic.o
                0x0000237c                EIC_8_Handler
 .text.flashcalw_set_wait_state
                0x0000238c       0x1c src/ASF/sam/drivers/flashcalw/flashcalw.o
                0x0000238c                flashcalw_set_wait_state
 .text.flashcalw_is_ready
                0x000023a8       0x10 src/ASF/sam/drivers/flashcalw/flashcalw.o
                0x000023a8                flashcalw_is_ready
 .text.flashcalw_default_wait_until_ready
                0x000023b8       0x10 src/ASF/sam/drivers/flashcalw/flashcalw.o
                0x000023b8                flashcalw_default_wait_until_ready
 .text.flashcalw_issue_command
                0x000023c8       0x54 src/ASF/sam/drivers/flashcalw/flashcalw.o
                0x000023c8                flashcalw_issue_command
 .text.flashcalw_set_flash_waitstate_and_readmode
                0x0000241c       0x94 src/ASF/sam/drivers/flashcalw/flashcalw.o
                0x0000241c                flashcalw_set_flash_waitstate_and_readmode
 .text.gpio_common_handler
                0x000024b0       0x74 src/ASF/sam/drivers/gpio/gpio.o
 .text.gpio_set_pin_callback
                0x00002524       0xac src/ASF/sam/drivers/gpio/gpio.o
                0x00002524                gpio_set_pin_callback
 .text.GPIO_0_Handler
                0x000025d0       0x10 src/ASF/sam/drivers/gpio/gpio.o
                0x000025d0                GPIO_0_Handler
 .text.GPIO_1_Handler
                0x000025e0       0x14 src/ASF/sam/drivers/gpio/gpio.o
                0x000025e0                GPIO_1_Handler
 .text.GPIO_2_Handler
                0x000025f4       0x14 src/ASF/sam/drivers/gpio/gpio.o
                0x000025f4                GPIO_2_Handler
 .text.GPIO_3_Handler
                0x00002608       0x14 src/ASF/sam/drivers/gpio/gpio.o
                0x00002608                GPIO_3_Handler
 .text.GPIO_4_Handler
                0x0000261c       0x10 src/ASF/sam/drivers/gpio/gpio.o
                0x0000261c                GPIO_4_Handler
 .text.GPIO_5_Handler
                0x0000262c       0x14 src/ASF/sam/drivers/gpio/gpio.o
                0x0000262c                GPIO_5_Handler
 .text.GPIO_6_Handler
                0x00002640       0x14 src/ASF/sam/drivers/gpio/gpio.o
                0x00002640                GPIO_6_Handler
 .text.GPIO_7_Handler
                0x00002654       0x14 src/ASF/sam/drivers/gpio/gpio.o
                0x00002654                GPIO_7_Handler
 .text.GPIO_8_Handler
                0x00002668       0x10 src/ASF/sam/drivers/gpio/gpio.o
                0x00002668                GPIO_8_Handler
 .text.GPIO_9_Handler
                0x00002678       0x14 src/ASF/sam/drivers/gpio/gpio.o
                0x00002678                GPIO_9_Handler
 .text.GPIO_10_Handler
                0x0000268c       0x14 src/ASF/sam/drivers/gpio/gpio.o
                0x0000268c                GPIO_10_Handler
 .text.GPIO_11_Handler
                0x000026a0       0x14 src/ASF/sam/drivers/gpio/gpio.o
                0x000026a0                GPIO_11_Handler
 .text.pdca_channel_get_handler
                0x000026b4       0x12 src/ASF/sam/drivers/pdca/pdca.o
                0x000026b4                pdca_channel_get_handler
 *fill*         0x000026c6        0x2 
 .text.pdca_get_channel_status
                0x000026c8       0x3c src/ASF/sam/drivers/pdca/pdca.o
                0x000026c8                pdca_get_channel_status
 .text.pdca_channel_interrupt
                0x00002704       0x1c src/ASF/sam/drivers/pdca/pdca.o
 .text.PDCA_0_Handler
                0x00002720       0x10 src/ASF/sam/drivers/pdca/pdca.o
                0x00002720                PDCA_0_Handler
 .text.PDCA_1_Handler
                0x00002730       0x10 src/ASF/sam/drivers/pdca/pdca.o
                0x00002730                PDCA_1_Handler
 .text.PDCA_2_Handler
                0x00002740       0x10 src/ASF/sam/drivers/pdca/pdca.o
                0x00002740                PDCA_2_Handler
 .text.PDCA_3_Handler
                0x00002750       0x10 src/ASF/sam/drivers/pdca/pdca.o
                0x00002750                PDCA_3_Handler
 .text.PDCA_4_Handler
                0x00002760       0x10 src/ASF/sam/drivers/pdca/pdca.o
                0x00002760                PDCA_4_Handler
 .text.PDCA_5_Handler
                0x00002770       0x10 src/ASF/sam/drivers/pdca/pdca.o
                0x00002770                PDCA_5_Handler
 .text.PDCA_6_Handler
                0x00002780       0x10 src/ASF/sam/drivers/pdca/pdca.o
                0x00002780                PDCA_6_Handler
 .text.PDCA_7_Handler
                0x00002790       0x10 src/ASF/sam/drivers/pdca/pdca.o
                0x00002790                PDCA_7_Handler
 .text.PDCA_8_Handler
                0x000027a0       0x10 src/ASF/sam/drivers/pdca/pdca.o
                0x000027a0                PDCA_8_Handler
 .text.PDCA_9_Handler
                0x000027b0       0x10 src/ASF/sam/drivers/pdca/pdca.o
                0x000027b0                PDCA_9_Handler
 .text.PDCA_10_Handler
                0x000027c0       0x10 src/ASF/sam/drivers/pdca/pdca.o
                0x000027c0                PDCA_10_Handler
 .text.PDCA_11_Handler
                0x000027d0       0x10 src/ASF/sam/drivers/pdca/pdca.o
                0x000027d0                PDCA_11_Handler
 .text.PDCA_12_Handler
                0x000027e0       0x10 src/ASF/sam/drivers/pdca/pdca.o
                0x000027e0                PDCA_12_Handler
 .text.PDCA_13_Handler
                0x000027f0       0x10 src/ASF/sam/drivers/pdca/pdca.o
                0x000027f0                PDCA_13_Handler
 .text.PDCA_14_Handler
                0x00002800       0x10 src/ASF/sam/drivers/pdca/pdca.o
                0x00002800                PDCA_14_Handler
 .text.PDCA_15_Handler
                0x00002810       0x10 src/ASF/sam/drivers/pdca/pdca.o
                0x00002810                PDCA_15_Handler
 .text.find_twim_channel_num
                0x00002820       0x28 src/ASF/sam/drivers/twim/twim.o
 .text.twim_default_callback
                0x00002848      0x308 src/ASF/sam/drivers/twim/twim.o
                0x00002848                twim_default_callback
 .text.twim_set_speed
                0x00002b50       0x5c src/ASF/sam/drivers/twim/twim.o
                0x00002b50                twim_set_speed
 .text.twim_set_hsmode_speed
                0x00002bac       0x5c src/ASF/sam/drivers/twim/twim.o
                0x00002bac                twim_set_hsmode_speed
 .text.twim_set_config
                0x00002c08       0xfc src/ASF/sam/drivers/twim/twim.o
                0x00002c08                twim_set_config
 .text.twim_set_callback
                0x00002d04       0x90 src/ASF/sam/drivers/twim/twim.o
                0x00002d04                twim_set_callback
 .text.TWIM0_Handler
                0x00002d94       0x14 src/ASF/sam/drivers/twim/twim.o
                0x00002d94                TWIM0_Handler
 .text.TWIM1_Handler
                0x00002da8       0x14 src/ASF/sam/drivers/twim/twim.o
                0x00002da8                TWIM1_Handler
 .text.TWIM2_Handler
                0x00002dbc       0x14 src/ASF/sam/drivers/twim/twim.o
                0x00002dbc                TWIM2_Handler
 .text.TWIM3_Handler
                0x00002dd0       0x14 src/ASF/sam/drivers/twim/twim.o
                0x00002dd0                TWIM3_Handler
 .text.Dummy_Handler
                0x00002de4        0x2 src/ASF/sam/utils/cmsis/sam4l/source/templates/exceptions.o
                0x00002de4                DACC_Handler
                0x00002de4                DebugMon_Handler
                0x00002de4                TRNG_Handler
                0x00002de4                HardFault_Handler
                0x00002de4                SPI_Handler
                0x00002de4                SysTick_Handler
                0x00002de4                USART3_Handler
                0x00002de4                AST_PER_Handler
                0x00002de4                AST_CLKREADY_Handler
                0x00002de4                AST_OVF_Handler
                0x00002de4                PendSV_Handler
                0x00002de4                SCIF_Handler
                0x00002de4                CRCCU_Handler
                0x00002de4                USART0_Handler
                0x00002de4                UsageFault_Handler
                0x00002de4                TC12_Handler
                0x00002de4                BPM_Handler
                0x00002de4                PARC_Handler
                0x00002de4                WDT_Handler
                0x00002de4                TWIS0_Handler
                0x00002de4                TWIS1_Handler
                0x00002de4                AESA_Handler
                0x00002de4                Dummy_Handler
                0x00002de4                ABDACB_Handler
                0x00002de4                CATB_Handler
                0x00002de4                LCDCA_Handler
                0x00002de4                USART1_Handler
                0x00002de4                AST_READY_Handler
                0x00002de4                AST_ALARM_Handler
                0x00002de4                PM_Handler
                0x00002de4                TC11_Handler
                0x00002de4                ACIFC_Handler
                0x00002de4                TC00_Handler
                0x00002de4                TC02_Handler
                0x00002de4                MemManage_Handler
                0x00002de4                SVC_Handler
                0x00002de4                ADCIFE_Handler
                0x00002de4                PEVC_TR_Handler
                0x00002de4                USART2_Handler
                0x00002de4                TC10_Handler
                0x00002de4                HFLASHC_Handler
                0x00002de4                TC01_Handler
                0x00002de4                BSCIF_Handler
                0x00002de4                IISC_Handler
                0x00002de4                BusFault_Handler
                0x00002de4                FREQM_Handler
                0x00002de4                PEVC_OV_Handler
 *fill*         0x00002de6        0x2 
 .text.Reset_Handler
                0x00002de8       0x84 src/ASF/sam/utils/cmsis/sam4l/source/templates/gcc/startup_sam4l.o
                0x00002de8                Reset_Handler
 .text._sbrk    0x00002e6c       0x38 src/ASF/sam/utils/syscalls/gcc/syscalls.o
                0x00002e6c                _sbrk
 .text._close   0x00002ea4        0x6 src/ASF/sam/utils/syscalls/gcc/syscalls.o
                0x00002ea4                _close
 .text._fstat   0x00002eaa        0xa src/ASF/sam/utils/syscalls/gcc/syscalls.o
                0x00002eaa                _fstat
 .text._isatty  0x00002eb4        0x4 src/ASF/sam/utils/syscalls/gcc/syscalls.o
                0x00002eb4                _isatty
 .text._lseek   0x00002eb8        0x4 src/ASF/sam/utils/syscalls/gcc/syscalls.o
                0x00002eb8                _lseek
 .text.coder_detect
                0x00002ebc       0x74 src/main.o
                0x00002ebc                coder_detect
 .text.init_dial
                0x00002f30      0x1ac src/main.o
                0x00002f30                init_dial
 .text.user_callback_sof_action
                0x000030dc        0x2 src/main.o
                0x000030dc                user_callback_sof_action
 .text.process_report
                0x000030de        0x2 src/main.o
                0x000030de                process_report
 .text.set_feature
                0x000030e0        0x2 src/main.o
                0x000030e0                set_feature
 *fill*         0x000030e2        0x2 
 .text.main     0x000030e4       0x4c src/main.o
                0x000030e4                main
 .text.__libc_init_array
                0x00003130       0x50 c:/program files (x86)/atmel/studio/7.0/toolchain/arm/arm-gnu-toolchain/bin/../lib/gcc/arm-none-eabi/6.3.1/../../../../arm-none-eabi/lib/thumb/v7e-m\libc.a(lib_a-init.o)
                0x00003130                __libc_init_array
 .text.iprintf  0x00003180       0x28 c:/program files (x86)/atmel/studio/7.0/toolchain/arm/arm-gnu-toolchain/bin/../lib/gcc/arm-none-eabi/6.3.1/../../../../arm-none-eabi/lib/thumb/v7e-m\libc.a(lib_a-iprintf.o)
                0x00003180                iprintf
 .text          0x000031a8      0x134 c:/program files (x86)/atmel/studio/7.0/toolchain/arm/arm-gnu-toolchain/bin/../lib/gcc/arm-none-eabi/6.3.1/../../../../arm-none-eabi/lib/thumb/v7e-m\libc.a(lib_a-memcpy.o)
                0x000031a8                memcpy
 .text.memset   0x000032dc       0x9c c:/program files (x86)/atmel/studio/7.0/toolchain/arm/arm-gnu-toolchain/bin/../lib/gcc/arm-none-eabi/6.3.1/../../../../arm-none-eabi/lib/thumb/v7e-m\libc.a(lib_a-memset.o)
                0x000032dc                memset
 .text.__sprint_r.part.0
                0x00003378       0x80 c:/program files (x86)/atmel/studio/7.0/toolchain/arm/arm-gnu-toolchain/bin/../lib/gcc/arm-none-eabi/6.3.1/../../../../arm-none-eabi/lib/thumb/v7e-m\libc.a(lib_a-vfiprintf.o)
 .text._vfiprintf_r
                0x000033f8      0xc90 c:/program files (x86)/atmel/studio/7.0/toolchain/arm/arm-gnu-toolchain/bin/../lib/gcc/arm-none-eabi/6.3.1/../../../../arm-none-eabi/lib/thumb/v7e-m\libc.a(lib_a-vfiprintf.o)
                0x000033f8                _vfiprintf_r
 .text.__sbprintf
                0x00004088       0x84 c:/program files (x86)/atmel/studio/7.0/toolchain/arm/arm-gnu-toolchain/bin/../lib/gcc/arm-none-eabi/6.3.1/../../../../arm-none-eabi/lib/thumb/v7e-m\libc.a(lib_a-vfiprintf.o)
 .text.__swsetup_r
                0x0000410c       0xc8 c:/program files (x86)/atmel/studio/7.0/toolchain/arm/arm-gnu-toolchain/bin/../lib/gcc/arm-none-eabi/6.3.1/../../../../arm-none-eabi/lib/thumb/v7e-m\libc.a(lib_a-wsetup.o)
                0x0000410c                __swsetup_r
 .text.startup.register_fini
                0x000041d4       0x14 c:/program files (x86)/atmel/studio/7.0/toolchain/arm/arm-gnu-toolchain/bin/../lib/gcc/arm-none-eabi/6.3.1/../../../../arm-none-eabi/lib/thumb/v7e-m\libc.a(lib_a-__call_atexit.o)
 .text.atexit   0x000041e8        0xc c:/program files (x86)/atmel/studio/7.0/toolchain/arm/arm-gnu-toolchain/bin/../lib/gcc/arm-none-eabi/6.3.1/../../../../arm-none-eabi/lib/thumb/v7e-m\libc.a(lib_a-atexit.o)
                0x000041e8                atexit
 .text.__sflush_r
                0x000041f4      0x140 c:/program files (x86)/atmel/studio/7.0/toolchain/arm/arm-gnu-toolchain/bin/../lib/gcc/arm-none-eabi/6.3.1/../../../../arm-none-eabi/lib/thumb/v7e-m\libc.a(lib_a-fflush.o)
                0x000041f4                __sflush_r
 .text._fflush_r
                0x00004334       0x54 c:/program files (x86)/atmel/studio/7.0/toolchain/arm/arm-gnu-toolchain/bin/../lib/gcc/arm-none-eabi/6.3.1/../../../../arm-none-eabi/lib/thumb/v7e-m\libc.a(lib_a-fflush.o)
                0x00004334                _fflush_r
 .text._cleanup_r
                0x00004388        0xc c:/program files (x86)/atmel/studio/7.0/toolchain/arm/arm-gnu-toolchain/bin/../lib/gcc/arm-none-eabi/6.3.1/../../../../arm-none-eabi/lib/thumb/v7e-m\libc.a(lib_a-findfp.o)
                0x00004388                _cleanup_r
 .text.std.isra.0
                0x00004394       0x50 c:/program files (x86)/atmel/studio/7.0/toolchain/arm/arm-gnu-toolchain/bin/../lib/gcc/arm-none-eabi/6.3.1/../../../../arm-none-eabi/lib/thumb/v7e-m\libc.a(lib_a-findfp.o)
 .text.__sinit  0x000043e4       0x58 c:/program files (x86)/atmel/studio/7.0/toolchain/arm/arm-gnu-toolchain/bin/../lib/gcc/arm-none-eabi/6.3.1/../../../../arm-none-eabi/lib/thumb/v7e-m\libc.a(lib_a-findfp.o)
                0x000043e4                __sinit
 .text.__sfp_lock_acquire
                0x0000443c        0xc c:/program files (x86)/atmel/studio/7.0/toolchain/arm/arm-gnu-toolchain/bin/../lib/gcc/arm-none-eabi/6.3.1/../../../../arm-none-eabi/lib/thumb/v7e-m\libc.a(lib_a-findfp.o)
                0x0000443c                __sfp_lock_acquire
 .text.__sfp_lock_release
                0x00004448        0xc c:/program files (x86)/atmel/studio/7.0/toolchain/arm/arm-gnu-toolchain/bin/../lib/gcc/arm-none-eabi/6.3.1/../../../../arm-none-eabi/lib/thumb/v7e-m\libc.a(lib_a-findfp.o)
                0x00004448                __sfp_lock_release
 .text.__libc_fini_array
                0x00004454       0x34 c:/program files (x86)/atmel/studio/7.0/toolchain/arm/arm-gnu-toolchain/bin/../lib/gcc/arm-none-eabi/6.3.1/../../../../arm-none-eabi/lib/thumb/v7e-m\libc.a(lib_a-fini.o)
                0x00004454                __libc_fini_array
 .text.__fputwc
                0x00004488       0xa0 c:/program files (x86)/atmel/studio/7.0/toolchain/arm/arm-gnu-toolchain/bin/../lib/gcc/arm-none-eabi/6.3.1/../../../../arm-none-eabi/lib/thumb/v7e-m\libc.a(lib_a-fputwc.o)
                0x00004488                __fputwc
 .text._fputwc_r
                0x00004528       0x68 c:/program files (x86)/atmel/studio/7.0/toolchain/arm/arm-gnu-toolchain/bin/../lib/gcc/arm-none-eabi/6.3.1/../../../../arm-none-eabi/lib/thumb/v7e-m\libc.a(lib_a-fputwc.o)
                0x00004528                _fputwc_r
 .text._malloc_trim_r
                0x00004590       0xa0 c:/program files (x86)/atmel/studio/7.0/toolchain/arm/arm-gnu-toolchain/bin/../lib/gcc/arm-none-eabi/6.3.1/../../../../arm-none-eabi/lib/thumb/v7e-m\libc.a(lib_a-freer.o)
                0x00004590                _malloc_trim_r
 .text._free_r  0x00004630      0x1cc c:/program files (x86)/atmel/studio/7.0/toolchain/arm/arm-gnu-toolchain/bin/../lib/gcc/arm-none-eabi/6.3.1/../../../../arm-none-eabi/lib/thumb/v7e-m\libc.a(lib_a-freer.o)
                0x00004630                _free_r
 .text.__sfvwrite_r
                0x000047fc      0x2f0 c:/program files (x86)/atmel/studio/7.0/toolchain/arm/arm-gnu-toolchain/bin/../lib/gcc/arm-none-eabi/6.3.1/../../../../arm-none-eabi/lib/thumb/v7e-m\libc.a(lib_a-fvwrite.o)
                0x000047fc                __sfvwrite_r
 .text._fwalk_reent
                0x00004aec       0x54 c:/program files (x86)/atmel/studio/7.0/toolchain/arm/arm-gnu-toolchain/bin/../lib/gcc/arm-none-eabi/6.3.1/../../../../arm-none-eabi/lib/thumb/v7e-m\libc.a(lib_a-fwalk.o)
                0x00004aec                _fwalk_reent
 .text.__locale_mb_cur_max
                0x00004b40       0x1c c:/program files (x86)/atmel/studio/7.0/toolchain/arm/arm-gnu-toolchain/bin/../lib/gcc/arm-none-eabi/6.3.1/../../../../arm-none-eabi/lib/thumb/v7e-m\libc.a(lib_a-locale.o)
                0x00004b40                __locale_mb_cur_max
 .text.__retarget_lock_init_recursive
                0x00004b5c        0x4 c:/program files (x86)/atmel/studio/7.0/toolchain/arm/arm-gnu-toolchain/bin/../lib/gcc/arm-none-eabi/6.3.1/../../../../arm-none-eabi/lib/thumb/v7e-m\libc.a(lib_a-lock.o)
                0x00004b5c                __retarget_lock_init_recursive
 .text.__retarget_lock_close_recursive
                0x00004b60        0x4 c:/program files (x86)/atmel/studio/7.0/toolchain/arm/arm-gnu-toolchain/bin/../lib/gcc/arm-none-eabi/6.3.1/../../../../arm-none-eabi/lib/thumb/v7e-m\libc.a(lib_a-lock.o)
                0x00004b60                __retarget_lock_close_recursive
 .text.__retarget_lock_acquire_recursive
                0x00004b64        0x4 c:/program files (x86)/atmel/studio/7.0/toolchain/arm/arm-gnu-toolchain/bin/../lib/gcc/arm-none-eabi/6.3.1/../../../../arm-none-eabi/lib/thumb/v7e-m\libc.a(lib_a-lock.o)
                0x00004b64                __retarget_lock_acquire_recursive
 .text.__retarget_lock_release_recursive
                0x00004b68        0x4 c:/program files (x86)/atmel/studio/7.0/toolchain/arm/arm-gnu-toolchain/bin/../lib/gcc/arm-none-eabi/6.3.1/../../../../arm-none-eabi/lib/thumb/v7e-m\libc.a(lib_a-lock.o)
                0x00004b68                __retarget_lock_release_recursive
 .text.__swhatbuf_r
                0x00004b6c       0x5c c:/program files (x86)/atmel/studio/7.0/toolchain/arm/arm-gnu-toolchain/bin/../lib/gcc/arm-none-eabi/6.3.1/../../../../arm-none-eabi/lib/thumb/v7e-m\libc.a(lib_a-makebuf.o)
                0x00004b6c                __swhatbuf_r
 .text.__smakebuf_r
                0x00004bc8       0x94 c:/program files (x86)/atmel/studio/7.0/toolchain/arm/arm-gnu-toolchain/bin/../lib/gcc/arm-none-eabi/6.3.1/../../../../arm-none-eabi/lib/thumb/v7e-m\libc.a(lib_a-makebuf.o)
                0x00004bc8                __smakebuf_r
 .text._malloc_r
                0x00004c5c      0x560 c:/program files (x86)/atmel/studio/7.0/toolchain/arm/arm-gnu-toolchain/bin/../lib/gcc/arm-none-eabi/6.3.1/../../../../arm-none-eabi/lib/thumb/v7e-m\libc.a(lib_a-mallocr.o)
                0x00004c5c                _malloc_r
 .text.__ascii_mbtowc
                0x000051bc       0x2c c:/program files (x86)/atmel/studio/7.0/toolchain/arm/arm-gnu-toolchain/bin/../lib/gcc/arm-none-eabi/6.3.1/../../../../arm-none-eabi/lib/thumb/v7e-m\libc.a(lib_a-mbtowc_r.o)
                0x000051bc                __ascii_mbtowc
 *fill*         0x000051e8        0x8 
 .text          0x000051f0       0xa0 c:/program files (x86)/atmel/studio/7.0/toolchain/arm/arm-gnu-toolchain/bin/../lib/gcc/arm-none-eabi/6.3.1/../../../../arm-none-eabi/lib/thumb/v7e-m\libc.a(lib_a-memchr.o)
                0x000051f0                memchr
 .text.memmove  0x00005290       0xc8 c:/program files (x86)/atmel/studio/7.0/toolchain/arm/arm-gnu-toolchain/bin/../lib/gcc/arm-none-eabi/6.3.1/../../../../arm-none-eabi/lib/thumb/v7e-m\libc.a(lib_a-memmove.o)
                0x00005290                memmove
 .text.__malloc_lock
                0x00005358        0xc c:/program files (x86)/atmel/studio/7.0/toolchain/arm/arm-gnu-toolchain/bin/../lib/gcc/arm-none-eabi/6.3.1/../../../../arm-none-eabi/lib/thumb/v7e-m\libc.a(lib_a-mlock.o)
                0x00005358                __malloc_lock
 .text.__malloc_unlock
                0x00005364        0xc c:/program files (x86)/atmel/studio/7.0/toolchain/arm/arm-gnu-toolchain/bin/../lib/gcc/arm-none-eabi/6.3.1/../../../../arm-none-eabi/lib/thumb/v7e-m\libc.a(lib_a-mlock.o)
                0x00005364                __malloc_unlock
 .text._realloc_r
                0x00005370      0x34c c:/program files (x86)/atmel/studio/7.0/toolchain/arm/arm-gnu-toolchain/bin/../lib/gcc/arm-none-eabi/6.3.1/../../../../arm-none-eabi/lib/thumb/v7e-m\libc.a(lib_a-reallocr.o)
                0x00005370                _realloc_r
 .text._sbrk_r  0x000056bc       0x24 c:/program files (x86)/atmel/studio/7.0/toolchain/arm/arm-gnu-toolchain/bin/../lib/gcc/arm-none-eabi/6.3.1/../../../../arm-none-eabi/lib/thumb/v7e-m\libc.a(lib_a-sbrkr.o)
                0x000056bc                _sbrk_r
 .text.__sread  0x000056e0       0x24 c:/program files (x86)/atmel/studio/7.0/toolchain/arm/arm-gnu-toolchain/bin/../lib/gcc/arm-none-eabi/6.3.1/../../../../arm-none-eabi/lib/thumb/v7e-m\libc.a(lib_a-stdio.o)
                0x000056e0                __sread
 .text.__swrite
                0x00005704       0x3c c:/program files (x86)/atmel/studio/7.0/toolchain/arm/arm-gnu-toolchain/bin/../lib/gcc/arm-none-eabi/6.3.1/../../../../arm-none-eabi/lib/thumb/v7e-m\libc.a(lib_a-stdio.o)
                0x00005704                __swrite
 .text.__sseek  0x00005740       0x20 c:/program files (x86)/atmel/studio/7.0/toolchain/arm/arm-gnu-toolchain/bin/../lib/gcc/arm-none-eabi/6.3.1/../../../../arm-none-eabi/lib/thumb/v7e-m\libc.a(lib_a-stdio.o)
                0x00005740                __sseek
 .text.__sclose
                0x00005760        0x8 c:/program files (x86)/atmel/studio/7.0/toolchain/arm/arm-gnu-toolchain/bin/../lib/gcc/arm-none-eabi/6.3.1/../../../../arm-none-eabi/lib/thumb/v7e-m\libc.a(lib_a-stdio.o)
                0x00005760                __sclose
 *fill*         0x00005768       0x18 
 .text          0x00005780       0xdc c:/program files (x86)/atmel/studio/7.0/toolchain/arm/arm-gnu-toolchain/bin/../lib/gcc/arm-none-eabi/6.3.1/../../../../arm-none-eabi/lib/thumb/v7e-m\libc.a(lib_a-strlen.o)
                0x00005780                strlen
 .text.__swbuf_r
                0x0000585c       0xb0 c:/program files (x86)/atmel/studio/7.0/toolchain/arm/arm-gnu-toolchain/bin/../lib/gcc/arm-none-eabi/6.3.1/../../../../arm-none-eabi/lib/thumb/v7e-m\libc.a(lib_a-wbuf.o)
                0x0000585c                __swbuf_r
 .text._wcrtomb_r
                0x0000590c       0x54 c:/program files (x86)/atmel/studio/7.0/toolchain/arm/arm-gnu-toolchain/bin/../lib/gcc/arm-none-eabi/6.3.1/../../../../arm-none-eabi/lib/thumb/v7e-m\libc.a(lib_a-wcrtomb.o)
                0x0000590c                _wcrtomb_r
 .text.__ascii_wctomb
                0x00005960       0x1c c:/program files (x86)/atmel/studio/7.0/toolchain/arm/arm-gnu-toolchain/bin/../lib/gcc/arm-none-eabi/6.3.1/../../../../arm-none-eabi/lib/thumb/v7e-m\libc.a(lib_a-wctomb_r.o)
                0x00005960                __ascii_wctomb
 .text._write_r
                0x0000597c       0x2c c:/program files (x86)/atmel/studio/7.0/toolchain/arm/arm-gnu-toolchain/bin/../lib/gcc/arm-none-eabi/6.3.1/../../../../arm-none-eabi/lib/thumb/v7e-m\libc.a(lib_a-writer.o)
                0x0000597c                _write_r
 .text.__register_exitproc
                0x000059a8       0xc4 c:/program files (x86)/atmel/studio/7.0/toolchain/arm/arm-gnu-toolchain/bin/../lib/gcc/arm-none-eabi/6.3.1/../../../../arm-none-eabi/lib/thumb/v7e-m\libc.a(lib_a-__atexit.o)
                0x000059a8                __register_exitproc
 .text._close_r
                0x00005a6c       0x24 c:/program files (x86)/atmel/studio/7.0/toolchain/arm/arm-gnu-toolchain/bin/../lib/gcc/arm-none-eabi/6.3.1/../../../../arm-none-eabi/lib/thumb/v7e-m\libc.a(lib_a-closer.o)
                0x00005a6c                _close_r
 .text._fclose_r
                0x00005a90       0xc4 c:/program files (x86)/atmel/studio/7.0/toolchain/arm/arm-gnu-toolchain/bin/../lib/gcc/arm-none-eabi/6.3.1/../../../../arm-none-eabi/lib/thumb/v7e-m\libc.a(lib_a-fclose.o)
                0x00005a90                _fclose_r
 .text._fstat_r
                0x00005b54       0x28 c:/program files (x86)/atmel/studio/7.0/toolchain/arm/arm-gnu-toolchain/bin/../lib/gcc/arm-none-eabi/6.3.1/../../../../arm-none-eabi/lib/thumb/v7e-m\libc.a(lib_a-fstatr.o)
                0x00005b54                _fstat_r
 .text._isatty_r
                0x00005b7c       0x24 c:/program files (x86)/atmel/studio/7.0/toolchain/arm/arm-gnu-toolchain/bin/../lib/gcc/arm-none-eabi/6.3.1/../../../../arm-none-eabi/lib/thumb/v7e-m\libc.a(lib_a-isattyr.o)
                0x00005b7c                _isatty_r
 .text._lseek_r
                0x00005ba0       0x2c c:/program files (x86)/atmel/studio/7.0/toolchain/arm/arm-gnu-toolchain/bin/../lib/gcc/arm-none-eabi/6.3.1/../../../../arm-none-eabi/lib/thumb/v7e-m\libc.a(lib_a-lseekr.o)
                0x00005ba0                _lseek_r
 .text._read_r  0x00005bcc       0x2c c:/program files (x86)/atmel/studio/7.0/toolchain/arm/arm-gnu-toolchain/bin/../lib/gcc/arm-none-eabi/6.3.1/../../../../arm-none-eabi/lib/thumb/v7e-m\libc.a(lib_a-readr.o)
                0x00005bcc                _read_r
 .text          0x00005bf8       0x30 c:/program files (x86)/atmel/studio/7.0/toolchain/arm/arm-gnu-toolchain/bin/../lib/gcc/arm-none-eabi/6.3.1/thumb/v7e-m\libgcc.a(_aeabi_uldivmod.o)
                0x00005bf8                __aeabi_uldivmod
 .text          0x00005c28      0x2dc c:/program files (x86)/atmel/studio/7.0/toolchain/arm/arm-gnu-toolchain/bin/../lib/gcc/arm-none-eabi/6.3.1/thumb/v7e-m\libgcc.a(_udivmoddi4.o)
                0x00005c28                __udivmoddi4
 .text          0x00005f04        0x4 c:/program files (x86)/atmel/studio/7.0/toolchain/arm/arm-gnu-toolchain/bin/../lib/gcc/arm-none-eabi/6.3.1/thumb/v7e-m\libgcc.a(_dvmd_tls.o)
                0x00005f04                __aeabi_idiv0
                0x00005f04                __aeabi_ldiv0
 .text._read    0x00005f08       0x10 c:/program files (x86)/atmel/studio/7.0/toolchain/arm/arm-gnu-toolchain/bin/../lib/gcc/arm-none-eabi/6.3.1/../../../../arm-none-eabi/lib/thumb/v7e-m\libnosys.a(read.o)
                0x00005f08                _read
 .text._write   0x00005f18       0x10 c:/program files (x86)/atmel/studio/7.0/toolchain/arm/arm-gnu-toolchain/bin/../lib/gcc/arm-none-eabi/6.3.1/../../../../arm-none-eabi/lib/thumb/v7e-m\libnosys.a(write.o)
                0x00005f18                _write
 *(.glue_7t)
 .glue_7t       0x00005f28        0x0 linker stubs
 *(.glue_7)
 .glue_7        0x00005f28        0x0 linker stubs
 *(.rodata .rodata* .gnu.linkonce.r.*)
 .rodata.init_dial.str1.4
                0x00005f28       0x1c src/main.o
 .rodata._global_impure_ptr
                0x00005f44        0x4 c:/program files (x86)/atmel/studio/7.0/toolchain/arm/arm-gnu-toolchain/bin/../lib/gcc/arm-none-eabi/6.3.1/../../../../arm-none-eabi/lib/thumb/v7e-m\libc.a(lib_a-impure.o)
                0x00005f44                _global_impure_ptr
 .rodata._vfiprintf_r.str1.4
                0x00005f48       0x2f c:/program files (x86)/atmel/studio/7.0/toolchain/arm/arm-gnu-toolchain/bin/../lib/gcc/arm-none-eabi/6.3.1/../../../../arm-none-eabi/lib/thumb/v7e-m\libc.a(lib_a-vfiprintf.o)
 *fill*         0x00005f77        0x1 
 .rodata.blanks.7217
                0x00005f78       0x10 c:/program files (x86)/atmel/studio/7.0/toolchain/arm/arm-gnu-toolchain/bin/../lib/gcc/arm-none-eabi/6.3.1/../../../../arm-none-eabi/lib/thumb/v7e-m\libc.a(lib_a-vfiprintf.o)
 .rodata.zeroes.7218
                0x00005f88       0x10 c:/program files (x86)/atmel/studio/7.0/toolchain/arm/arm-gnu-toolchain/bin/../lib/gcc/arm-none-eabi/6.3.1/../../../../arm-none-eabi/lib/thumb/v7e-m\libc.a(lib_a-vfiprintf.o)
 .rodata._setlocale_r.str1.4
                0x00005f98        0xa c:/program files (x86)/atmel/studio/7.0/toolchain/arm/arm-gnu-toolchain/bin/../lib/gcc/arm-none-eabi/6.3.1/../../../../arm-none-eabi/lib/thumb/v7e-m\libc.a(lib_a-locale.o)
                                  0xd (size before relaxing)
 *fill*         0x00005fa2        0x2 
 .rodata.str1.4
                0x00005fa4        0x4 c:/program files (x86)/atmel/studio/7.0/toolchain/arm/arm-gnu-toolchain/bin/../lib/gcc/arm-none-eabi/6.3.1/../../../../arm-none-eabi/lib/thumb/v7e-m\libc.a(lib_a-locale.o)
                                  0x2 (size before relaxing)
 .rodata._ctype_
                0x00005fa8      0x101 c:/program files (x86)/atmel/studio/7.0/toolchain/arm/arm-gnu-toolchain/bin/../lib/gcc/arm-none-eabi/6.3.1/../../../../arm-none-eabi/lib/thumb/v7e-m\libc.a(lib_a-ctype_.o)
                0x00005fa8                _ctype_
 *(.ARM.extab* .gnu.linkonce.armextab.*)
                0x000060ac                . = ALIGN (0x4)
 *fill*         0x000060a9        0x3 
 *(.init)
 .init          0x000060ac        0x4 c:/program files (x86)/atmel/studio/7.0/toolchain/arm/arm-gnu-toolchain/bin/../lib/gcc/arm-none-eabi/6.3.1/thumb/v7e-m/crti.o
                0x000060ac                _init
 .init          0x000060b0        0x8 c:/program files (x86)/atmel/studio/7.0/toolchain/arm/arm-gnu-toolchain/bin/../lib/gcc/arm-none-eabi/6.3.1/thumb/v7e-m/crtn.o
                0x000060b8                . = ALIGN (0x4)
                0x000060b8                __preinit_array_start = .
 *(.preinit_array)
                0x000060b8                __preinit_array_end = .
                0x000060b8                . = ALIGN (0x4)
                0x000060b8                __init_array_start = .
 *(SORT(.init_array.*))
 .init_array.00000
                0x000060b8        0x4 c:/program files (x86)/atmel/studio/7.0/toolchain/arm/arm-gnu-toolchain/bin/../lib/gcc/arm-none-eabi/6.3.1/../../../../arm-none-eabi/lib/thumb/v7e-m\libc.a(lib_a-__call_atexit.o)
 *(.init_array)
 .init_array    0x000060bc        0x4 c:/program files (x86)/atmel/studio/7.0/toolchain/arm/arm-gnu-toolchain/bin/../lib/gcc/arm-none-eabi/6.3.1/thumb/v7e-m/crtbegin.o
                0x000060c0                __init_array_end = .
                0x000060c0                . = ALIGN (0x4)
 *crtbegin.o(.ctors)
 *(EXCLUDE_FILE(*crtend.o) .ctors)
 *(SORT(.ctors.*))
 *crtend.o(.ctors)
                0x000060c0                . = ALIGN (0x4)
 *(.fini)
 .fini          0x000060c0        0x4 c:/program files (x86)/atmel/studio/7.0/toolchain/arm/arm-gnu-toolchain/bin/../lib/gcc/arm-none-eabi/6.3.1/thumb/v7e-m/crti.o
                0x000060c0                _fini
 .fini          0x000060c4        0x8 c:/program files (x86)/atmel/studio/7.0/toolchain/arm/arm-gnu-toolchain/bin/../lib/gcc/arm-none-eabi/6.3.1/thumb/v7e-m/crtn.o
                0x000060cc                . = ALIGN (0x4)
                0x000060cc                __fini_array_start = .
 *(.fini_array)
 .fini_array    0x000060cc        0x4 c:/program files (x86)/atmel/studio/7.0/toolchain/arm/arm-gnu-toolchain/bin/../lib/gcc/arm-none-eabi/6.3.1/thumb/v7e-m/crtbegin.o
 *(SORT(.fini_array.*))
                0x000060d0                __fini_array_end = .
 *crtbegin.o(.dtors)
 *(EXCLUDE_FILE(*crtend.o) .dtors)
 *(SORT(.dtors.*))
 *crtend.o(.dtors)
                0x000060d0                . = ALIGN (0x4)
                0x000060d0                _efixed = .
                [!provide]                PROVIDE (__exidx_start, .)

.vfp11_veneer   0x000060d0        0x0
 .vfp11_veneer  0x000060d0        0x0 linker stubs

.v4_bx          0x000060d0        0x0
 .v4_bx         0x000060d0        0x0 linker stubs

.iplt           0x000060d0        0x0
 .iplt          0x000060d0        0x0 c:/program files (x86)/atmel/studio/7.0/toolchain/arm/arm-gnu-toolchain/bin/../lib/gcc/arm-none-eabi/6.3.1/thumb/v7e-m/crtbegin.o

.ARM.exidx      0x000060d0        0x8
 *(.ARM.exidx* .gnu.linkonce.armexidx.*)
 .ARM.exidx     0x000060d0        0x8 c:/program files (x86)/atmel/studio/7.0/toolchain/arm/arm-gnu-toolchain/bin/../lib/gcc/arm-none-eabi/6.3.1/thumb/v7e-m\libgcc.a(_udivmoddi4.o)
                [!provide]                PROVIDE (__exidx_end, .)

.eh_frame       0x000060d8        0x0
 .eh_frame      0x000060d8        0x0 c:/program files (x86)/atmel/studio/7.0/toolchain/arm/arm-gnu-toolchain/bin/../lib/gcc/arm-none-eabi/6.3.1/thumb/v7e-m/crtbegin.o

.rel.dyn        0x000060d8        0x0
 .rel.iplt      0x000060d8        0x0 c:/program files (x86)/atmel/studio/7.0/toolchain/arm/arm-gnu-toolchain/bin/../lib/gcc/arm-none-eabi/6.3.1/thumb/v7e-m/crtbegin.o

.jcr            0x000060d8        0x0
 .jcr           0x000060d8        0x0 c:/program files (x86)/atmel/studio/7.0/toolchain/arm/arm-gnu-toolchain/bin/../lib/gcc/arm-none-eabi/6.3.1/thumb/v7e-m/crtbegin.o

.igot.plt       0x000060d8        0x0
 .igot.plt      0x000060d8        0x0 c:/program files (x86)/atmel/studio/7.0/toolchain/arm/arm-gnu-toolchain/bin/../lib/gcc/arm-none-eabi/6.3.1/thumb/v7e-m/crtbegin.o
                0x000060d8                . = ALIGN (0x4)
                0x000060d8                _etext = .

.relocate       0x20000000      0xab8 load address 0x000060d8
                0x20000000                . = ALIGN (0x4)
                0x20000000                _srelocate = .
 *(.ramfunc .ramfunc.*)
 .ramfunc       0x20000000       0x2c src/ASF/sam/drivers/bpm/bpm.o
                0x20000000                bpm_ps_no_halt_exec
 *(.data .data.*)
 .data.udi_api_hid_generic
                0x2000002c       0x14 src/ASF/common/services/usb/class/hid/device/generic/udi_hid_generic.o
                0x2000002c                udi_api_hid_generic
 .data.udi_hid_generic_report_desc
                0x20000040       0x3c src/ASF/common/services/usb/class/hid/device/generic/udi_hid_generic.o
                0x20000040                udi_hid_generic_report_desc
 .data.udc_string_desc
                0x2000007c       0x12 src/ASF/common/services/usb/udc/udc.o
 *fill*         0x2000008e        0x2 
 .data.udc_string_desc_languageid
                0x20000090        0x4 src/ASF/common/services/usb/udc/udc.o
 .data.udc_string_manufacturer_name
                0x20000094        0x7 src/ASF/common/services/usb/udc/udc.o
 *fill*         0x2000009b        0x1 
 .data.udc_string_product_name
                0x2000009c        0x9 src/ASF/common/services/usb/udc/udc.o
 *fill*         0x200000a5        0x3 
 .data.udc_config
                0x200000a8        0xc src/ASF/common/services/usb/class/hid/device/generic/udi_hid_generic_desc.o
                0x200000a8                udc_config
 .data.udc_config_fshs
                0x200000b4        0x8 src/ASF/common/services/usb/class/hid/device/generic/udi_hid_generic_desc.o
                0x200000b4                udc_config_fshs
 .data.udc_desc
                0x200000bc       0x29 src/ASF/common/services/usb/class/hid/device/generic/udi_hid_generic_desc.o
                0x200000bc                udc_desc
 *fill*         0x200000e5        0x3 
 .data.udc_device_desc
                0x200000e8       0x12 src/ASF/common/services/usb/class/hid/device/generic/udi_hid_generic_desc.o
                0x200000e8                udc_device_desc
 *fill*         0x200000fa        0x2 
 .data.udi_apis
                0x200000fc        0x4 src/ASF/common/services/usb/class/hid/device/generic/udi_hid_generic_desc.o
                0x200000fc                udi_apis
 .data.flashcalw_wait_until_ready
                0x20000100        0x4 src/ASF/sam/drivers/flashcalw/flashcalw.o
                0x20000100                flashcalw_wait_until_ready
 .data.g_interrupt_enabled
                0x20000104        0x1 src/ASF/common/utils/interrupt/interrupt_sam_nvic.o
                0x20000104                g_interrupt_enabled
 *fill*         0x20000105        0x3 
 .data._impure_ptr
                0x20000108        0x4 c:/program files (x86)/atmel/studio/7.0/toolchain/arm/arm-gnu-toolchain/bin/../lib/gcc/arm-none-eabi/6.3.1/../../../../arm-none-eabi/lib/thumb/v7e-m\libc.a(lib_a-impure.o)
                0x20000108                _impure_ptr
 *fill*         0x2000010c        0x4 
 .data.impure_data
                0x20000110      0x428 c:/program files (x86)/atmel/studio/7.0/toolchain/arm/arm-gnu-toolchain/bin/../lib/gcc/arm-none-eabi/6.3.1/../../../../arm-none-eabi/lib/thumb/v7e-m\libc.a(lib_a-impure.o)
 .data.__atexit_recursive_mutex
                0x20000538        0x4 c:/program files (x86)/atmel/studio/7.0/toolchain/arm/arm-gnu-toolchain/bin/../lib/gcc/arm-none-eabi/6.3.1/../../../../arm-none-eabi/lib/thumb/v7e-m\libc.a(lib_a-__call_atexit.o)
                0x20000538                __atexit_recursive_mutex
 .data.__global_locale
                0x2000053c      0x16c c:/program files (x86)/atmel/studio/7.0/toolchain/arm/arm-gnu-toolchain/bin/../lib/gcc/arm-none-eabi/6.3.1/../../../../arm-none-eabi/lib/thumb/v7e-m\libc.a(lib_a-locale.o)
                0x2000053c                __global_locale
 .data.__malloc_av_
                0x200006a8      0x408 c:/program files (x86)/atmel/studio/7.0/toolchain/arm/arm-gnu-toolchain/bin/../lib/gcc/arm-none-eabi/6.3.1/../../../../arm-none-eabi/lib/thumb/v7e-m\libc.a(lib_a-mallocr.o)
                0x200006a8                __malloc_av_
 .data.__malloc_sbrk_base
                0x20000ab0        0x4 c:/program files (x86)/atmel/studio/7.0/toolchain/arm/arm-gnu-toolchain/bin/../lib/gcc/arm-none-eabi/6.3.1/../../../../arm-none-eabi/lib/thumb/v7e-m\libc.a(lib_a-mallocr.o)
                0x20000ab0                __malloc_sbrk_base
 .data.__malloc_trim_threshold
                0x20000ab4        0x4 c:/program files (x86)/atmel/studio/7.0/toolchain/arm/arm-gnu-toolchain/bin/../lib/gcc/arm-none-eabi/6.3.1/../../../../arm-none-eabi/lib/thumb/v7e-m\libc.a(lib_a-mallocr.o)
                0x20000ab4                __malloc_trim_threshold
                0x20000ab8                . = ALIGN (0x4)
                0x20000ab8                _erelocate = .

.bss            0x20000ac0      0x378 load address 0x00006ba0
                0x20000ac0                . = ALIGN (0x4)
                0x20000ac0                _sbss = .
                0x20000ac0                _szero = .
 *(.bss .bss.*)
 .bss           0x20000ac0       0x1c c:/program files (x86)/atmel/studio/7.0/toolchain/arm/arm-gnu-toolchain/bin/../lib/gcc/arm-none-eabi/6.3.1/thumb/v7e-m/crtbegin.o
 .bss.udi_hid_generic_b_report_in_free
                0x20000adc        0x1 src/ASF/common/services/usb/class/hid/device/generic/udi_hid_generic.o
 *fill*         0x20000add        0x3 
 .bss.udi_hid_generic_protocol
                0x20000ae0        0x1 src/ASF/common/services/usb/class/hid/device/generic/udi_hid_generic.o
 *fill*         0x20000ae1        0x3 
 .bss.udi_hid_generic_rate
                0x20000ae4        0x1 src/ASF/common/services/usb/class/hid/device/generic/udi_hid_generic.o
 *fill*         0x20000ae5        0x3 
 .bss.udi_hid_generic_report_feature
                0x20000ae8        0x4 src/ASF/common/services/usb/class/hid/device/generic/udi_hid_generic.o
 .bss.udi_hid_generic_report_in
                0x20000aec        0x5 src/ASF/common/services/usb/class/hid/device/generic/udi_hid_generic.o
 *fill*         0x20000af1        0x3 
 .bss.udi_hid_generic_report_out
                0x20000af4       0x40 src/ASF/common/services/usb/class/hid/device/generic/udi_hid_generic.o
 .bss.udc_device_status
                0x20000b34        0x2 src/ASF/common/services/usb/udc/udc.o
 .bss.udc_ep_status.8268
                0x20000b36        0x2 src/ASF/common/services/usb/udc/udc.o
 .bss.udc_iface_setting
                0x20000b38        0x1 src/ASF/common/services/usb/udc/udc.o
 *fill*         0x20000b39        0x3 
 .bss.udc_num_configuration
                0x20000b3c        0x1 src/ASF/common/services/usb/udc/udc.o
 *fill*         0x20000b3d        0x3 
 .bss.udc_ptr_conf
                0x20000b40        0x4 src/ASF/common/services/usb/udc/udc.o
 .bss.udc_ptr_iface
                0x20000b44        0x4 src/ASF/common/services/usb/udc/udc.o
 .bss.b_shortpacket.9351
                0x20000b48        0x1 src/ASF/sam/drivers/usbc/usbc_device.o
 .bss.udd_b_idle
                0x20000b49        0x1 src/ASF/sam/drivers/usbc/usbc_device.o
 .bss.udd_ctrl_payload_nb_trans
                0x20000b4a        0x2 src/ASF/sam/drivers/usbc/usbc_device.o
 .bss.udd_ctrl_prev_payload_nb_trans
                0x20000b4c        0x2 src/ASF/sam/drivers/usbc/usbc_device.o
 .bss.udd_ep_control_state
                0x20000b4e        0x1 src/ASF/sam/drivers/usbc/usbc_device.o
 *fill*         0x20000b4f        0x1 
 .bss.udd_ep_job
                0x20000b50       0x28 src/ASF/sam/drivers/usbc/usbc_device.o
 *fill*         0x20000b78        0x8 
 .bss.udd_g_ep_table
                0x20000b80       0x60 src/ASF/sam/drivers/usbc/usbc_device.o
 .bss.flashcalw_error_status
                0x20000be0        0x4 src/ASF/sam/drivers/flashcalw/flashcalw.o
 .bss.gpio_int_sources
                0x20000be4       0x30 src/ASF/sam/drivers/gpio/gpio.o
 .bss.gpio_nb_sources
                0x20000c14        0x4 src/ASF/sam/drivers/gpio/gpio.o
 .bss.p_twim_next_rx_data
                0x20000c18       0x10 src/ASF/sam/drivers/twim/twim.o
 .bss.p_twim_next_tx_data
                0x20000c28       0x10 src/ASF/sam/drivers/twim/twim.o
 .bss.p_twim_rx_data
                0x20000c38       0x10 src/ASF/sam/drivers/twim/twim.o
 .bss.p_twim_tx_data
                0x20000c48       0x10 src/ASF/sam/drivers/twim/twim.o
 .bss.transfer_status
                0x20000c58        0x4 src/ASF/sam/drivers/twim/twim.o
 .bss.twim_it_mask
                0x20000c5c       0x10 src/ASF/sam/drivers/twim/twim.o
 .bss.twim_next_cmd_xfer_valid
                0x20000c6c        0x4 src/ASF/sam/drivers/twim/twim.o
 .bss.twim_next_rx_nb_bytes
                0x20000c70       0x10 src/ASF/sam/drivers/twim/twim.o
 .bss.twim_next_tx_nb_bytes
                0x20000c80       0x10 src/ASF/sam/drivers/twim/twim.o
 .bss.twim_rx_nb_bytes
                0x20000c90       0x10 src/ASF/sam/drivers/twim/twim.o
 .bss.twim_tx_nb_bytes
                0x20000ca0       0x10 src/ASF/sam/drivers/twim/twim.o
 .bss.heap.5297
                0x20000cb0        0x4 src/ASF/sam/utils/syscalls/gcc/syscalls.o
 .bss.prev_A    0x20000cb4        0x1 src/main.o
                0x20000cb4                prev_A
 .bss.prev_B    0x20000cb5        0x1 src/main.o
                0x20000cb5                prev_B
 .bss.smooth_cnt
                0x20000cb6        0x2 src/main.o
                0x20000cb6                smooth_cnt
 .bss.__malloc_current_mallinfo
                0x20000cb8       0x28 c:/program files (x86)/atmel/studio/7.0/toolchain/arm/arm-gnu-toolchain/bin/../lib/gcc/arm-none-eabi/6.3.1/../../../../arm-none-eabi/lib/thumb/v7e-m\libc.a(lib_a-mallocr.o)
                0x20000cb8                __malloc_current_mallinfo
 .bss.__malloc_max_sbrked_mem
                0x20000ce0        0x4 c:/program files (x86)/atmel/studio/7.0/toolchain/arm/arm-gnu-toolchain/bin/../lib/gcc/arm-none-eabi/6.3.1/../../../../arm-none-eabi/lib/thumb/v7e-m\libc.a(lib_a-mallocr.o)
                0x20000ce0                __malloc_max_sbrked_mem
 .bss.__malloc_max_total_mem
                0x20000ce4        0x4 c:/program files (x86)/atmel/studio/7.0/toolchain/arm/arm-gnu-toolchain/bin/../lib/gcc/arm-none-eabi/6.3.1/../../../../arm-none-eabi/lib/thumb/v7e-m\libc.a(lib_a-mallocr.o)
                0x20000ce4                __malloc_max_total_mem
 .bss.__malloc_top_pad
                0x20000ce8        0x4 c:/program files (x86)/atmel/studio/7.0/toolchain/arm/arm-gnu-toolchain/bin/../lib/gcc/arm-none-eabi/6.3.1/../../../../arm-none-eabi/lib/thumb/v7e-m\libc.a(lib_a-mallocr.o)
                0x20000ce8                __malloc_top_pad
 *(COMMON)
 COMMON         0x20000cec        0x8 src/ASF/common/services/sleepmgr/sam4l/sleepmgr.o
                0x20000cec                sleepmgr_locks
 COMMON         0x20000cf4        0x5 src/ASF/common/services/usb/class/hid/device/generic/udi_hid_generic.o
                0x20000cf4                _vfo_report
 *fill*         0x20000cf9        0x3 
 COMMON         0x20000cfc       0xa0 src/ASF/sam/drivers/usbc/usbc_device.o
                0x20000cfc                udd_ep_out_cache_buffer
                0x20000d7c                udd_g_ctrlreq
                0x20000d94                udd_ctrl_buffer
 COMMON         0x20000d9c       0x24 src/ASF/sam/drivers/eic/eic.o
                0x20000d9c                eic_callback_pointer
 COMMON         0x20000dc0       0x40 src/ASF/sam/drivers/pdca/pdca.o
                0x20000dc0                pdca_callback_pointer
 COMMON         0x20000e00       0x10 src/ASF/sam/drivers/twim/twim.o
                0x20000e00                twim_callback_pointer
 COMMON         0x20000e10       0x21 c:/program files (x86)/atmel/studio/7.0/toolchain/arm/arm-gnu-toolchain/bin/../lib/gcc/arm-none-eabi/6.3.1/../../../../arm-none-eabi/lib/thumb/v7e-m\libc.a(lib_a-lock.o)
                0x20000e10                __lock___atexit_recursive_mutex
                0x20000e14                __lock___arc4random_mutex
                0x20000e18                __lock___env_recursive_mutex
                0x20000e1c                __lock___sinit_recursive_mutex
                0x20000e20                __lock___malloc_recursive_mutex
                0x20000e24                __lock___at_quick_exit_mutex
                0x20000e28                __lock___dd_hash_mutex
                0x20000e2c                __lock___tz_mutex
                0x20000e30                __lock___sfp_recursive_mutex
 *fill*         0x20000e31        0x3 
 COMMON         0x20000e34        0x4 c:/program files (x86)/atmel/studio/7.0/toolchain/arm/arm-gnu-toolchain/bin/../lib/gcc/arm-none-eabi/6.3.1/../../../../arm-none-eabi/lib/thumb/v7e-m\libc.a(lib_a-reent.o)
                0x20000e34                errno
                0x20000e38                . = ALIGN (0x4)
                0x20000e38                _ebss = .
                0x20000e38                _ezero = .

.stack          0x20000e38     0x1000 load address 0x00006f18
                0x20000e38                . = ALIGN (0x8)
                0x20000e38                _sstack = .
                0x20001e38                . = (. + __stack_size__)
 *fill*         0x20000e38     0x1000 
                0x20001e38                . = ALIGN (0x8)
                0x20001e38                _estack = .
                0x20001e38                . = ALIGN (0x4)
                0x20001e38                _end = .
OUTPUT(VFODial_sam4.elf elf32-littlearm)

.ARM.attributes
                0x00000000       0x2a
 .ARM.attributes
                0x00000000       0x1e c:/program files (x86)/atmel/studio/7.0/toolchain/arm/arm-gnu-toolchain/bin/../lib/gcc/arm-none-eabi/6.3.1/thumb/v7e-m/crti.o
 .ARM.attributes
                0x0000001e       0x2e c:/program files (x86)/atmel/studio/7.0/toolchain/arm/arm-gnu-toolchain/bin/../lib/gcc/arm-none-eabi/6.3.1/thumb/v7e-m/crtbegin.o
 .ARM.attributes
                0x0000004c       0x33 src/ASF/common/services/sleepmgr/sam4l/sleepmgr.o
 .ARM.attributes
                0x0000007f       0x33 src/ASF/common/services/usb/class/hid/device/generic/udi_hid_generic.o
 .ARM.attributes
                0x000000b2       0x33 src/ASF/common/services/usb/udc/udc.o
 .ARM.attributes
                0x000000e5       0x33 src/ASF/sam/drivers/usbc/usbc_device.o
 .ARM.attributes
                0x00000118       0x33 src/ASF/common/services/usb/class/hid/device/generic/udi_hid_generic_desc.o
 .ARM.attributes
                0x0000014b       0x33 src/ASF/common/services/usb/class/hid/device/udi_hid.o
 .ARM.attributes
                0x0000017e       0x33 src/ASF/common/services/clock/sam4l/osc.o
 .ARM.attributes
                0x000001b1       0x33 src/ASF/common/services/clock/sam4l/pll.o
 .ARM.attributes
                0x000001e4       0x33 src/ASF/common/services/clock/sam4l/sysclk.o
 .ARM.attributes
                0x00000217       0x33 src/ASF/sam/drivers/bpm/bpm.o
 .ARM.attributes
                0x0000024a       0x33 src/ASF/sam/drivers/eic/eic.o
 .ARM.attributes
                0x0000027d       0x33 src/ASF/sam/drivers/flashcalw/flashcalw.o
 .ARM.attributes
                0x000002b0       0x33 src/ASF/sam/drivers/gpio/gpio.o
 .ARM.attributes
                0x000002e3       0x33 src/ASF/sam/drivers/pdca/pdca.o
 .ARM.attributes
                0x00000316       0x33 src/ASF/sam/drivers/twim/twim.o
 .ARM.attributes
                0x00000349       0x33 src/ASF/common/utils/interrupt/interrupt_sam_nvic.o
 .ARM.attributes
                0x0000037c       0x33 src/ASF/sam/utils/cmsis/sam4l/source/templates/exceptions.o
 .ARM.attributes
                0x000003af       0x33 src/ASF/sam/utils/cmsis/sam4l/source/templates/gcc/startup_sam4l.o
 .ARM.attributes
                0x000003e2       0x33 src/ASF/sam/utils/syscalls/gcc/syscalls.o
 .ARM.attributes
                0x00000415       0x33 src/main.o
 .ARM.attributes
                0x00000448       0x2e c:/program files (x86)/atmel/studio/7.0/toolchain/arm/arm-gnu-toolchain/bin/../lib/gcc/arm-none-eabi/6.3.1/../../../../arm-none-eabi/lib/thumb/v7e-m\libc.a(lib_a-impure.o)
 .ARM.attributes
                0x00000476       0x2e c:/program files (x86)/atmel/studio/7.0/toolchain/arm/arm-gnu-toolchain/bin/../lib/gcc/arm-none-eabi/6.3.1/../../../../arm-none-eabi/lib/thumb/v7e-m\libc.a(lib_a-init.o)
 .ARM.attributes
                0x000004a4       0x2e c:/program files (x86)/atmel/studio/7.0/toolchain/arm/arm-gnu-toolchain/bin/../lib/gcc/arm-none-eabi/6.3.1/../../../../arm-none-eabi/lib/thumb/v7e-m\libc.a(lib_a-iprintf.o)
 .ARM.attributes
                0x000004d2       0x1c c:/program files (x86)/atmel/studio/7.0/toolchain/arm/arm-gnu-toolchain/bin/../lib/gcc/arm-none-eabi/6.3.1/../../../../arm-none-eabi/lib/thumb/v7e-m\libc.a(lib_a-memcpy.o)
 .ARM.attributes
                0x000004ee       0x2e c:/program files (x86)/atmel/studio/7.0/toolchain/arm/arm-gnu-toolchain/bin/../lib/gcc/arm-none-eabi/6.3.1/../../../../arm-none-eabi/lib/thumb/v7e-m\libc.a(lib_a-memset.o)
 .ARM.attributes
                0x0000051c       0x2e c:/program files (x86)/atmel/studio/7.0/toolchain/arm/arm-gnu-toolchain/bin/../lib/gcc/arm-none-eabi/6.3.1/../../../../arm-none-eabi/lib/thumb/v7e-m\libc.a(lib_a-vfiprintf.o)
 .ARM.attributes
                0x0000054a       0x2e c:/program files (x86)/atmel/studio/7.0/toolchain/arm/arm-gnu-toolchain/bin/../lib/gcc/arm-none-eabi/6.3.1/../../../../arm-none-eabi/lib/thumb/v7e-m\libc.a(lib_a-wsetup.o)
 .ARM.attributes
                0x00000578       0x2e c:/program files (x86)/atmel/studio/7.0/toolchain/arm/arm-gnu-toolchain/bin/../lib/gcc/arm-none-eabi/6.3.1/../../../../arm-none-eabi/lib/thumb/v7e-m\libc.a(lib_a-__call_atexit.o)
 .ARM.attributes
                0x000005a6       0x2e c:/program files (x86)/atmel/studio/7.0/toolchain/arm/arm-gnu-toolchain/bin/../lib/gcc/arm-none-eabi/6.3.1/../../../../arm-none-eabi/lib/thumb/v7e-m\libc.a(lib_a-atexit.o)
 .ARM.attributes
                0x000005d4       0x2e c:/program files (x86)/atmel/studio/7.0/toolchain/arm/arm-gnu-toolchain/bin/../lib/gcc/arm-none-eabi/6.3.1/../../../../arm-none-eabi/lib/thumb/v7e-m\libc.a(lib_a-fflush.o)
 .ARM.attributes
                0x00000602       0x2e c:/program files (x86)/atmel/studio/7.0/toolchain/arm/arm-gnu-toolchain/bin/../lib/gcc/arm-none-eabi/6.3.1/../../../../arm-none-eabi/lib/thumb/v7e-m\libc.a(lib_a-findfp.o)
 .ARM.attributes
                0x00000630       0x2e c:/program files (x86)/atmel/studio/7.0/toolchain/arm/arm-gnu-toolchain/bin/../lib/gcc/arm-none-eabi/6.3.1/../../../../arm-none-eabi/lib/thumb/v7e-m\libc.a(lib_a-fini.o)
 .ARM.attributes
                0x0000065e       0x2e c:/program files (x86)/atmel/studio/7.0/toolchain/arm/arm-gnu-toolchain/bin/../lib/gcc/arm-none-eabi/6.3.1/../../../../arm-none-eabi/lib/thumb/v7e-m\libc.a(lib_a-fputwc.o)
 .ARM.attributes
                0x0000068c       0x2e c:/program files (x86)/atmel/studio/7.0/toolchain/arm/arm-gnu-toolchain/bin/../lib/gcc/arm-none-eabi/6.3.1/../../../../arm-none-eabi/lib/thumb/v7e-m\libc.a(lib_a-freer.o)
 .ARM.attributes
                0x000006ba       0x2e c:/program files (x86)/atmel/studio/7.0/toolchain/arm/arm-gnu-toolchain/bin/../lib/gcc/arm-none-eabi/6.3.1/../../../../arm-none-eabi/lib/thumb/v7e-m\libc.a(lib_a-fvwrite.o)
 .ARM.attributes
                0x000006e8       0x2e c:/program files (x86)/atmel/studio/7.0/toolchain/arm/arm-gnu-toolchain/bin/../lib/gcc/arm-none-eabi/6.3.1/../../../../arm-none-eabi/lib/thumb/v7e-m\libc.a(lib_a-fwalk.o)
 .ARM.attributes
                0x00000716       0x2e c:/program files (x86)/atmel/studio/7.0/toolchain/arm/arm-gnu-toolchain/bin/../lib/gcc/arm-none-eabi/6.3.1/../../../../arm-none-eabi/lib/thumb/v7e-m\libc.a(lib_a-locale.o)
 .ARM.attributes
                0x00000744       0x2e c:/program files (x86)/atmel/studio/7.0/toolchain/arm/arm-gnu-toolchain/bin/../lib/gcc/arm-none-eabi/6.3.1/../../../../arm-none-eabi/lib/thumb/v7e-m\libc.a(lib_a-lock.o)
 .ARM.attributes
                0x00000772       0x2e c:/program files (x86)/atmel/studio/7.0/toolchain/arm/arm-gnu-toolchain/bin/../lib/gcc/arm-none-eabi/6.3.1/../../../../arm-none-eabi/lib/thumb/v7e-m\libc.a(lib_a-makebuf.o)
 .ARM.attributes
                0x000007a0       0x2e c:/program files (x86)/atmel/studio/7.0/toolchain/arm/arm-gnu-toolchain/bin/../lib/gcc/arm-none-eabi/6.3.1/../../../../arm-none-eabi/lib/thumb/v7e-m\libc.a(lib_a-mallocr.o)
 .ARM.attributes
                0x000007ce       0x2e c:/program files (x86)/atmel/studio/7.0/toolchain/arm/arm-gnu-toolchain/bin/../lib/gcc/arm-none-eabi/6.3.1/../../../../arm-none-eabi/lib/thumb/v7e-m\libc.a(lib_a-mbtowc_r.o)
 .ARM.attributes
                0x000007fc       0x1c c:/program files (x86)/atmel/studio/7.0/toolchain/arm/arm-gnu-toolchain/bin/../lib/gcc/arm-none-eabi/6.3.1/../../../../arm-none-eabi/lib/thumb/v7e-m\libc.a(lib_a-memchr.o)
 .ARM.attributes
                0x00000818       0x2e c:/program files (x86)/atmel/studio/7.0/toolchain/arm/arm-gnu-toolchain/bin/../lib/gcc/arm-none-eabi/6.3.1/../../../../arm-none-eabi/lib/thumb/v7e-m\libc.a(lib_a-memmove.o)
 .ARM.attributes
                0x00000846       0x2e c:/program files (x86)/atmel/studio/7.0/toolchain/arm/arm-gnu-toolchain/bin/../lib/gcc/arm-none-eabi/6.3.1/../../../../arm-none-eabi/lib/thumb/v7e-m\libc.a(lib_a-mlock.o)
 .ARM.attributes
                0x00000874       0x2e c:/program files (x86)/atmel/studio/7.0/toolchain/arm/arm-gnu-toolchain/bin/../lib/gcc/arm-none-eabi/6.3.1/../../../../arm-none-eabi/lib/thumb/v7e-m\libc.a(lib_a-reallocr.o)
 .ARM.attributes
                0x000008a2       0x2e c:/program files (x86)/atmel/studio/7.0/toolchain/arm/arm-gnu-toolchain/bin/../lib/gcc/arm-none-eabi/6.3.1/../../../../arm-none-eabi/lib/thumb/v7e-m\libc.a(lib_a-sbrkr.o)
 .ARM.attributes
                0x000008d0       0x2e c:/program files (x86)/atmel/studio/7.0/toolchain/arm/arm-gnu-toolchain/bin/../lib/gcc/arm-none-eabi/6.3.1/../../../../arm-none-eabi/lib/thumb/v7e-m\libc.a(lib_a-stdio.o)
 .ARM.attributes
                0x000008fe       0x1c c:/program files (x86)/atmel/studio/7.0/toolchain/arm/arm-gnu-toolchain/bin/../lib/gcc/arm-none-eabi/6.3.1/../../../../arm-none-eabi/lib/thumb/v7e-m\libc.a(lib_a-strlen.o)
 .ARM.attributes
                0x0000091a       0x2e c:/program files (x86)/atmel/studio/7.0/toolchain/arm/arm-gnu-toolchain/bin/../lib/gcc/arm-none-eabi/6.3.1/../../../../arm-none-eabi/lib/thumb/v7e-m\libc.a(lib_a-wbuf.o)
 .ARM.attributes
                0x00000948       0x2e c:/program files (x86)/atmel/studio/7.0/toolchain/arm/arm-gnu-toolchain/bin/../lib/gcc/arm-none-eabi/6.3.1/../../../../arm-none-eabi/lib/thumb/v7e-m\libc.a(lib_a-wcrtomb.o)
 .ARM.attributes
                0x00000976       0x2e c:/program files (x86)/atmel/studio/7.0/toolchain/arm/arm-gnu-toolchain/bin/../lib/gcc/arm-none-eabi/6.3.1/../../../../arm-none-eabi/lib/thumb/v7e-m\libc.a(lib_a-wctomb_r.o)
 .ARM.attributes
                0x000009a4       0x2e c:/program files (x86)/atmel/studio/7.0/toolchain/arm/arm-gnu-toolchain/bin/../lib/gcc/arm-none-eabi/6.3.1/../../../../arm-none-eabi/lib/thumb/v7e-m\libc.a(lib_a-writer.o)
 .ARM.attributes
                0x000009d2       0x2e c:/program files (x86)/atmel/studio/7.0/toolchain/arm/arm-gnu-toolchain/bin/../lib/gcc/arm-none-eabi/6.3.1/../../../../arm-none-eabi/lib/thumb/v7e-m\libc.a(lib_a-__atexit.o)
 .ARM.attributes
                0x00000a00       0x2e c:/program files (x86)/atmel/studio/7.0/toolchain/arm/arm-gnu-toolchain/bin/../lib/gcc/arm-none-eabi/6.3.1/../../../../arm-none-eabi/lib/thumb/v7e-m\libc.a(lib_a-closer.o)
 .ARM.attributes
                0x00000a2e       0x2e c:/program files (x86)/atmel/studio/7.0/toolchain/arm/arm-gnu-toolchain/bin/../lib/gcc/arm-none-eabi/6.3.1/../../../../arm-none-eabi/lib/thumb/v7e-m\libc.a(lib_a-ctype_.o)
 .ARM.attributes
                0x00000a5c       0x2e c:/program files (x86)/atmel/studio/7.0/toolchain/arm/arm-gnu-toolchain/bin/../lib/gcc/arm-none-eabi/6.3.1/../../../../arm-none-eabi/lib/thumb/v7e-m\libc.a(lib_a-fclose.o)
 .ARM.attributes
                0x00000a8a       0x2e c:/program files (x86)/atmel/studio/7.0/toolchain/arm/arm-gnu-toolchain/bin/../lib/gcc/arm-none-eabi/6.3.1/../../../../arm-none-eabi/lib/thumb/v7e-m\libc.a(lib_a-fstatr.o)
 .ARM.attributes
                0x00000ab8       0x2e c:/program files (x86)/atmel/studio/7.0/toolchain/arm/arm-gnu-toolchain/bin/../lib/gcc/arm-none-eabi/6.3.1/../../../../arm-none-eabi/lib/thumb/v7e-m\libc.a(lib_a-isattyr.o)
 .ARM.attributes
                0x00000ae6       0x2e c:/program files (x86)/atmel/studio/7.0/toolchain/arm/arm-gnu-toolchain/bin/../lib/gcc/arm-none-eabi/6.3.1/../../../../arm-none-eabi/lib/thumb/v7e-m\libc.a(lib_a-lseekr.o)
 .ARM.attributes
                0x00000b14       0x2e c:/program files (x86)/atmel/studio/7.0/toolchain/arm/arm-gnu-toolchain/bin/../lib/gcc/arm-none-eabi/6.3.1/../../../../arm-none-eabi/lib/thumb/v7e-m\libc.a(lib_a-readr.o)
 .ARM.attributes
                0x00000b42       0x2e c:/program files (x86)/atmel/studio/7.0/toolchain/arm/arm-gnu-toolchain/bin/../lib/gcc/arm-none-eabi/6.3.1/../../../../arm-none-eabi/lib/thumb/v7e-m\libc.a(lib_a-reent.o)
 .ARM.attributes
                0x00000b70       0x1e c:/program files (x86)/atmel/studio/7.0/toolchain/arm/arm-gnu-toolchain/bin/../lib/gcc/arm-none-eabi/6.3.1/thumb/v7e-m\libgcc.a(_aeabi_uldivmod.o)
 .ARM.attributes
                0x00000b8e       0x2e c:/program files (x86)/atmel/studio/7.0/toolchain/arm/arm-gnu-toolchain/bin/../lib/gcc/arm-none-eabi/6.3.1/thumb/v7e-m\libgcc.a(_udivmoddi4.o)
 .ARM.attributes
                0x00000bbc       0x1e c:/program files (x86)/atmel/studio/7.0/toolchain/arm/arm-gnu-toolchain/bin/../lib/gcc/arm-none-eabi/6.3.1/thumb/v7e-m\libgcc.a(_dvmd_tls.o)
 .ARM.attributes
                0x00000bda       0x2e c:/program files (x86)/atmel/studio/7.0/toolchain/arm/arm-gnu-toolchain/bin/../lib/gcc/arm-none-eabi/6.3.1/../../../../arm-none-eabi/lib/thumb/v7e-m\libnosys.a(read.o)
 .ARM.attributes
                0x00000c08       0x2e c:/program files (x86)/atmel/studio/7.0/toolchain/arm/arm-gnu-toolchain/bin/../lib/gcc/arm-none-eabi/6.3.1/../../../../arm-none-eabi/lib/thumb/v7e-m\libnosys.a(write.o)
 .ARM.attributes
                0x00000c36       0x1e c:/program files (x86)/atmel/studio/7.0/toolchain/arm/arm-gnu-toolchain/bin/../lib/gcc/arm-none-eabi/6.3.1/thumb/v7e-m/crtn.o

.comment        0x00000000       0x59
 .comment       0x00000000       0x59 src/ASF/common/services/sleepmgr/sam4l/sleepmgr.o
                                 0x5a (size before relaxing)
 .comment       0x00000059       0x5a src/ASF/common/services/usb/class/hid/device/generic/udi_hid_generic.o
 .comment       0x00000059       0x5a src/ASF/common/services/usb/udc/udc.o
 .comment       0x00000059       0x5a src/ASF/sam/drivers/usbc/usbc_device.o
 .comment       0x00000059       0x5a src/ASF/common/services/usb/class/hid/device/generic/udi_hid_generic_desc.o
 .comment       0x00000059       0x5a src/ASF/common/services/usb/class/hid/device/udi_hid.o
 .comment       0x00000059       0x5a src/ASF/common/services/clock/sam4l/osc.o
 .comment       0x00000059       0x5a src/ASF/common/services/clock/sam4l/pll.o
 .comment       0x00000059       0x5a src/ASF/common/services/clock/sam4l/sysclk.o
 .comment       0x00000059       0x5a src/ASF/sam/drivers/bpm/bpm.o
 .comment       0x00000059       0x5a src/ASF/sam/drivers/eic/eic.o
 .comment       0x00000059       0x5a src/ASF/sam/drivers/flashcalw/flashcalw.o
 .comment       0x00000059       0x5a src/ASF/sam/drivers/gpio/gpio.o
 .comment       0x00000059       0x5a src/ASF/sam/drivers/pdca/pdca.o
 .comment       0x00000059       0x5a src/ASF/sam/drivers/twim/twim.o
 .comment       0x00000059       0x5a src/ASF/common/utils/interrupt/interrupt_sam_nvic.o
 .comment       0x00000059       0x5a src/ASF/sam/utils/cmsis/sam4l/source/templates/exceptions.o
 .comment       0x00000059       0x5a src/ASF/sam/utils/cmsis/sam4l/source/templates/gcc/startup_sam4l.o
 .comment       0x00000059       0x5a src/ASF/sam/utils/syscalls/gcc/syscalls.o
 .comment       0x00000059       0x5a src/main.o

.debug_info     0x00000000    0x1f52c
 .debug_info    0x00000000      0xa9a src/ASF/common/services/sleepmgr/sam4l/sleepmgr.o
 .debug_info    0x00000a9a     0x1391 src/ASF/common/services/usb/class/hid/device/generic/udi_hid_generic.o
 .debug_info    0x00001e2b     0x1b05 src/ASF/common/services/usb/udc/udc.o
 .debug_info    0x00003930     0x4176 src/ASF/sam/drivers/usbc/usbc_device.o
 .debug_info    0x00007aa6     0x11a7 src/ASF/common/services/usb/class/hid/device/generic/udi_hid_generic_desc.o
 .debug_info    0x00008c4d     0x1080 src/ASF/common/services/usb/class/hid/device/udi_hid.o
 .debug_info    0x00009ccd     0x18ce src/ASF/common/services/clock/sam4l/osc.o
 .debug_info    0x0000b59b     0x10c0 src/ASF/common/services/clock/sam4l/pll.o
 .debug_info    0x0000c65b     0x33f8 src/ASF/common/services/clock/sam4l/sysclk.o
 .debug_info    0x0000fa53     0x1711 src/ASF/sam/drivers/bpm/bpm.o
 .debug_info    0x00011164     0x183c src/ASF/sam/drivers/eic/eic.o
 .debug_info    0x000129a0     0x25fe src/ASF/sam/drivers/flashcalw/flashcalw.o
 .debug_info    0x00014f9e     0x1bcd src/ASF/sam/drivers/gpio/gpio.o
 .debug_info    0x00016b6b     0x1eeb src/ASF/sam/drivers/pdca/pdca.o
 .debug_info    0x00018a56     0x23f4 src/ASF/sam/drivers/twim/twim.o
 .debug_info    0x0001ae4a      0xaff src/ASF/common/utils/interrupt/interrupt_sam_nvic.o
 .debug_info    0x0001b949       0xdc src/ASF/sam/utils/cmsis/sam4l/source/templates/exceptions.o
 .debug_info    0x0001ba25      0x3cb src/ASF/sam/utils/cmsis/sam4l/source/templates/gcc/startup_sam4l.o
 .debug_info    0x0001bdf0      0xdb0 src/ASF/sam/utils/syscalls/gcc/syscalls.o
 .debug_info    0x0001cba0     0x298c src/main.o

.debug_abbrev   0x00000000     0x3fce
 .debug_abbrev  0x00000000      0x1b2 src/ASF/common/services/sleepmgr/sam4l/sleepmgr.o
 .debug_abbrev  0x000001b2      0x3f0 src/ASF/common/services/usb/class/hid/device/generic/udi_hid_generic.o
 .debug_abbrev  0x000005a2      0x435 src/ASF/common/services/usb/udc/udc.o
 .debug_abbrev  0x000009d7      0x60e src/ASF/sam/drivers/usbc/usbc_device.o
 .debug_abbrev  0x00000fe5      0x1dc src/ASF/common/services/usb/class/hid/device/generic/udi_hid_generic_desc.o
 .debug_abbrev  0x000011c1      0x274 src/ASF/common/services/usb/class/hid/device/udi_hid.o
 .debug_abbrev  0x00001435      0x296 src/ASF/common/services/clock/sam4l/osc.o
 .debug_abbrev  0x000016cb      0x2a5 src/ASF/common/services/clock/sam4l/pll.o
 .debug_abbrev  0x00001970      0x491 src/ASF/common/services/clock/sam4l/sysclk.o
 .debug_abbrev  0x00001e01      0x366 src/ASF/sam/drivers/bpm/bpm.o
 .debug_abbrev  0x00002167      0x38f src/ASF/sam/drivers/eic/eic.o
 .debug_abbrev  0x000024f6      0x469 src/ASF/sam/drivers/flashcalw/flashcalw.o
 .debug_abbrev  0x0000295f      0x350 src/ASF/sam/drivers/gpio/gpio.o
 .debug_abbrev  0x00002caf      0x420 src/ASF/sam/drivers/pdca/pdca.o
 .debug_abbrev  0x000030cf      0x4d6 src/ASF/sam/drivers/twim/twim.o
 .debug_abbrev  0x000035a5      0x221 src/ASF/common/utils/interrupt/interrupt_sam_nvic.o
 .debug_abbrev  0x000037c6       0x7d src/ASF/sam/utils/cmsis/sam4l/source/templates/exceptions.o
 .debug_abbrev  0x00003843      0x11d src/ASF/sam/utils/cmsis/sam4l/source/templates/gcc/startup_sam4l.o
 .debug_abbrev  0x00003960      0x264 src/ASF/sam/utils/syscalls/gcc/syscalls.o
 .debug_abbrev  0x00003bc4      0x40a src/main.o

.debug_aranges  0x00000000      0xa58
 .debug_aranges
                0x00000000       0x18 src/ASF/common/services/sleepmgr/sam4l/sleepmgr.o
 .debug_aranges
                0x00000018       0x68 src/ASF/common/services/usb/class/hid/device/generic/udi_hid_generic.o
 .debug_aranges
                0x00000080       0x70 src/ASF/common/services/usb/udc/udc.o
 .debug_aranges
                0x000000f0       0xf8 src/ASF/sam/drivers/usbc/usbc_device.o
 .debug_aranges
                0x000001e8       0x18 src/ASF/common/services/usb/class/hid/device/generic/udi_hid_generic_desc.o
 .debug_aranges
                0x00000200       0x20 src/ASF/common/services/usb/class/hid/device/udi_hid.o
 .debug_aranges
                0x00000220       0x68 src/ASF/common/services/clock/sam4l/osc.o
 .debug_aranges
                0x00000288       0x30 src/ASF/common/services/clock/sam4l/pll.o
 .debug_aranges
                0x000002b8       0x88 src/ASF/common/services/clock/sam4l/sysclk.o
 .debug_aranges
                0x00000340       0xc0 src/ASF/sam/drivers/bpm/bpm.o
 .debug_aranges
                0x00000400       0x88 src/ASF/sam/drivers/eic/eic.o
 .debug_aranges
                0x00000488      0x250 src/ASF/sam/drivers/flashcalw/flashcalw.o
 .debug_aranges
                0x000006d8       0x88 src/ASF/sam/drivers/gpio/gpio.o
 .debug_aranges
                0x00000760      0x128 src/ASF/sam/drivers/pdca/pdca.o
 .debug_aranges
                0x00000888       0xb0 src/ASF/sam/drivers/twim/twim.o
 .debug_aranges
                0x00000938       0x28 src/ASF/common/utils/interrupt/interrupt_sam_nvic.o
 .debug_aranges
                0x00000960       0x20 src/ASF/sam/utils/cmsis/sam4l/source/templates/exceptions.o
 .debug_aranges
                0x00000980       0x20 src/ASF/sam/utils/cmsis/sam4l/source/templates/gcc/startup_sam4l.o
 .debug_aranges
                0x000009a0       0x60 src/ASF/sam/utils/syscalls/gcc/syscalls.o
 .debug_aranges
                0x00000a00       0x58 src/main.o

.debug_macro    0x00000000    0x30656
 .debug_macro   0x00000000      0x5ef src/ASF/common/services/sleepmgr/sam4l/sleepmgr.o
 .debug_macro   0x000005ef      0x8da src/ASF/common/services/sleepmgr/sam4l/sleepmgr.o
 .debug_macro   0x00000ec9      0x16d src/ASF/common/services/sleepmgr/sam4l/sleepmgr.o
 .debug_macro   0x00001036      0x71d src/ASF/common/services/sleepmgr/sam4l/sleepmgr.o
 .debug_macro   0x00001753       0x76 src/ASF/common/services/sleepmgr/sam4l/sleepmgr.o
 .debug_macro   0x000017c9       0x16 src/ASF/common/services/sleepmgr/sam4l/sleepmgr.o
 .debug_macro   0x000017df      0x6da src/ASF/common/services/sleepmgr/sam4l/sleepmgr.o
 .debug_macro   0x00001eb9       0x22 src/ASF/common/services/sleepmgr/sam4l/sleepmgr.o
 .debug_macro   0x00001edb       0x87 src/ASF/common/services/sleepmgr/sam4l/sleepmgr.o
 .debug_macro   0x00001f62       0x51 src/ASF/common/services/sleepmgr/sam4l/sleepmgr.o
 .debug_macro   0x00001fb3       0xef src/ASF/common/services/sleepmgr/sam4l/sleepmgr.o
 .debug_macro   0x000020a2       0x6a src/ASF/common/services/sleepmgr/sam4l/sleepmgr.o
 .debug_macro   0x0000210c      0x1df src/ASF/common/services/sleepmgr/sam4l/sleepmgr.o
 .debug_macro   0x000022eb       0x64 src/ASF/common/services/sleepmgr/sam4l/sleepmgr.o
 .debug_macro   0x0000234f       0x1c src/ASF/common/services/sleepmgr/sam4l/sleepmgr.o
 .debug_macro   0x0000236b       0x22 src/ASF/common/services/sleepmgr/sam4l/sleepmgr.o
 .debug_macro   0x0000238d       0xdf src/ASF/common/services/sleepmgr/sam4l/sleepmgr.o
 .debug_macro   0x0000246c     0x102d src/ASF/common/services/sleepmgr/sam4l/sleepmgr.o
 .debug_macro   0x00003499      0x11f src/ASF/common/services/sleepmgr/sam4l/sleepmgr.o
 .debug_macro   0x000035b8      0x327 src/ASF/common/services/sleepmgr/sam4l/sleepmgr.o
 .debug_macro   0x000038df      0x9a7 src/ASF/common/services/sleepmgr/sam4l/sleepmgr.o
 .debug_macro   0x00004286      0x814 src/ASF/common/services/sleepmgr/sam4l/sleepmgr.o
 .debug_macro   0x00004a9a      0x90b src/ASF/common/services/sleepmgr/sam4l/sleepmgr.o
 .debug_macro   0x000053a5      0x4df src/ASF/common/services/sleepmgr/sam4l/sleepmgr.o
 .debug_macro   0x00005884      0xb28 src/ASF/common/services/sleepmgr/sam4l/sleepmgr.o
 .debug_macro   0x000063ac      0x500 src/ASF/common/services/sleepmgr/sam4l/sleepmgr.o
 .debug_macro   0x000068ac      0x2bf src/ASF/common/services/sleepmgr/sam4l/sleepmgr.o
 .debug_macro   0x00006b6b      0x284 src/ASF/common/services/sleepmgr/sam4l/sleepmgr.o
 .debug_macro   0x00006def      0x1d7 src/ASF/common/services/sleepmgr/sam4l/sleepmgr.o
 .debug_macro   0x00006fc6      0xde8 src/ASF/common/services/sleepmgr/sam4l/sleepmgr.o
 .debug_macro   0x00007dae      0x6ba src/ASF/common/services/sleepmgr/sam4l/sleepmgr.o
 .debug_macro   0x00008468      0x1eb src/ASF/common/services/sleepmgr/sam4l/sleepmgr.o
 .debug_macro   0x00008653       0xb8 src/ASF/common/services/sleepmgr/sam4l/sleepmgr.o
 .debug_macro   0x0000870b     0x8f0d src/ASF/common/services/sleepmgr/sam4l/sleepmgr.o
 .debug_macro   0x00011618      0x169 src/ASF/common/services/sleepmgr/sam4l/sleepmgr.o
 .debug_macro   0x00011781      0x416 src/ASF/common/services/sleepmgr/sam4l/sleepmgr.o
 .debug_macro   0x00011b97      0x678 src/ASF/common/services/sleepmgr/sam4l/sleepmgr.o
 .debug_macro   0x0001220f      0x211 src/ASF/common/services/sleepmgr/sam4l/sleepmgr.o
 .debug_macro   0x00012420      0x526 src/ASF/common/services/sleepmgr/sam4l/sleepmgr.o
 .debug_macro   0x00012946      0x4bb src/ASF/common/services/sleepmgr/sam4l/sleepmgr.o
 .debug_macro   0x00012e01      0x100 src/ASF/common/services/sleepmgr/sam4l/sleepmgr.o
 .debug_macro   0x00012f01      0xa26 src/ASF/common/services/sleepmgr/sam4l/sleepmgr.o
 .debug_macro   0x00013927      0xbec src/ASF/common/services/sleepmgr/sam4l/sleepmgr.o
 .debug_macro   0x00014513      0x33c src/ASF/common/services/sleepmgr/sam4l/sleepmgr.o
 .debug_macro   0x0001484f      0x987 src/ASF/common/services/sleepmgr/sam4l/sleepmgr.o
 .debug_macro   0x000151d6      0xfe8 src/ASF/common/services/sleepmgr/sam4l/sleepmgr.o
 .debug_macro   0x000161be      0x10c src/ASF/common/services/sleepmgr/sam4l/sleepmgr.o
 .debug_macro   0x000162ca      0x909 src/ASF/common/services/sleepmgr/sam4l/sleepmgr.o
 .debug_macro   0x00016bd3      0x82b src/ASF/common/services/sleepmgr/sam4l/sleepmgr.o
 .debug_macro   0x000173fe     0x3d6c src/ASF/common/services/sleepmgr/sam4l/sleepmgr.o
 .debug_macro   0x0001b16a     0x64d1 src/ASF/common/services/sleepmgr/sam4l/sleepmgr.o
 .debug_macro   0x0002163b      0x209 src/ASF/common/services/sleepmgr/sam4l/sleepmgr.o
 .debug_macro   0x00021844       0x64 src/ASF/common/services/sleepmgr/sam4l/sleepmgr.o
 .debug_macro   0x000218a8       0x8e src/ASF/common/services/sleepmgr/sam4l/sleepmgr.o
 .debug_macro   0x00021936       0xa6 src/ASF/common/services/sleepmgr/sam4l/sleepmgr.o
 .debug_macro   0x000219dc       0xa6 src/ASF/common/services/sleepmgr/sam4l/sleepmgr.o
 .debug_macro   0x00021a82       0x9a src/ASF/common/services/sleepmgr/sam4l/sleepmgr.o
 .debug_macro   0x00021b1c      0x112 src/ASF/common/services/sleepmgr/sam4l/sleepmgr.o
 .debug_macro   0x00021c2e       0xa0 src/ASF/common/services/sleepmgr/sam4l/sleepmgr.o
 .debug_macro   0x00021cce       0x16 src/ASF/common/services/sleepmgr/sam4l/sleepmgr.o
 .debug_macro   0x00021ce4       0x6a src/ASF/common/services/sleepmgr/sam4l/sleepmgr.o
 .debug_macro   0x00021d4e       0x58 src/ASF/common/services/sleepmgr/sam4l/sleepmgr.o
 .debug_macro   0x00021da6       0xa0 src/ASF/common/services/sleepmgr/sam4l/sleepmgr.o
 .debug_macro   0x00021e46       0x34 src/ASF/common/services/sleepmgr/sam4l/sleepmgr.o
 .debug_macro   0x00021e7a      0x106 src/ASF/common/services/sleepmgr/sam4l/sleepmgr.o
 .debug_macro   0x00021f80       0x3a src/ASF/common/services/sleepmgr/sam4l/sleepmgr.o
 .debug_macro   0x00021fba      0x830 src/ASF/common/services/sleepmgr/sam4l/sleepmgr.o
 .debug_macro   0x000227ea       0x40 src/ASF/common/services/sleepmgr/sam4l/sleepmgr.o
 .debug_macro   0x0002282a      0x2ad src/ASF/common/services/sleepmgr/sam4l/sleepmgr.o
 .debug_macro   0x00022ad7       0x70 src/ASF/common/services/sleepmgr/sam4l/sleepmgr.o
 .debug_macro   0x00022b47       0x46 src/ASF/common/services/sleepmgr/sam4l/sleepmgr.o
 .debug_macro   0x00022b8d      0x5c8 src/ASF/common/services/sleepmgr/sam4l/sleepmgr.o
 .debug_macro   0x00023155      0x380 src/ASF/common/services/sleepmgr/sam4l/sleepmgr.o
 .debug_macro   0x000234d5       0x28 src/ASF/common/services/sleepmgr/sam4l/sleepmgr.o
 .debug_macro   0x000234fd      0x142 src/ASF/common/services/sleepmgr/sam4l/sleepmgr.o
 .debug_macro   0x0002363f      0x2c3 src/ASF/common/services/sleepmgr/sam4l/sleepmgr.o
 .debug_macro   0x00023902       0x46 src/ASF/common/services/sleepmgr/sam4l/sleepmgr.o
 .debug_macro   0x00023948       0x7c src/ASF/common/services/sleepmgr/sam4l/sleepmgr.o
 .debug_macro   0x000239c4      0x112 src/ASF/common/services/sleepmgr/sam4l/sleepmgr.o
 .debug_macro   0x00023ad6      0x112 src/ASF/common/services/sleepmgr/sam4l/sleepmgr.o
 .debug_macro   0x00023be8       0x34 src/ASF/common/services/sleepmgr/sam4l/sleepmgr.o
 .debug_macro   0x00023c1c       0x7c src/ASF/common/services/sleepmgr/sam4l/sleepmgr.o
 .debug_macro   0x00023c98       0x7c src/ASF/common/services/sleepmgr/sam4l/sleepmgr.o
 .debug_macro   0x00023d14       0x7c src/ASF/common/services/sleepmgr/sam4l/sleepmgr.o
 .debug_macro   0x00023d90       0x7c src/ASF/common/services/sleepmgr/sam4l/sleepmgr.o
 .debug_macro   0x00023e0c       0x76 src/ASF/common/services/sleepmgr/sam4l/sleepmgr.o
 .debug_macro   0x00023e82       0x76 src/ASF/common/services/sleepmgr/sam4l/sleepmgr.o
 .debug_macro   0x00023ef8       0x9a src/ASF/common/services/sleepmgr/sam4l/sleepmgr.o
 .debug_macro   0x00023f92       0x9a src/ASF/common/services/sleepmgr/sam4l/sleepmgr.o
 .debug_macro   0x0002402c       0x9a src/ASF/common/services/sleepmgr/sam4l/sleepmgr.o
 .debug_macro   0x000240c6       0x9a src/ASF/common/services/sleepmgr/sam4l/sleepmgr.o
 .debug_macro   0x00024160      0x447 src/ASF/common/services/sleepmgr/sam4l/sleepmgr.o
 .debug_macro   0x000245a7       0x46 src/ASF/common/services/sleepmgr/sam4l/sleepmgr.o
 .debug_macro   0x000245ed      0x552 src/ASF/common/services/sleepmgr/sam4l/sleepmgr.o
 .debug_macro   0x00024b3f     0x1215 src/ASF/common/services/sleepmgr/sam4l/sleepmgr.o
 .debug_macro   0x00025d54      0x146 src/ASF/common/services/sleepmgr/sam4l/sleepmgr.o
 .debug_macro   0x00025e9a       0x58 src/ASF/common/services/sleepmgr/sam4l/sleepmgr.o
 .debug_macro   0x00025ef2       0x35 src/ASF/common/services/sleepmgr/sam4l/sleepmgr.o
 .debug_macro   0x00025f27       0x9c src/ASF/common/services/sleepmgr/sam4l/sleepmgr.o
 .debug_macro   0x00025fc3       0x16 src/ASF/common/services/sleepmgr/sam4l/sleepmgr.o
 .debug_macro   0x00025fd9       0x35 src/ASF/common/services/sleepmgr/sam4l/sleepmgr.o
 .debug_macro   0x0002600e      0x34d src/ASF/common/services/sleepmgr/sam4l/sleepmgr.o
 .debug_macro   0x0002635b       0x10 src/ASF/common/services/sleepmgr/sam4l/sleepmgr.o
 .debug_macro   0x0002636b       0x58 src/ASF/common/services/sleepmgr/sam4l/sleepmgr.o
 .debug_macro   0x000263c3       0x1f src/ASF/common/services/sleepmgr/sam4l/sleepmgr.o
 .debug_macro   0x000263e2       0x43 src/ASF/common/services/sleepmgr/sam4l/sleepmgr.o
 .debug_macro   0x00026425       0x20 src/ASF/common/services/sleepmgr/sam4l/sleepmgr.o
 .debug_macro   0x00026445      0x187 src/ASF/common/services/sleepmgr/sam4l/sleepmgr.o
 .debug_macro   0x000265cc       0x10 src/ASF/common/services/sleepmgr/sam4l/sleepmgr.o
 .debug_macro   0x000265dc       0x1c src/ASF/common/services/sleepmgr/sam4l/sleepmgr.o
 .debug_macro   0x000265f8       0x52 src/ASF/common/services/sleepmgr/sam4l/sleepmgr.o
 .debug_macro   0x0002664a       0x40 src/ASF/common/services/sleepmgr/sam4l/sleepmgr.o
 .debug_macro   0x0002668a       0x10 src/ASF/common/services/sleepmgr/sam4l/sleepmgr.o
 .debug_macro   0x0002669a       0x40 src/ASF/common/services/sleepmgr/sam4l/sleepmgr.o
 .debug_macro   0x000266da       0xd7 src/ASF/common/services/sleepmgr/sam4l/sleepmgr.o
 .debug_macro   0x000267b1       0x16 src/ASF/common/services/sleepmgr/sam4l/sleepmgr.o
 .debug_macro   0x000267c7      0x18b src/ASF/common/services/sleepmgr/sam4l/sleepmgr.o
 .debug_macro   0x00026952       0x22 src/ASF/common/services/sleepmgr/sam4l/sleepmgr.o
 .debug_macro   0x00026974       0x16 src/ASF/common/services/sleepmgr/sam4l/sleepmgr.o
 .debug_macro   0x0002698a       0x16 src/ASF/common/services/sleepmgr/sam4l/sleepmgr.o
 .debug_macro   0x000269a0       0x29 src/ASF/common/services/sleepmgr/sam4l/sleepmgr.o
 .debug_macro   0x000269c9       0x73 src/ASF/common/services/sleepmgr/sam4l/sleepmgr.o
 .debug_macro   0x00026a3c       0x3e src/ASF/common/services/sleepmgr/sam4l/sleepmgr.o
 .debug_macro   0x00026a7a      0x3ca src/ASF/common/services/sleepmgr/sam4l/sleepmgr.o
 .debug_macro   0x00026e44       0x10 src/ASF/common/services/sleepmgr/sam4l/sleepmgr.o
 .debug_macro   0x00026e54       0xc9 src/ASF/common/services/sleepmgr/sam4l/sleepmgr.o
 .debug_macro   0x00026f1d      0x694 src/ASF/common/services/usb/class/hid/device/generic/udi_hid_generic.o
 .debug_macro   0x000275b1       0x7b src/ASF/common/services/usb/class/hid/device/generic/udi_hid_generic.o
 .debug_macro   0x0002762c       0x2e src/ASF/common/services/usb/class/hid/device/generic/udi_hid_generic.o
 .debug_macro   0x0002765a      0x241 src/ASF/common/services/usb/class/hid/device/generic/udi_hid_generic.o
 .debug_macro   0x0002789b      0x162 src/ASF/common/services/usb/class/hid/device/generic/udi_hid_generic.o
 .debug_macro   0x000279fd      0x44f src/ASF/common/services/usb/class/hid/device/generic/udi_hid_generic.o
 .debug_macro   0x00027e4c       0x16 src/ASF/common/services/usb/class/hid/device/generic/udi_hid_generic.o
 .debug_macro   0x00027e62       0x10 src/ASF/common/services/usb/class/hid/device/generic/udi_hid_generic.o
 .debug_macro   0x00027e72       0xd0 src/ASF/common/services/usb/class/hid/device/generic/udi_hid_generic.o
 .debug_macro   0x00027f42       0x1c src/ASF/common/services/usb/class/hid/device/generic/udi_hid_generic.o
 .debug_macro   0x00027f5e       0x16 src/ASF/common/services/usb/class/hid/device/generic/udi_hid_generic.o
 .debug_macro   0x00027f74      0x674 src/ASF/common/services/usb/udc/udc.o
 .debug_macro   0x000285e8      0x7af src/ASF/sam/drivers/usbc/usbc_device.o
 .debug_macro   0x00028d97       0x52 src/ASF/sam/drivers/usbc/usbc_device.o
 .debug_macro   0x00028de9      0x2df src/ASF/sam/drivers/usbc/usbc_device.o
 .debug_macro   0x000290c8      0x211 src/ASF/sam/drivers/usbc/usbc_device.o
 .debug_macro   0x000292d9       0x6a src/ASF/sam/drivers/usbc/usbc_device.o
 .debug_macro   0x00029343       0x10 src/ASF/sam/drivers/usbc/usbc_device.o
 .debug_macro   0x00029353      0x129 src/ASF/sam/drivers/usbc/usbc_device.o
 .debug_macro   0x0002947c       0x86 src/ASF/sam/drivers/usbc/usbc_device.o