Archive member included to satisfy reference by file (symbol)

c:/program files (x86)/atmel/studio/7.0/toolchain/arm/arm-gnu-toolchain/bin/../lib/gcc/arm-none-eabi/6.3.1/thumb/v7e-m\libgcc.a(_lshrdi3.o)
                              src/ASF/sam/drivers/flashcalw/flashcalw.o (__aeabi_llsr)
c:/program files (x86)/atmel/studio/7.0/toolchain/arm/arm-gnu-toolchain/bin/../lib/gcc/arm-none-eabi/6.3.1/thumb/v7e-m\libgcc.a(_ashldi3.o)
                              src/ASF/sam/drivers/flashcalw/flashcalw.o (__aeabi_llsl)
c:/program files (x86)/atmel/studio/7.0/toolchain/arm/arm-gnu-toolchain/bin/../lib/gcc/arm-none-eabi/6.3.1/../../../../arm-none-eabi/lib/thumb/v7e-m\libc.a(lib_a-exit.o)
                              c:/program files (x86)/atmel/studio/7.0/toolchain/arm/arm-gnu-toolchain/bin/../lib/gcc/arm-none-eabi/6.3.1/../../../../arm-none-eabi/lib/thumb/v7e-m/crt0.o (exit)
c:/program files (x86)/atmel/studio/7.0/toolchain/arm/arm-gnu-toolchain/bin/../lib/gcc/arm-none-eabi/6.3.1/../../../../arm-none-eabi/lib/thumb/v7e-m\libc.a(lib_a-impure.o)
                              c:/program files (x86)/atmel/studio/7.0/toolchain/arm/arm-gnu-toolchain/bin/../lib/gcc/arm-none-eabi/6.3.1/../../../../arm-none-eabi/lib/thumb/v7e-m\libc.a(lib_a-exit.o) (_global_impure_ptr)
c:/program files (x86)/atmel/studio/7.0/toolchain/arm/arm-gnu-toolchain/bin/../lib/gcc/arm-none-eabi/6.3.1/../../../../arm-none-eabi/lib/thumb/v7e-m\libc.a(lib_a-init.o)
                              c:/program files (x86)/atmel/studio/7.0/toolchain/arm/arm-gnu-toolchain/bin/../lib/gcc/arm-none-eabi/6.3.1/../../../../arm-none-eabi/lib/thumb/v7e-m/crt0.o (__libc_init_array)
c:/program files (x86)/atmel/studio/7.0/toolchain/arm/arm-gnu-toolchain/bin/../lib/gcc/arm-none-eabi/6.3.1/../../../../arm-none-eabi/lib/thumb/v7e-m\libc.a(lib_a-iprintf.o)
                              src/main.o (iprintf)
c:/program files (x86)/atmel/studio/7.0/toolchain/arm/arm-gnu-toolchain/bin/../lib/gcc/arm-none-eabi/6.3.1/../../../../arm-none-eabi/lib/thumb/v7e-m\libc.a(lib_a-memcpy.o)
                              src/ASF/sam/drivers/usbc/usbc_device.o (memcpy)
c:/program files (x86)/atmel/studio/7.0/toolchain/arm/arm-gnu-toolchain/bin/../lib/gcc/arm-none-eabi/6.3.1/../../../../arm-none-eabi/lib/thumb/v7e-m\libc.a(lib_a-memset.o)
                              c:/program files (x86)/atmel/studio/7.0/toolchain/arm/arm-gnu-toolchain/bin/../lib/gcc/arm-none-eabi/6.3.1/../../../../arm-none-eabi/lib/thumb/v7e-m/crt0.o (memset)
c:/program files (x86)/atmel/studio/7.0/toolchain/arm/arm-gnu-toolchain/bin/../lib/gcc/arm-none-eabi/6.3.1/../../../../arm-none-eabi/lib/thumb/v7e-m\libc.a(lib_a-vfiprintf.o)
                              c:/program files (x86)/atmel/studio/7.0/toolchain/arm/arm-gnu-toolchain/bin/../lib/gcc/arm-none-eabi/6.3.1/../../../../arm-none-eabi/lib/thumb/v7e-m\libc.a(lib_a-iprintf.o) (_vfiprintf_r)
c:/program files (x86)/atmel/studio/7.0/toolchain/arm/arm-gnu-toolchain/bin/../lib/gcc/arm-none-eabi/6.3.1/../../../../arm-none-eabi/lib/thumb/v7e-m\libc.a(lib_a-wsetup.o)
                              c:/program files (x86)/atmel/studio/7.0/toolchain/arm/arm-gnu-toolchain/bin/../lib/gcc/arm-none-eabi/6.3.1/../../../../arm-none-eabi/lib/thumb/v7e-m\libc.a(lib_a-vfiprintf.o) (__swsetup_r)
c:/program files (x86)/atmel/studio/7.0/toolchain/arm/arm-gnu-toolchain/bin/../lib/gcc/arm-none-eabi/6.3.1/../../../../arm-none-eabi/lib/thumb/v7e-m\libc.a(lib_a-__call_atexit.o)
                              c:/program files (x86)/atmel/studio/7.0/toolchain/arm/arm-gnu-toolchain/bin/../lib/gcc/arm-none-eabi/6.3.1/../../../../arm-none-eabi/lib/thumb/v7e-m\libc.a(lib_a-exit.o) (__call_exitprocs)
c:/program files (x86)/atmel/studio/7.0/toolchain/arm/arm-gnu-toolchain/bin/../lib/gcc/arm-none-eabi/6.3.1/../../../../arm-none-eabi/lib/thumb/v7e-m\libc.a(lib_a-atexit.o)
                              c:/program files (x86)/atmel/studio/7.0/toolchain/arm/arm-gnu-toolchain/bin/../lib/gcc/arm-none-eabi/6.3.1/../../../../arm-none-eabi/lib/thumb/v7e-m\libc.a(lib_a-__call_atexit.o) (atexit)
c:/program files (x86)/atmel/studio/7.0/toolchain/arm/arm-gnu-toolchain/bin/../lib/gcc/arm-none-eabi/6.3.1/../../../../arm-none-eabi/lib/thumb/v7e-m\libc.a(lib_a-fflush.o)
                              c:/program files (x86)/atmel/studio/7.0/toolchain/arm/arm-gnu-toolchain/bin/../lib/gcc/arm-none-eabi/6.3.1/../../../../arm-none-eabi/lib/thumb/v7e-m\libc.a(lib_a-vfiprintf.o) (_fflush_r)
c:/program files (x86)/atmel/studio/7.0/toolchain/arm/arm-gnu-toolchain/bin/../lib/gcc/arm-none-eabi/6.3.1/../../../../arm-none-eabi/lib/thumb/v7e-m\libc.a(lib_a-findfp.o)
                              c:/program files (x86)/atmel/studio/7.0/toolchain/arm/arm-gnu-toolchain/bin/../lib/gcc/arm-none-eabi/6.3.1/../../../../arm-none-eabi/lib/thumb/v7e-m\libc.a(lib_a-vfiprintf.o) (__sinit)
[...]
Memory Configuration

Name             Origin             Length             Attributes
rom              0x00000000         0x00040000         xr
ram              0x20000000         0x00008000         xrw
*default*        0x00000000         0xffffffff

Linker script and memory map

LOAD c:/program files (x86)/atmel/studio/7.0/toolchain/arm/arm-gnu-toolchain/bin/../lib/gcc/arm-none-eabi/6.3.1/thumb/v7e-m/crti.o
LOAD c:/program files (x86)/atmel/studio/7.0/toolchain/arm/arm-gnu-toolchain/bin/../lib/gcc/arm-none-eabi/6.3.1/thumb/v7e-m/crtbegin.o
LOAD c:/program files (x86)/atmel/studio/7.0/toolchain/arm/arm-gnu-toolchain/bin/../lib/gcc/arm-none-eabi/6.3.1/../../../../arm-none-eabi/lib/thumb/v7e-m/crt0.o
LOAD src/ASF/common/services/sleepmgr/sam4l/sleepmgr.o
LOAD src/ASF/common/services/usb/class/hid/device/generic/udi_hid_generic.o
LOAD src/ASF/common/services/usb/udc/udc.o
LOAD src/ASF/sam/drivers/ast/ast.o
LOAD src/ASF/sam/drivers/tc/tc.o
LOAD src/ASF/sam/drivers/usbc/usbc_device.o
LOAD src/ASF/common/services/usb/class/hid/device/generic/udi_hid_generic_desc.o
LOAD src/ASF/common/services/usb/class/hid/device/udi_hid.o
LOAD src/ASF/common/services/clock/sam4l/dfll.o
LOAD src/ASF/common/services/clock/sam4l/osc.o
LOAD src/ASF/common/services/clock/sam4l/pll.o
LOAD src/ASF/common/services/clock/sam4l/sysclk.o
LOAD src/ASF/sam/drivers/bpm/bpm.o
LOAD src/ASF/sam/drivers/eic/eic.o
LOAD src/ASF/sam/drivers/flashcalw/flashcalw.o
LOAD src/ASF/sam/drivers/gpio/gpio.o
LOAD src/ASF/sam/drivers/pdca/pdca.o
LOAD src/ASF/sam/drivers/twim/twim.o
LOAD src/ASF/common/boards/user_board/init.o
LOAD src/ASF/common/utils/interrupt/interrupt_sam_nvic.o
LOAD src/ASF/sam/utils/cmsis/sam4l/source/templates/exceptions.o
LOAD src/ASF/sam/utils/cmsis/sam4l/source/templates/gcc/startup_sam4l.o
LOAD src/ASF/sam/utils/cmsis/sam4l/source/templates/system_sam4l.o
LOAD src/ASF/sam/utils/syscalls/gcc/syscalls.o
LOAD src/main.o
START GROUP
LOAD ../src/ASF/thirdparty/CMSIS/Lib/GCC\libarm_cortexM4l_math.a
LOAD c:/program files (x86)/atmel/studio/7.0/toolchain/arm/arm-gnu-toolchain/bin/../lib/gcc/arm-none-eabi/6.3.1/../../../../arm-none-eabi/lib/thumb/v7e-m\libm.a
END GROUP
START GROUP
LOAD c:/program files (x86)/atmel/studio/7.0/toolchain/arm/arm-gnu-toolchain/bin/../lib/gcc/arm-none-eabi/6.3.1/thumb/v7e-m\libgcc.a
LOAD c:/program files (x86)/atmel/studio/7.0/toolchain/arm/arm-gnu-toolchain/bin/../lib/gcc/arm-none-eabi/6.3.1/../../../../arm-none-eabi/lib/thumb/v7e-m\libc.a
END GROUP
START GROUP
LOAD c:/program files (x86)/atmel/studio/7.0/toolchain/arm/arm-gnu-toolchain/bin/../lib/gcc/arm-none-eabi/6.3.1/thumb/v7e-m\libgcc.a
LOAD c:/program files (x86)/atmel/studio/7.0/toolchain/arm/arm-gnu-toolchain/bin/../lib/gcc/arm-none-eabi/6.3.1/../../../../arm-none-eabi/lib/thumb/v7e-m\libc.a
LOAD c:/program files (x86)/atmel/studio/7.0/toolchain/arm/arm-gnu-toolchain/bin/../lib/gcc/arm-none-eabi/6.3.1/../../../../arm-none-eabi/lib/thumb/v7e-m\libnosys.a
END GROUP
LOAD c:/program files (x86)/atmel/studio/7.0/toolchain/arm/arm-gnu-toolchain/bin/../lib/gcc/arm-none-eabi/6.3.1/thumb/v7e-m/crtend.o
LOAD c:/program files (x86)/atmel/studio/7.0/toolchain/arm/arm-gnu-toolchain/bin/../lib/gcc/arm-none-eabi/6.3.1/thumb/v7e-m/crtn.o
                0x00001000                __stack_size__ = DEFINED (__stack_size__)?__stack_size__:0x1000
                0x20007ffc                __ram_end__ = ((ORIGIN (ram) + LENGTH (ram)) - 0x4)

.text           0x00000000     0x5d18
                0x00000000                . = ALIGN (0x4)
                0x00000000                _sfixed = .
 *(.vectors .vectors.*)
 .vectors       0x00000000      0x180 src/ASF/sam/utils/cmsis/sam4l/source/templates/gcc/startup_sam4l.o
                0x00000000                exception_table
 *(.text .text.* .gnu.linkonce.t.*)
 .text          0x00000180       0x6c c:/program files (x86)/atmel/studio/7.0/toolchain/arm/arm-gnu-toolchain/bin/../lib/gcc/arm-none-eabi/6.3.1/thumb/v7e-m/crtbegin.o
 .text.udi_hid_generic_disable
                0x000001ec        0x2 src/ASF/common/services/usb/class/hid/device/generic/udi_hid_generic.o
                0x000001ec                udi_hid_generic_disable
 .text.udi_hid_generic_getsetting
                0x000001ee        0x4 src/ASF/common/services/usb/class/hid/device/generic/udi_hid_generic.o
                0x000001ee                udi_hid_generic_getsetting
 *fill*         0x000001f2        0x2 
 .text.udi_hid_generic_report_in_sent
                0x000001f4        0xc src/ASF/common/services/usb/class/hid/device/generic/udi_hid_generic.o
 .text.udi_hid_generic_report_out_enable
                0x00000200       0x24 src/ASF/common/services/usb/class/hid/device/generic/udi_hid_generic.o
 .text.udi_hid_generic_enable
                0x00000224       0x24 src/ASF/common/services/usb/class/hid/device/generic/udi_hid_generic.o
                0x00000224                udi_hid_generic_enable
 .text.udi_hid_generic_setup
                0x00000248       0x28 src/ASF/common/services/usb/class/hid/device/generic/udi_hid_generic.o
                0x00000248                udi_hid_generic_setup
 .text.udi_hid_generic_setfeature_valid
                0x00000270       0x1c src/ASF/common/services/usb/class/hid/device/generic/udi_hid_generic.o
 .text.udi_hid_generic_setreport
                0x0000028c       0x34 src/ASF/common/services/usb/class/hid/device/generic/udi_hid_generic.o
 .text.udi_hid_generic_report_out_received
                0x000002c0       0x24 src/ASF/common/services/usb/class/hid/device/generic/udi_hid_generic.o
 .text.udi_hid_generic_send_report_in
                0x000002e4       0x70 src/ASF/common/services/usb/class/hid/device/generic/udi_hid_generic.o
                0x000002e4                udi_hid_generic_send_report_in
 .text.udc_valid_address
                0x00000354       0x14 src/ASF/common/services/usb/udc/udc.o
 .text.udc_update_iface_desc
                0x00000368       0x5c src/ASF/common/services/usb/udc/udc.o
 .text.udc_next_desc_in_iface.constprop.3
                0x000003c4       0x28 src/ASF/common/services/usb/udc/udc.o
 .text.udc_iface_enable
                0x000003ec       0x54 src/ASF/common/services/usb/udc/udc.o
 .text.udc_iface_disable
                0x00000440       0x64 src/ASF/common/services/usb/udc/udc.o
 .text.udc_get_interface_desc
                0x000004a4        0xc src/ASF/common/services/usb/udc/udc.o
                0x000004a4                udc_get_interface_desc
 .text.udc_start
                0x000004b0        0x8 src/ASF/common/services/usb/udc/udc.o
                0x000004b0                udc_start
 .text.udc_reset
                0x000004b8       0x3c src/ASF/common/services/usb/udc/udc.o
                0x000004b8                udc_reset
 .text.udc_sof_notify
                0x000004f4       0x34 src/ASF/common/services/usb/udc/udc.o
                0x000004f4                udc_sof_notify
 .text.udc_process_setup
                0x00000528      0x3c0 src/ASF/common/services/usb/udc/udc.o
                0x00000528                udc_process_setup
 .text.ast_enable
                0x000008e8       0x50 src/ASF/sam/drivers/ast/ast.o
                0x000008e8                ast_enable
 .text.ast_write_calendar_value
                0x00000938       0x10 src/ASF/sam/drivers/ast/ast.o
                0x00000938                ast_write_calendar_value
 .text.ast_write_counter_value
                0x00000948       0x10 src/ASF/sam/drivers/ast/ast.o
                0x00000948                ast_write_counter_value
 .text.ast_set_config
                0x00000958       0xa0 src/ASF/sam/drivers/ast/ast.o
                0x00000958                ast_set_config
 .text.ast_write_periodic0_value
                0x000009f8       0x10 src/ASF/sam/drivers/ast/ast.o
                0x000009f8                ast_write_periodic0_value
 .text.ast_enable_interrupt
                0x00000a08       0x54 src/ASF/sam/drivers/ast/ast.o
                0x00000a08                ast_enable_interrupt
 .text.ast_clear_interrupt_flag
                0x00000a5c       0x38 src/ASF/sam/drivers/ast/ast.o
                0x00000a5c                ast_clear_interrupt_flag
 .text.ast_set_callback
                0x00000a94       0x60 src/ASF/sam/drivers/ast/ast.o
                0x00000a94                ast_set_callback
 .text.AST_PER_Handler
                0x00000af4        0xc src/ASF/sam/drivers/ast/ast.o
                0x00000af4                AST_PER_Handler
 .text.cpu_irq_save
                0x00000b00       0x24 src/ASF/sam/drivers/usbc/usbc_device.o
 .text.udd_ctrl_init
                0x00000b24       0x28 src/ASF/sam/drivers/usbc/usbc_device.o
 .text.udd_ctrl_stall_data
                0x00000b4c       0x18 src/ASF/sam/drivers/usbc/usbc_device.o
 .text.udd_ctrl_endofrequest
                0x00000b64       0x10 src/ASF/sam/drivers/usbc/usbc_device.o
 .text.cpu_irq_restore
                0x00000b74       0x14 src/ASF/sam/drivers/usbc/usbc_device.o
 .text.sleepmgr_lock_mode
                0x00000b88       0x2c src/ASF/sam/drivers/usbc/usbc_device.o
 .text.sleepmgr_unlock_mode
                0x00000bb4       0x2c src/ASF/sam/drivers/usbc/usbc_device.o
 .text.udd_sleep_mode
                0x00000be0       0x2c src/ASF/sam/drivers/usbc/usbc_device.o
 .text.udd_ctrl_send_zlp_in
                0x00000c0c       0x48 src/ASF/sam/drivers/usbc/usbc_device.o
 .text.udd_ctrl_in_sent
                0x00000c54      0x10c src/ASF/sam/drivers/usbc/usbc_device.o
 .text.udd_ep_trans_done
                0x00000d60      0x2b4 src/ASF/sam/drivers/usbc/usbc_device.o
 .text.udd_attach
                0x00001014       0x6c src/ASF/sam/drivers/usbc/usbc_device.o
                0x00001014                udd_attach
 .text.udd_enable
                0x00001080       0xf4 src/ASF/sam/drivers/usbc/usbc_device.o
                0x00001080                udd_enable
 .text.udd_set_address
                0x00001174       0x28 src/ASF/sam/drivers/usbc/usbc_device.o
                0x00001174                udd_set_address
 .text.udd_getaddress
                0x0000119c       0x10 src/ASF/sam/drivers/usbc/usbc_device.o
                0x0000119c                udd_getaddress
 .text.udd_set_setup_payload
                0x000011ac        0xc src/ASF/sam/drivers/usbc/usbc_device.o
                0x000011ac                udd_set_setup_payload
 .text.udd_ep_alloc
                0x000011b8       0xa0 src/ASF/sam/drivers/usbc/usbc_device.o
                0x000011b8                udd_ep_alloc
 .text.udd_ep_is_halted
                0x00001258       0x14 src/ASF/sam/drivers/usbc/usbc_device.o
                0x00001258                udd_ep_is_halted
 .text.udd_ep_clear_halt
                0x0000126c       0x74 src/ASF/sam/drivers/usbc/usbc_device.o
                0x0000126c                udd_ep_clear_halt
 .text.udd_ep_run
                0x000012e0       0xf0 src/ASF/sam/drivers/usbc/usbc_device.o
                0x000012e0                udd_ep_run
 .text.udd_ep_abort
                0x000013d0       0x80 src/ASF/sam/drivers/usbc/usbc_device.o
                0x000013d0                udd_ep_abort
 .text.USBC_Handler
                0x00001450      0x368 src/ASF/sam/drivers/usbc/usbc_device.o
                0x00001450                USBC_Handler
 .text.udd_ep_free
                0x000017b8       0x24 src/ASF/sam/drivers/usbc/usbc_device.o
                0x000017b8                udd_ep_free
 .text.udd_ep_set_halt
                0x000017dc       0x2c src/ASF/sam/drivers/usbc/usbc_device.o
                0x000017dc                udd_ep_set_halt
 .text.udi_hid_setup
                0x00001808       0xb4 src/ASF/common/services/usb/class/hid/device/udi_hid.o
                0x00001808                udi_hid_setup
 .text.cpu_irq_save
                0x000018bc       0x24 src/ASF/common/services/clock/sam4l/osc.o
 .text.cpu_irq_restore
                0x000018e0       0x14 src/ASF/common/services/clock/sam4l/osc.o
 .text.osc_priv_enable_osc0
                0x000018f4       0x2c src/ASF/common/services/clock/sam4l/osc.o
                0x000018f4                osc_priv_enable_osc0
 .text.cpu_irq_save
                0x00001920       0x24 src/ASF/common/services/clock/sam4l/pll.o
 .text.pll_enable
                0x00001944       0x44 src/ASF/common/services/clock/sam4l/pll.o
                0x00001944                pll_enable
 .text.cpu_irq_save
                0x00001988       0x24 src/ASF/common/services/clock/sam4l/sysclk.o
 .text.sysclk_enable_pba_divmask
                0x000019ac       0x18 src/ASF/common/services/clock/sam4l/sysclk.o
 .text.cpu_irq_restore
                0x000019c4       0x14 src/ASF/common/services/clock/sam4l/sysclk.o
 .text.sysclk_priv_enable_module
                0x000019d8       0x44 src/ASF/common/services/clock/sam4l/sysclk.o
                0x000019d8                sysclk_priv_enable_module
 .text.sysclk_enable_hsb_module
                0x00001a1c        0xc src/ASF/common/services/clock/sam4l/sysclk.o
 .text.sysclk_enable_pba_module
                0x00001a28       0x3c src/ASF/common/services/clock/sam4l/sysclk.o
                0x00001a28                sysclk_enable_pba_module
 .text.sysclk_enable_pbb_module
                0x00001a64       0x3c src/ASF/common/services/clock/sam4l/sysclk.o
                0x00001a64                sysclk_enable_pbb_module
 .text.sysclk_enable_peripheral_clock
                0x00001aa0      0x2c0 src/ASF/common/services/clock/sam4l/sysclk.o
                0x00001aa0                sysclk_enable_peripheral_clock
 .text.sysclk_set_source
                0x00001d60       0x28 src/ASF/common/services/clock/sam4l/sysclk.o
                0x00001d60                sysclk_set_source
 .text.sysclk_enable_usb
                0x00001d88       0x60 src/ASF/common/services/clock/sam4l/sysclk.o
                0x00001d88                sysclk_enable_usb
 .text.sysclk_init
                0x00001de8       0x88 src/ASF/common/services/clock/sam4l/sysclk.o
                0x00001de8                sysclk_init
 .text.bpm_power_scaling_cpu_failsafe
                0x00001e70       0x74 src/ASF/sam/drivers/bpm/bpm.o
                0x00001e70                bpm_power_scaling_cpu_failsafe
 .text.bpm_enable_fast_wakeup
                0x00001ee4       0x18 src/ASF/sam/drivers/bpm/bpm.o
                0x00001ee4                bpm_enable_fast_wakeup
 .text.bpm_get_status
                0x00001efc        0x4 src/ASF/sam/drivers/bpm/bpm.o
                0x00001efc                bpm_get_status
 .text.eic_line_interrupt
                0x00001f00       0x10 src/ASF/sam/drivers/eic/eic.o
 .text.NMI_Handler
                0x00001f10        0xc src/ASF/sam/drivers/eic/eic.o
                0x00001f10                NMI_Handler
 .text.EIC_1_Handler
                0x00001f1c        0xc src/ASF/sam/drivers/eic/eic.o
                0x00001f1c                EIC_1_Handler
 .text.EIC_2_Handler
                0x00001f28        0xc src/ASF/sam/drivers/eic/eic.o
                0x00001f28                EIC_2_Handler
 .text.EIC_3_Handler
                0x00001f34        0xc src/ASF/sam/drivers/eic/eic.o
                0x00001f34                EIC_3_Handler
 .text.EIC_4_Handler
                0x00001f40        0xc src/ASF/sam/drivers/eic/eic.o
                0x00001f40                EIC_4_Handler
 .text.EIC_5_Handler
                0x00001f4c        0xc src/ASF/sam/drivers/eic/eic.o
                0x00001f4c                EIC_5_Handler
 .text.EIC_6_Handler
                0x00001f58        0xc src/ASF/sam/drivers/eic/eic.o
                0x00001f58                EIC_6_Handler
 .text.EIC_7_Handler
                0x00001f64        0xc src/ASF/sam/drivers/eic/eic.o
                0x00001f64                EIC_7_Handler
 .text.EIC_8_Handler
                0x00001f70        0xc src/ASF/sam/drivers/eic/eic.o
                0x00001f70                EIC_8_Handler
 .text.flashcalw_set_wait_state
                0x00001f7c       0x1c src/ASF/sam/drivers/flashcalw/flashcalw.o
                0x00001f7c                flashcalw_set_wait_state
 .text.flashcalw_is_ready
                0x00001f98       0x10 src/ASF/sam/drivers/flashcalw/flashcalw.o
                0x00001f98                flashcalw_is_ready
 .text.flashcalw_default_wait_until_ready
                0x00001fa8       0x10 src/ASF/sam/drivers/flashcalw/flashcalw.o
                0x00001fa8                flashcalw_default_wait_until_ready
 .text.flashcalw_issue_command
                0x00001fb8       0x50 src/ASF/sam/drivers/flashcalw/flashcalw.o
                0x00001fb8                flashcalw_issue_command
 .text.flashcalw_set_flash_waitstate_and_readmode
                0x00002008       0x60 src/ASF/sam/drivers/flashcalw/flashcalw.o
                0x00002008                flashcalw_set_flash_waitstate_and_readmode
 .text.gpio_common_handler
                0x00002068       0x68 src/ASF/sam/drivers/gpio/gpio.o
 .text.gpio_set_pin_callback
                0x000020d0       0xa8 src/ASF/sam/drivers/gpio/gpio.o
                0x000020d0                gpio_set_pin_callback
 .text.GPIO_0_Handler
                0x00002178        0xc src/ASF/sam/drivers/gpio/gpio.o
                0x00002178                GPIO_0_Handler
 .text.GPIO_1_Handler
                0x00002184       0x10 src/ASF/sam/drivers/gpio/gpio.o
                0x00002184                GPIO_1_Handler
 .text.GPIO_2_Handler
                0x00002194       0x10 src/ASF/sam/drivers/gpio/gpio.o
                0x00002194                GPIO_2_Handler
 .text.GPIO_3_Handler
                0x000021a4       0x10 src/ASF/sam/drivers/gpio/gpio.o
                0x000021a4                GPIO_3_Handler
 .text.GPIO_4_Handler
                0x000021b4        0xc src/ASF/sam/drivers/gpio/gpio.o
                0x000021b4                GPIO_4_Handler
 .text.GPIO_5_Handler
                0x000021c0       0x10 src/ASF/sam/drivers/gpio/gpio.o
                0x000021c0                GPIO_5_Handler
 .text.GPIO_6_Handler
                0x000021d0       0x10 src/ASF/sam/drivers/gpio/gpio.o
                0x000021d0                GPIO_6_Handler
 .text.GPIO_7_Handler
                0x000021e0       0x10 src/ASF/sam/drivers/gpio/gpio.o
                0x000021e0                GPIO_7_Handler
 .text.GPIO_8_Handler
                0x000021f0        0xc src/ASF/sam/drivers/gpio/gpio.o
                0x000021f0                GPIO_8_Handler
 .text.GPIO_9_Handler
                0x000021fc       0x10 src/ASF/sam/drivers/gpio/gpio.o
                0x000021fc                GPIO_9_Handler
 .text.GPIO_10_Handler
                0x0000220c       0x10 src/ASF/sam/drivers/gpio/gpio.o
                0x0000220c                GPIO_10_Handler
 .text.GPIO_11_Handler
                0x0000221c       0x10 src/ASF/sam/drivers/gpio/gpio.o
                0x0000221c                GPIO_11_Handler
 .text.pdca_channel_get_handler
                0x0000222c       0x12 src/ASF/sam/drivers/pdca/pdca.o
                0x0000222c                pdca_channel_get_handler
 *fill*         0x0000223e        0x2 
 .text.pdca_get_channel_status
                0x00002240       0x30 src/ASF/sam/drivers/pdca/pdca.o
                0x00002240                pdca_get_channel_status
 .text.pdca_channel_interrupt
                0x00002270       0x20 src/ASF/sam/drivers/pdca/pdca.o
 .text.PDCA_0_Handler
                0x00002290        0xc src/ASF/sam/drivers/pdca/pdca.o
                0x00002290                PDCA_0_Handler
 .text.PDCA_1_Handler
                0x0000229c        0xc src/ASF/sam/drivers/pdca/pdca.o
                0x0000229c                PDCA_1_Handler
 .text.PDCA_2_Handler
                0x000022a8        0xc src/ASF/sam/drivers/pdca/pdca.o
                0x000022a8                PDCA_2_Handler
 .text.PDCA_3_Handler
                0x000022b4        0xc src/ASF/sam/drivers/pdca/pdca.o
                0x000022b4                PDCA_3_Handler
 .text.PDCA_4_Handler
                0x000022c0        0xc src/ASF/sam/drivers/pdca/pdca.o
                0x000022c0                PDCA_4_Handler
 .text.PDCA_5_Handler
                0x000022cc        0xc src/ASF/sam/drivers/pdca/pdca.o
                0x000022cc                PDCA_5_Handler
 .text.PDCA_6_Handler
                0x000022d8        0xc src/ASF/sam/drivers/pdca/pdca.o
                0x000022d8                PDCA_6_Handler
 .text.PDCA_7_Handler
                0x000022e4        0xc src/ASF/sam/drivers/pdca/pdca.o
                0x000022e4                PDCA_7_Handler
 .text.PDCA_8_Handler
                0x000022f0        0xc src/ASF/sam/drivers/pdca/pdca.o
                0x000022f0                PDCA_8_Handler
 .text.PDCA_9_Handler
                0x000022fc        0xc src/ASF/sam/drivers/pdca/pdca.o
                0x000022fc                PDCA_9_Handler
 .text.PDCA_10_Handler
                0x00002308        0xc src/ASF/sam/drivers/pdca/pdca.o
                0x00002308                PDCA_10_Handler
 .text.PDCA_11_Handler
                0x00002314        0xc src/ASF/sam/drivers/pdca/pdca.o
                0x00002314                PDCA_11_Handler
 .text.PDCA_12_Handler
                0x00002320        0xc src/ASF/sam/drivers/pdca/pdca.o
                0x00002320                PDCA_12_Handler
 .text.PDCA_13_Handler
                0x0000232c        0xc src/ASF/sam/drivers/pdca/pdca.o
                0x0000232c                PDCA_13_Handler
 .text.PDCA_14_Handler
                0x00002338        0xc src/ASF/sam/drivers/pdca/pdca.o
                0x00002338                PDCA_14_Handler
 .text.PDCA_15_Handler
                0x00002344        0xc src/ASF/sam/drivers/pdca/pdca.o
                0x00002344                PDCA_15_Handler
 .text.find_twim_channel_num
                0x00002350       0x28 src/ASF/sam/drivers/twim/twim.o
 .text.twim_default_callback
                0x00002378      0x284 src/ASF/sam/drivers/twim/twim.o
                0x00002378                twim_default_callback
 .text.twim_set_speed
                0x000025fc       0x4c src/ASF/sam/drivers/twim/twim.o
                0x000025fc                twim_set_speed
 .text.twim_set_hsmode_speed
                0x00002648       0x4c src/ASF/sam/drivers/twim/twim.o
                0x00002648                twim_set_hsmode_speed
 .text.twim_set_config
                0x00002694       0xe4 src/ASF/sam/drivers/twim/twim.o
                0x00002694                twim_set_config
 .text.twim_set_callback
                0x00002778       0x7c src/ASF/sam/drivers/twim/twim.o
                0x00002778                twim_set_callback
 .text.TWIM0_Handler
                0x000027f4       0x10 src/ASF/sam/drivers/twim/twim.o
                0x000027f4                TWIM0_Handler
 .text.TWIM1_Handler
                0x00002804       0x10 src/ASF/sam/drivers/twim/twim.o
                0x00002804                TWIM1_Handler
 .text.TWIM2_Handler
                0x00002814       0x10 src/ASF/sam/drivers/twim/twim.o
                0x00002814                TWIM2_Handler
 .text.TWIM3_Handler
                0x00002824       0x10 src/ASF/sam/drivers/twim/twim.o
                0x00002824                TWIM3_Handler
 .text.Dummy_Handler
                0x00002834        0x2 src/ASF/sam/utils/cmsis/sam4l/source/templates/exceptions.o
                0x00002834                DACC_Handler
                0x00002834                DebugMon_Handler
                0x00002834                TRNG_Handler
                0x00002834                HardFault_Handler
                0x00002834                SPI_Handler
                0x00002834                SysTick_Handler
                0x00002834                USART3_Handler
                0x00002834                AST_CLKREADY_Handler
                0x00002834                AST_OVF_Handler
                0x00002834                PendSV_Handler
                0x00002834                SCIF_Handler
                0x00002834                CRCCU_Handler
                0x00002834                USART0_Handler
                0x00002834                UsageFault_Handler
                0x00002834                TC12_Handler
                0x00002834                BPM_Handler
                0x00002834                PARC_Handler
                0x00002834                WDT_Handler
                0x00002834                TWIS0_Handler
                0x00002834                TWIS1_Handler
                0x00002834                AESA_Handler
                0x00002834                Dummy_Handler
                0x00002834                ABDACB_Handler
                0x00002834                CATB_Handler
                0x00002834                LCDCA_Handler
                0x00002834                USART1_Handler
                0x00002834                AST_READY_Handler
                0x00002834                AST_ALARM_Handler
                0x00002834                PM_Handler
                0x00002834                TC11_Handler
                0x00002834                ACIFC_Handler
                0x00002834                TC00_Handler
                0x00002834                TC02_Handler
                0x00002834                MemManage_Handler
                0x00002834                SVC_Handler
                0x00002834                ADCIFE_Handler
                0x00002834                PEVC_TR_Handler
                0x00002834                USART2_Handler
                0x00002834                TC10_Handler
                0x00002834                HFLASHC_Handler
                0x00002834                TC01_Handler
                0x00002834                BSCIF_Handler
                0x00002834                IISC_Handler
                0x00002834                BusFault_Handler
                0x00002834                FREQM_Handler
                0x00002834                PEVC_OV_Handler
 *fill*         0x00002836        0x2 
 .text.Reset_Handler
                0x00002838       0x64 src/ASF/sam/utils/cmsis/sam4l/source/templates/gcc/startup_sam4l.o
                0x00002838                Reset_Handler
 .text._sbrk    0x0000289c       0x2c src/ASF/sam/utils/syscalls/gcc/syscalls.o
                0x0000289c                _sbrk
 .text._close   0x000028c8        0x6 src/ASF/sam/utils/syscalls/gcc/syscalls.o
                0x000028c8                _close
 .text._fstat   0x000028ce        0xa src/ASF/sam/utils/syscalls/gcc/syscalls.o
                0x000028ce                _fstat
 .text._isatty  0x000028d8        0x4 src/ASF/sam/utils/syscalls/gcc/syscalls.o
                0x000028d8                _isatty
 .text._lseek   0x000028dc        0x4 src/ASF/sam/utils/syscalls/gcc/syscalls.o
                0x000028dc                _lseek
 .text.ioport_set_pin_mode
                0x000028e0       0x5a src/main.o
 *fill*         0x0000293a        0x2 
 .text.coder_detect
                0x0000293c       0x74 src/main.o
                0x0000293c                coder_detect
 .text.readKey  0x000029b0      0x110 src/main.o
                0x000029b0                readKey
 .text.Periodic_Int
                0x00002ac0       0x44 src/main.o
                0x00002ac0                Periodic_Int
 .text.init_dial
                0x00002b04      0x1c4 src/main.o
                0x00002b04                init_dial
 .text.init_ast_timer
                0x00002cc8       0x68 src/main.o
                0x00002cc8                init_ast_timer
 .text.user_callback_sof_action
                0x00002d30        0x2 src/main.o
                0x00002d30                user_callback_sof_action
 .text.process_report
                0x00002d32        0x2 src/main.o
                0x00002d32                process_report
 .text.set_feature
                0x00002d34        0x2 src/main.o
                0x00002d34                set_feature
 *fill*         0x00002d36        0x2 
 .text.startup.main
                0x00002d38       0x40 src/main.o
                0x00002d38                main
 .text.__libc_init_array
                0x00002d78       0x50 c:/program files (x86)/atmel/studio/7.0/toolchain/arm/arm-gnu-toolchain/bin/../lib/gcc/arm-none-eabi/6.3.1/../../../../arm-none-eabi/lib/thumb/v7e-m\libc.a(lib_a-init.o)
                0x00002d78                __libc_init_array
 .text.iprintf  0x00002dc8       0x28 c:/program files (x86)/atmel/studio/7.0/toolchain/arm/arm-gnu-toolchain/bin/../lib/gcc/arm-none-eabi/6.3.1/../../../../arm-none-eabi/lib/thumb/v7e-m\libc.a(lib_a-iprintf.o)
                0x00002dc8                iprintf
 .text          0x00002df0      0x134 c:/program files (x86)/atmel/studio/7.0/toolchain/arm/arm-gnu-toolchain/bin/../lib/gcc/arm-none-eabi/6.3.1/../../../../arm-none-eabi/lib/thumb/v7e-m\libc.a(lib_a-memcpy.o)
                0x00002df0                memcpy
 .text.memset   0x00002f24       0x9c c:/program files (x86)/atmel/studio/7.0/toolchain/arm/arm-gnu-toolchain/bin/../lib/gcc/arm-none-eabi/6.3.1/../../../../arm-none-eabi/lib/thumb/v7e-m\libc.a(lib_a-memset.o)
                0x00002f24                memset
 .text.__sprint_r.part.0
                0x00002fc0       0x80 c:/program files (x86)/atmel/studio/7.0/toolchain/arm/arm-gnu-toolchain/bin/../lib/gcc/arm-none-eabi/6.3.1/../../../../arm-none-eabi/lib/thumb/v7e-m\libc.a(lib_a-vfiprintf.o)
 .text._vfiprintf_r
                0x00003040      0xc90 c:/program files (x86)/atmel/studio/7.0/toolchain/arm/arm-gnu-toolchain/bin/../lib/gcc/arm-none-eabi/6.3.1/../../../../arm-none-eabi/lib/thumb/v7e-m\libc.a(lib_a-vfiprintf.o)
                0x00003040                _vfiprintf_r
 .text.__sbprintf
                0x00003cd0       0x84 c:/program files (x86)/atmel/studio/7.0/toolchain/arm/arm-gnu-toolchain/bin/../lib/gcc/arm-none-eabi/6.3.1/../../../../arm-none-eabi/lib/thumb/v7e-m\libc.a(lib_a-vfiprintf.o)
 .text.__swsetup_r
                0x00003d54       0xc8 c:/program files (x86)/atmel/studio/7.0/toolchain/arm/arm-gnu-toolchain/bin/../lib/gcc/arm-none-eabi/6.3.1/../../../../arm-none-eabi/lib/thumb/v7e-m\libc.a(lib_a-wsetup.o)
                0x00003d54                __swsetup_r
 .text.startup.register_fini
                0x00003e1c       0x14 c:/program files (x86)/atmel/studio/7.0/toolchain/arm/arm-gnu-toolchain/bin/../lib/gcc/arm-none-eabi/6.3.1/../../../../arm-none-eabi/lib/thumb/v7e-m\libc.a(lib_a-__call_atexit.o)
 .text.atexit   0x00003e30        0xc c:/program files (x86)/atmel/studio/7.0/toolchain/arm/arm-gnu-toolchain/bin/../lib/gcc/arm-none-eabi/6.3.1/../../../../arm-none-eabi/lib/thumb/v7e-m\libc.a(lib_a-atexit.o)
                0x00003e30                atexit
 .text.__sflush_r
                0x00003e3c      0x140 c:/program files (x86)/atmel/studio/7.0/toolchain/arm/arm-gnu-toolchain/bin/../lib/gcc/arm-none-eabi/6.3.1/../../../../arm-none-eabi/lib/thumb/v7e-m\libc.a(lib_a-fflush.o)
                0x00003e3c                __sflush_r
 .text._fflush_r
                0x00003f7c       0x54 c:/program files (x86)/atmel/studio/7.0/toolchain/arm/arm-gnu-toolchain/bin/../lib/gcc/arm-none-eabi/6.3.1/../../../../arm-none-eabi/lib/thumb/v7e-m\libc.a(lib_a-fflush.o)
                0x00003f7c                _fflush_r
 .text._cleanup_r
                0x00003fd0        0xc c:/program files (x86)/atmel/studio/7.0/toolchain/arm/arm-gnu-toolchain/bin/../lib/gcc/arm-none-eabi/6.3.1/../../../../arm-none-eabi/lib/thumb/v7e-m\libc.a(lib_a-findfp.o)
                0x00003fd0                _cleanup_r
 .text.std.isra.0
                0x00003fdc       0x50 c:/program files (x86)/atmel/studio/7.0/toolchain/arm/arm-gnu-toolchain/bin/../lib/gcc/arm-none-eabi/6.3.1/../../../../arm-none-eabi/lib/thumb/v7e-m\libc.a(lib_a-findfp.o)
 .text.__sinit  0x0000402c       0x58 c:/program files (x86)/atmel/studio/7.0/toolchain/arm/arm-gnu-toolchain/bin/../lib/gcc/arm-none-eabi/6.3.1/../../../../arm-none-eabi/lib/thumb/v7e-m\libc.a(lib_a-findfp.o)
                0x0000402c                __sinit
 .text.__sfp_lock_acquire
                0x00004084        0xc c:/program files (x86)/atmel/studio/7.0/toolchain/arm/arm-gnu-toolchain/bin/../lib/gcc/arm-none-eabi/6.3.1/../../../../arm-none-eabi/lib/thumb/v7e-m\libc.a(lib_a-findfp.o)
                0x00004084                __sfp_lock_acquire
 .text.__sfp_lock_release
                0x00004090        0xc c:/program files (x86)/atmel/studio/7.0/toolchain/arm/arm-gnu-toolchain/bin/../lib/gcc/arm-none-eabi/6.3.1/../../../../arm-none-eabi/lib/thumb/v7e-m\libc.a(lib_a-findfp.o)
                0x00004090                __sfp_lock_release
 .text.__libc_fini_array
                0x0000409c       0x34 c:/program files (x86)/atmel/studio/7.0/toolchain/arm/arm-gnu-toolchain/bin/../lib/gcc/arm-none-eabi/6.3.1/../../../../arm-none-eabi/lib/thumb/v7e-m\libc.a(lib_a-fini.o)
                0x0000409c                __libc_fini_array
 .text.__fputwc
                0x000040d0       0xa0 c:/program files (x86)/atmel/studio/7.0/toolchain/arm/arm-gnu-toolchain/bin/../lib/gcc/arm-none-eabi/6.3.1/../../../../arm-none-eabi/lib/thumb/v7e-m\libc.a(lib_a-fputwc.o)
                0x000040d0                __fputwc
 .text._fputwc_r
                0x00004170       0x68 c:/program files (x86)/atmel/studio/7.0/toolchain/arm/arm-gnu-toolchain/bin/../lib/gcc/arm-none-eabi/6.3.1/../../../../arm-none-eabi/lib/thumb/v7e-m\libc.a(lib_a-fputwc.o)
                0x00004170                _fputwc_r
 .text._malloc_trim_r
                0x000041d8       0xa0 c:/program files (x86)/atmel/studio/7.0/toolchain/arm/arm-gnu-toolchain/bin/../lib/gcc/arm-none-eabi/6.3.1/../../../../arm-none-eabi/lib/thumb/v7e-m\libc.a(lib_a-freer.o)
                0x000041d8                _malloc_trim_r
 .text._free_r  0x00004278      0x1cc c:/program files (x86)/atmel/studio/7.0/toolchain/arm/arm-gnu-toolchain/bin/../lib/gcc/arm-none-eabi/6.3.1/../../../../arm-none-eabi/lib/thumb/v7e-m\libc.a(lib_a-freer.o)
                0x00004278                _free_r
 .text.__sfvwrite_r
                0x00004444      0x2f0 c:/program files (x86)/atmel/studio/7.0/toolchain/arm/arm-gnu-toolchain/bin/../lib/gcc/arm-none-eabi/6.3.1/../../../../arm-none-eabi/lib/thumb/v7e-m\libc.a(lib_a-fvwrite.o)
                0x00004444                __sfvwrite_r
 .text._fwalk_reent
                0x00004734       0x54 c:/program files (x86)/atmel/studio/7.0/toolchain/arm/arm-gnu-toolchain/bin/../lib/gcc/arm-none-eabi/6.3.1/../../../../arm-none-eabi/lib/thumb/v7e-m\libc.a(lib_a-fwalk.o)
                0x00004734                _fwalk_reent
 .text.__locale_mb_cur_max
                0x00004788       0x1c c:/program files (x86)/atmel/studio/7.0/toolchain/arm/arm-gnu-toolchain/bin/../lib/gcc/arm-none-eabi/6.3.1/../../../../arm-none-eabi/lib/thumb/v7e-m\libc.a(lib_a-locale.o)
                0x00004788                __locale_mb_cur_max
 .text.__retarget_lock_init_recursive
                0x000047a4        0x4 c:/program files (x86)/atmel/studio/7.0/toolchain/arm/arm-gnu-toolchain/bin/../lib/gcc/arm-none-eabi/6.3.1/../../../../arm-none-eabi/lib/thumb/v7e-m\libc.a(lib_a-lock.o)
                0x000047a4                __retarget_lock_init_recursive
 .text.__retarget_lock_close_recursive
                0x000047a8        0x4 c:/program files (x86)/atmel/studio/7.0/toolchain/arm/arm-gnu-toolchain/bin/../lib/gcc/arm-none-eabi/6.3.1/../../../../arm-none-eabi/lib/thumb/v7e-m\libc.a(lib_a-lock.o)
                0x000047a8                __retarget_lock_close_recursive
 .text.__retarget_lock_acquire_recursive
                0x000047ac        0x4 c:/program files (x86)/atmel/studio/7.0/toolchain/arm/arm-gnu-toolchain/bin/../lib/gcc/arm-none-eabi/6.3.1/../../../../arm-none-eabi/lib/thumb/v7e-m\libc.a(lib_a-lock.o)
                0x000047ac                __retarget_lock_acquire_recursive
 .text.__retarget_lock_release_recursive
                0x000047b0        0x4 c:/program files (x86)/atmel/studio/7.0/toolchain/arm/arm-gnu-toolchain/bin/../lib/gcc/arm-none-eabi/6.3.1/../../../../arm-none-eabi/lib/thumb/v7e-m\libc.a(lib_a-lock.o)
                0x000047b0                __retarget_lock_release_recursive
 .text.__swhatbuf_r
                0x000047b4       0x5c c:/program files (x86)/atmel/studio/7.0/toolchain/arm/arm-gnu-toolchain/bin/../lib/gcc/arm-none-eabi/6.3.1/../../../../arm-none-eabi/lib/thumb/v7e-m\libc.a(lib_a-makebuf.o)
                0x000047b4                __swhatbuf_r
 .text.__smakebuf_r
                0x00004810       0x94 c:/program files (x86)/atmel/studio/7.0/toolchain/arm/arm-gnu-toolchain/bin/../lib/gcc/arm-none-eabi/6.3.1/../../../../arm-none-eabi/lib/thumb/v7e-m\libc.a(lib_a-makebuf.o)
                0x00004810                __smakebuf_r
 .text._malloc_r
                0x000048a4      0x560 c:/program files (x86)/atmel/studio/7.0/toolchain/arm/arm-gnu-toolchain/bin/../lib/gcc/arm-none-eabi/6.3.1/../../../../arm-none-eabi/lib/thumb/v7e-m\libc.a(lib_a-mallocr.o)
                0x000048a4                _malloc_r
 .text.__ascii_mbtowc
                0x00004e04       0x2c c:/program files (x86)/atmel/studio/7.0/toolchain/arm/arm-gnu-toolchain/bin/../lib/gcc/arm-none-eabi/6.3.1/../../../../arm-none-eabi/lib/thumb/v7e-m\libc.a(lib_a-mbtowc_r.o)
                0x00004e04                __ascii_mbtowc
 .text          0x00004e30       0xa0 c:/program files (x86)/atmel/studio/7.0/toolchain/arm/arm-gnu-toolchain/bin/../lib/gcc/arm-none-eabi/6.3.1/../../../../arm-none-eabi/lib/thumb/v7e-m\libc.a(lib_a-memchr.o)
                0x00004e30                memchr
 .text.memmove  0x00004ed0       0xc8 c:/program files (x86)/atmel/studio/7.0/toolchain/arm/arm-gnu-toolchain/bin/../lib/gcc/arm-none-eabi/6.3.1/../../../../arm-none-eabi/lib/thumb/v7e-m\libc.a(lib_a-memmove.o)
                0x00004ed0                memmove
 .text.__malloc_lock
                0x00004f98        0xc c:/program files (x86)/atmel/studio/7.0/toolchain/arm/arm-gnu-toolchain/bin/../lib/gcc/arm-none-eabi/6.3.1/../../../../arm-none-eabi/lib/thumb/v7e-m\libc.a(lib_a-mlock.o)
                0x00004f98                __malloc_lock
 .text.__malloc_unlock
                0x00004fa4        0xc c:/program files (x86)/atmel/studio/7.0/toolchain/arm/arm-gnu-toolchain/bin/../lib/gcc/arm-none-eabi/6.3.1/../../../../arm-none-eabi/lib/thumb/v7e-m\libc.a(lib_a-mlock.o)
                0x00004fa4                __malloc_unlock
 .text._realloc_r
                0x00004fb0      0x34c c:/program files (x86)/atmel/studio/7.0/toolchain/arm/arm-gnu-toolchain/bin/../lib/gcc/arm-none-eabi/6.3.1/../../../../arm-none-eabi/lib/thumb/v7e-m\libc.a(lib_a-reallocr.o)
                0x00004fb0                _realloc_r
 .text._sbrk_r  0x000052fc       0x24 c:/program files (x86)/atmel/studio/7.0/toolchain/arm/arm-gnu-toolchain/bin/../lib/gcc/arm-none-eabi/6.3.1/../../../../arm-none-eabi/lib/thumb/v7e-m\libc.a(lib_a-sbrkr.o)
                0x000052fc                _sbrk_r
 .text.__sread  0x00005320       0x24 c:/program files (x86)/atmel/studio/7.0/toolchain/arm/arm-gnu-toolchain/bin/../lib/gcc/arm-none-eabi/6.3.1/../../../../arm-none-eabi/lib/thumb/v7e-m\libc.a(lib_a-stdio.o)
                0x00005320                __sread
 .text.__swrite
                0x00005344       0x3c c:/program files (x86)/atmel/studio/7.0/toolchain/arm/arm-gnu-toolchain/bin/../lib/gcc/arm-none-eabi/6.3.1/../../../../arm-none-eabi/lib/thumb/v7e-m\libc.a(lib_a-stdio.o)
                0x00005344                __swrite
 .text.__sseek  0x00005380       0x20 c:/program files (x86)/atmel/studio/7.0/toolchain/arm/arm-gnu-toolchain/bin/../lib/gcc/arm-none-eabi/6.3.1/../../../../arm-none-eabi/lib/thumb/v7e-m\libc.a(lib_a-stdio.o)
                0x00005380                __sseek
 .text.__sclose
                0x000053a0        0x8 c:/program files (x86)/atmel/studio/7.0/toolchain/arm/arm-gnu-toolchain/bin/../lib/gcc/arm-none-eabi/6.3.1/../../../../arm-none-eabi/lib/thumb/v7e-m\libc.a(lib_a-stdio.o)
                0x000053a0                __sclose
 *fill*         0x000053a8       0x18 
 .text          0x000053c0       0xdc c:/program files (x86)/atmel/studio/7.0/toolchain/arm/arm-gnu-toolchain/bin/../lib/gcc/arm-none-eabi/6.3.1/../../../../arm-none-eabi/lib/thumb/v7e-m\libc.a(lib_a-strlen.o)
                0x000053c0                strlen
 .text.__swbuf_r
                0x0000549c       0xb0 c:/program files (x86)/atmel/studio/7.0/toolchain/arm/arm-gnu-toolchain/bin/../lib/gcc/arm-none-eabi/6.3.1/../../../../arm-none-eabi/lib/thumb/v7e-m\libc.a(lib_a-wbuf.o)
                0x0000549c                __swbuf_r
 .text._wcrtomb_r
                0x0000554c       0x54 c:/program files (x86)/atmel/studio/7.0/toolchain/arm/arm-gnu-toolchain/bin/../lib/gcc/arm-none-eabi/6.3.1/../../../../arm-none-eabi/lib/thumb/v7e-m\libc.a(lib_a-wcrtomb.o)
                0x0000554c                _wcrtomb_r
 .text.__ascii_wctomb
                0x000055a0       0x1c c:/program files (x86)/atmel/studio/7.0/toolchain/arm/arm-gnu-toolchain/bin/../lib/gcc/arm-none-eabi/6.3.1/../../../../arm-none-eabi/lib/thumb/v7e-m\libc.a(lib_a-wctomb_r.o)
                0x000055a0                __ascii_wctomb
 .text._write_r
                0x000055bc       0x2c c:/program files (x86)/atmel/studio/7.0/toolchain/arm/arm-gnu-toolchain/bin/../lib/gcc/arm-none-eabi/6.3.1/../../../../arm-none-eabi/lib/thumb/v7e-m\libc.a(lib_a-writer.o)
                0x000055bc                _write_r
 .text.__register_exitproc
                0x000055e8       0xc4 c:/program files (x86)/atmel/studio/7.0/toolchain/arm/arm-gnu-toolchain/bin/../lib/gcc/arm-none-eabi/6.3.1/../../../../arm-none-eabi/lib/thumb/v7e-m\libc.a(lib_a-__atexit.o)
                0x000055e8                __register_exitproc
 .text._close_r
                0x000056ac       0x24 c:/program files (x86)/atmel/studio/7.0/toolchain/arm/arm-gnu-toolchain/bin/../lib/gcc/arm-none-eabi/6.3.1/../../../../arm-none-eabi/lib/thumb/v7e-m\libc.a(lib_a-closer.o)
                0x000056ac                _close_r
 .text._fclose_r
                0x000056d0       0xc4 c:/program files (x86)/atmel/studio/7.0/toolchain/arm/arm-gnu-toolchain/bin/../lib/gcc/arm-none-eabi/6.3.1/../../../../arm-none-eabi/lib/thumb/v7e-m\libc.a(lib_a-fclose.o)
                0x000056d0                _fclose_r
 .text._fstat_r
                0x00005794       0x28 c:/program files (x86)/atmel/studio/7.0/toolchain/arm/arm-gnu-toolchain/bin/../lib/gcc/arm-none-eabi/6.3.1/../../../../arm-none-eabi/lib/thumb/v7e-m\libc.a(lib_a-fstatr.o)
                0x00005794                _fstat_r
 .text._isatty_r
                0x000057bc       0x24 c:/program files (x86)/atmel/studio/7.0/toolchain/arm/arm-gnu-toolchain/bin/../lib/gcc/arm-none-eabi/6.3.1/../../../../arm-none-eabi/lib/thumb/v7e-m\libc.a(lib_a-isattyr.o)
                0x000057bc                _isatty_r
 .text._lseek_r
                0x000057e0       0x2c c:/program files (x86)/atmel/studio/7.0/toolchain/arm/arm-gnu-toolchain/bin/../lib/gcc/arm-none-eabi/6.3.1/../../../../arm-none-eabi/lib/thumb/v7e-m\libc.a(lib_a-lseekr.o)
                0x000057e0                _lseek_r
 .text._read_r  0x0000580c       0x2c c:/program files (x86)/atmel/studio/7.0/toolchain/arm/arm-gnu-toolchain/bin/../lib/gcc/arm-none-eabi/6.3.1/../../../../arm-none-eabi/lib/thumb/v7e-m\libc.a(lib_a-readr.o)
                0x0000580c                _read_r
 .text          0x00005838       0x30 c:/program files (x86)/atmel/studio/7.0/toolchain/arm/arm-gnu-toolchain/bin/../lib/gcc/arm-none-eabi/6.3.1/thumb/v7e-m\libgcc.a(_aeabi_uldivmod.o)
                0x00005838                __aeabi_uldivmod
 .text          0x00005868      0x2dc c:/program files (x86)/atmel/studio/7.0/toolchain/arm/arm-gnu-toolchain/bin/../lib/gcc/arm-none-eabi/6.3.1/thumb/v7e-m\libgcc.a(_udivmoddi4.o)
                0x00005868                __udivmoddi4
 .text          0x00005b44        0x4 c:/program files (x86)/atmel/studio/7.0/toolchain/arm/arm-gnu-toolchain/bin/../lib/gcc/arm-none-eabi/6.3.1/thumb/v7e-m\libgcc.a(_dvmd_tls.o)
                0x00005b44                __aeabi_idiv0
                0x00005b44                __aeabi_ldiv0
 .text._read    0x00005b48       0x10 c:/program files (x86)/atmel/studio/7.0/toolchain/arm/arm-gnu-toolchain/bin/../lib/gcc/arm-none-eabi/6.3.1/../../../../arm-none-eabi/lib/thumb/v7e-m\libnosys.a(read.o)
                0x00005b48                _read
 .text._write   0x00005b58       0x10 c:/program files (x86)/atmel/studio/7.0/toolchain/arm/arm-gnu-toolchain/bin/../lib/gcc/arm-none-eabi/6.3.1/../../../../arm-none-eabi/lib/thumb/v7e-m\libnosys.a(write.o)
                0x00005b58                _write
 *(.glue_7t)
 .glue_7t       0x00005b68        0x0 linker stubs
 *(.glue_7)
 .glue_7        0x00005b68        0x0 linker stubs
 *(.rodata .rodata* .gnu.linkonce.r.*)
 .rodata.udc_process_setup.str1.1
                0x00005b68        0x8 src/ASF/common/services/usb/udc/udc.o
 .rodata.init_dial.str1.1
                0x00005b70       0x1c src/main.o
 .rodata._global_impure_ptr
                0x00005b8c        0x4 c:/program files (x86)/atmel/studio/7.0/toolchain/arm/arm-gnu-toolchain/bin/../lib/gcc/arm-none-eabi/6.3.1/../../../../arm-none-eabi/lib/thumb/v7e-m\libc.a(lib_a-impure.o)
                0x00005b8c                _global_impure_ptr
 .rodata._vfiprintf_r.str1.4
                0x00005b90       0x2f c:/program files (x86)/atmel/studio/7.0/toolchain/arm/arm-gnu-toolchain/bin/../lib/gcc/arm-none-eabi/6.3.1/../../../../arm-none-eabi/lib/thumb/v7e-m\libc.a(lib_a-vfiprintf.o)
 *fill*         0x00005bbf        0x1 
 .rodata.blanks.7217
                0x00005bc0       0x10 c:/program files (x86)/atmel/studio/7.0/toolchain/arm/arm-gnu-toolchain/bin/../lib/gcc/arm-none-eabi/6.3.1/../../../../arm-none-eabi/lib/thumb/v7e-m\libc.a(lib_a-vfiprintf.o)
 .rodata.zeroes.7218
                0x00005bd0       0x10 c:/program files (x86)/atmel/studio/7.0/toolchain/arm/arm-gnu-toolchain/bin/../lib/gcc/arm-none-eabi/6.3.1/../../../../arm-none-eabi/lib/thumb/v7e-m\libc.a(lib_a-vfiprintf.o)
 .rodata._setlocale_r.str1.4
                0x00005be0        0xa c:/program files (x86)/atmel/studio/7.0/toolchain/arm/arm-gnu-toolchain/bin/../lib/gcc/arm-none-eabi/6.3.1/../../../../arm-none-eabi/lib/thumb/v7e-m\libc.a(lib_a-locale.o)
                                  0xd (size before relaxing)
 *fill*         0x00005bea        0x2 
 .rodata.str1.4
                0x00005bec        0x4 c:/program files (x86)/atmel/studio/7.0/toolchain/arm/arm-gnu-toolchain/bin/../lib/gcc/arm-none-eabi/6.3.1/../../../../arm-none-eabi/lib/thumb/v7e-m\libc.a(lib_a-locale.o)
                                  0x2 (size before relaxing)
 .rodata._ctype_
                0x00005bf0      0x101 c:/program files (x86)/atmel/studio/7.0/toolchain/arm/arm-gnu-toolchain/bin/../lib/gcc/arm-none-eabi/6.3.1/../../../../arm-none-eabi/lib/thumb/v7e-m\libc.a(lib_a-ctype_.o)
                0x00005bf0                _ctype_
 *(.ARM.extab* .gnu.linkonce.armextab.*)
                0x00005cf4                . = ALIGN (0x4)
 *fill*         0x00005cf1        0x3 
 *(.init)
 .init          0x00005cf4        0x4 c:/program files (x86)/atmel/studio/7.0/toolchain/arm/arm-gnu-toolchain/bin/../lib/gcc/arm-none-eabi/6.3.1/thumb/v7e-m/crti.o
                0x00005cf4                _init
 .init          0x00005cf8        0x8 c:/program files (x86)/atmel/studio/7.0/toolchain/arm/arm-gnu-toolchain/bin/../lib/gcc/arm-none-eabi/6.3.1/thumb/v7e-m/crtn.o
                0x00005d00                . = ALIGN (0x4)
                0x00005d00                __preinit_array_start = .
 *(.preinit_array)
                0x00005d00                __preinit_array_end = .
                0x00005d00                . = ALIGN (0x4)
                0x00005d00                __init_array_start = .
 *(SORT(.init_array.*))
 .init_array.00000
                0x00005d00        0x4 c:/program files (x86)/atmel/studio/7.0/toolchain/arm/arm-gnu-toolchain/bin/../lib/gcc/arm-none-eabi/6.3.1/../../../../arm-none-eabi/lib/thumb/v7e-m\libc.a(lib_a-__call_atexit.o)
 *(.init_array)
 .init_array    0x00005d04        0x4 c:/program files (x86)/atmel/studio/7.0/toolchain/arm/arm-gnu-toolchain/bin/../lib/gcc/arm-none-eabi/6.3.1/thumb/v7e-m/crtbegin.o
                0x00005d08                __init_array_end = .
                0x00005d08                . = ALIGN (0x4)
 *crtbegin.o(.ctors)
 *(EXCLUDE_FILE(*crtend.o) .ctors)
 *(SORT(.ctors.*))
 *crtend.o(.ctors)
                0x00005d08                . = ALIGN (0x4)
 *(.fini)
 .fini          0x00005d08        0x4 c:/program files (x86)/atmel/studio/7.0/toolchain/arm/arm-gnu-toolchain/bin/../lib/gcc/arm-none-eabi/6.3.1/thumb/v7e-m/crti.o
                0x00005d08                _fini
 .fini          0x00005d0c        0x8 c:/program files (x86)/atmel/studio/7.0/toolchain/arm/arm-gnu-toolchain/bin/../lib/gcc/arm-none-eabi/6.3.1/thumb/v7e-m/crtn.o
                0x00005d14                . = ALIGN (0x4)
                0x00005d14                __fini_array_start = .
 *(.fini_array)
 .fini_array    0x00005d14        0x4 c:/program files (x86)/atmel/studio/7.0/toolchain/arm/arm-gnu-toolchain/bin/../lib/gcc/arm-none-eabi/6.3.1/thumb/v7e-m/crtbegin.o
 *(SORT(.fini_array.*))
                0x00005d18                __fini_array_end = .
 *crtbegin.o(.dtors)
 *(EXCLUDE_FILE(*crtend.o) .dtors)
 *(SORT(.dtors.*))
 *crtend.o(.dtors)
                0x00005d18                . = ALIGN (0x4)
                0x00005d18                _efixed = .
                [!provide]                PROVIDE (__exidx_start, .)

.vfp11_veneer   0x00005d18        0x0
 .vfp11_veneer  0x00005d18        0x0 linker stubs

.v4_bx          0x00005d18        0x0
 .v4_bx         0x00005d18        0x0 linker stubs

.iplt           0x00005d18        0x0
 .iplt          0x00005d18        0x0 c:/program files (x86)/atmel/studio/7.0/toolchain/arm/arm-gnu-toolchain/bin/../lib/gcc/arm-none-eabi/6.3.1/thumb/v7e-m/crtbegin.o

.ARM.exidx      0x00005d18        0x8
 *(.ARM.exidx* .gnu.linkonce.armexidx.*)
 .ARM.exidx     0x00005d18        0x8 c:/program files (x86)/atmel/studio/7.0/toolchain/arm/arm-gnu-toolchain/bin/../lib/gcc/arm-none-eabi/6.3.1/thumb/v7e-m\libgcc.a(_udivmoddi4.o)
                [!provide]                PROVIDE (__exidx_end, .)

.eh_frame       0x00005d20        0x0
 .eh_frame      0x00005d20        0x0 c:/program files (x86)/atmel/studio/7.0/toolchain/arm/arm-gnu-toolchain/bin/../lib/gcc/arm-none-eabi/6.3.1/thumb/v7e-m/crtbegin.o

.rel.dyn        0x00005d20        0x0
 .rel.iplt      0x00005d20        0x0 c:/program files (x86)/atmel/studio/7.0/toolchain/arm/arm-gnu-toolchain/bin/../lib/gcc/arm-none-eabi/6.3.1/thumb/v7e-m/crtbegin.o

.jcr            0x00005d20        0x0
 .jcr           0x00005d20        0x0 c:/program files (x86)/atmel/studio/7.0/toolchain/arm/arm-gnu-toolchain/bin/../lib/gcc/arm-none-eabi/6.3.1/thumb/v7e-m/crtbegin.o

.igot.plt       0x00005d20        0x0
 .igot.plt      0x00005d20        0x0 c:/program files (x86)/atmel/studio/7.0/toolchain/arm/arm-gnu-toolchain/bin/../lib/gcc/arm-none-eabi/6.3.1/thumb/v7e-m/crtbegin.o
                0x00005d20                . = ALIGN (0x4)
                0x00005d20                _etext = .

.relocate       0x20000000      0xab0 load address 0x00005d20
                0x20000000                . = ALIGN (0x4)
                0x20000000                _srelocate = .
 *(.ramfunc .ramfunc.*)
 .ramfunc       0x20000000       0x2c src/ASF/sam/drivers/bpm/bpm.o
                0x20000000                bpm_ps_no_halt_exec
 *(.data .data.*)
 .data.udi_api_hid_generic
                0x2000002c       0x14 src/ASF/common/services/usb/class/hid/device/generic/udi_hid_generic.o
                0x2000002c                udi_api_hid_generic
 .data.udi_hid_generic_report_desc
                0x20000040       0x3c src/ASF/common/services/usb/class/hid/device/generic/udi_hid_generic.o
                0x20000040                udi_hid_generic_report_desc
 .data.udc_string_desc
                0x2000007c       0x12 src/ASF/common/services/usb/udc/udc.o
 *fill*         0x2000008e        0x2 
 .data.udc_string_desc_languageid
                0x20000090        0x4 src/ASF/common/services/usb/udc/udc.o
 .data.udc_string_manufacturer_name
                0x20000094        0x7 src/ASF/common/services/usb/udc/udc.o
 .data.udc_string_product_name
                0x2000009b        0x9 src/ASF/common/services/usb/udc/udc.o
 .data.udc_config
                0x200000a4        0xc src/ASF/common/services/usb/class/hid/device/generic/udi_hid_generic_desc.o
                0x200000a4                udc_config
 .data.udc_config_fshs
                0x200000b0        0x8 src/ASF/common/services/usb/class/hid/device/generic/udi_hid_generic_desc.o
                0x200000b0                udc_config_fshs
 .data.udc_desc
                0x200000b8       0x29 src/ASF/common/services/usb/class/hid/device/generic/udi_hid_generic_desc.o
                0x200000b8                udc_desc
 *fill*         0x200000e1        0x3 
 .data.udc_device_desc
                0x200000e4       0x12 src/ASF/common/services/usb/class/hid/device/generic/udi_hid_generic_desc.o
                0x200000e4                udc_device_desc
 *fill*         0x200000f6        0x2 
 .data.udi_apis
                0x200000f8        0x4 src/ASF/common/services/usb/class/hid/device/generic/udi_hid_generic_desc.o
                0x200000f8                udi_apis
 .data.flashcalw_wait_until_ready
                0x200000fc        0x4 src/ASF/sam/drivers/flashcalw/flashcalw.o
                0x200000fc                flashcalw_wait_until_ready
 .data.g_interrupt_enabled
                0x20000100        0x1 src/ASF/common/utils/interrupt/interrupt_sam_nvic.o
                0x20000100                g_interrupt_enabled
 *fill*         0x20000101        0x3 
 .data._impure_ptr
                0x20000104        0x4 c:/program files (x86)/atmel/studio/7.0/toolchain/arm/arm-gnu-toolchain/bin/../lib/gcc/arm-none-eabi/6.3.1/../../../../arm-none-eabi/lib/thumb/v7e-m\libc.a(lib_a-impure.o)
                0x20000104                _impure_ptr
 .data.impure_data
                0x20000108      0x428 c:/program files (x86)/atmel/studio/7.0/toolchain/arm/arm-gnu-toolchain/bin/../lib/gcc/arm-none-eabi/6.3.1/../../../../arm-none-eabi/lib/thumb/v7e-m\libc.a(lib_a-impure.o)
 .data.__atexit_recursive_mutex
                0x20000530        0x4 c:/program files (x86)/atmel/studio/7.0/toolchain/arm/arm-gnu-toolchain/bin/../lib/gcc/arm-none-eabi/6.3.1/../../../../arm-none-eabi/lib/thumb/v7e-m\libc.a(lib_a-__call_atexit.o)
                0x20000530                __atexit_recursive_mutex
 .data.__global_locale
                0x20000534      0x16c c:/program files (x86)/atmel/studio/7.0/toolchain/arm/arm-gnu-toolchain/bin/../lib/gcc/arm-none-eabi/6.3.1/../../../../arm-none-eabi/lib/thumb/v7e-m\libc.a(lib_a-locale.o)
                0x20000534                __global_locale
 .data.__malloc_av_
                0x200006a0      0x408 c:/program files (x86)/atmel/studio/7.0/toolchain/arm/arm-gnu-toolchain/bin/../lib/gcc/arm-none-eabi/6.3.1/../../../../arm-none-eabi/lib/thumb/v7e-m\libc.a(lib_a-mallocr.o)
                0x200006a0                __malloc_av_
 .data.__malloc_sbrk_base
                0x20000aa8        0x4 c:/program files (x86)/atmel/studio/7.0/toolchain/arm/arm-gnu-toolchain/bin/../lib/gcc/arm-none-eabi/6.3.1/../../../../arm-none-eabi/lib/thumb/v7e-m\libc.a(lib_a-mallocr.o)
                0x20000aa8                __malloc_sbrk_base
 .data.__malloc_trim_threshold
                0x20000aac        0x4 c:/program files (x86)/atmel/studio/7.0/toolchain/arm/arm-gnu-toolchain/bin/../lib/gcc/arm-none-eabi/6.3.1/../../../../arm-none-eabi/lib/thumb/v7e-m\libc.a(lib_a-mallocr.o)
                0x20000aac                __malloc_trim_threshold
                0x20000ab0                . = ALIGN (0x4)
                0x20000ab0                _erelocate = .

.bss            0x20000ac0      0x38c load address 0x000067e0
                0x20000ac0                . = ALIGN (0x4)
                0x20000ac0                _sbss = .
                0x20000ac0                _szero = .
 *(.bss .bss.*)
 .bss           0x20000ac0       0x1c c:/program files (x86)/atmel/studio/7.0/toolchain/arm/arm-gnu-toolchain/bin/../lib/gcc/arm-none-eabi/6.3.1/thumb/v7e-m/crtbegin.o
 .bss.udi_hid_generic_b_report_in_free
                0x20000adc        0x1 src/ASF/common/services/usb/class/hid/device/generic/udi_hid_generic.o
 *fill*         0x20000add        0x3 
 .bss.udi_hid_generic_protocol
                0x20000ae0        0x1 src/ASF/common/services/usb/class/hid/device/generic/udi_hid_generic.o
 *fill*         0x20000ae1        0x3 
 .bss.udi_hid_generic_rate
                0x20000ae4        0x1 src/ASF/common/services/usb/class/hid/device/generic/udi_hid_generic.o
 *fill*         0x20000ae5        0x3 
 .bss.udi_hid_generic_report_feature
                0x20000ae8        0x4 src/ASF/common/services/usb/class/hid/device/generic/udi_hid_generic.o
 .bss.udi_hid_generic_report_in
                0x20000aec        0x6 src/ASF/common/services/usb/class/hid/device/generic/udi_hid_generic.o
 *fill*         0x20000af2        0x2 
 .bss.udi_hid_generic_report_out
                0x20000af4       0x40 src/ASF/common/services/usb/class/hid/device/generic/udi_hid_generic.o
 .bss.udc_device_status
                0x20000b34        0x2 src/ASF/common/services/usb/udc/udc.o
 .bss.udc_ep_status.8272
                0x20000b36        0x2 src/ASF/common/services/usb/udc/udc.o
 .bss.udc_iface_setting
                0x20000b38        0x1 src/ASF/common/services/usb/udc/udc.o
 *fill*         0x20000b39        0x3 
 .bss.udc_num_configuration
                0x20000b3c        0x1 src/ASF/common/services/usb/udc/udc.o
 *fill*         0x20000b3d        0x3 
 .bss.udc_ptr_conf
                0x20000b40        0x4 src/ASF/common/services/usb/udc/udc.o
 .bss.udc_ptr_iface
                0x20000b44        0x4 src/ASF/common/services/usb/udc/udc.o
 .bss.b_shortpacket.9352
                0x20000b48        0x1 src/ASF/sam/drivers/usbc/usbc_device.o
 .bss.udd_b_idle
                0x20000b49        0x1 src/ASF/sam/drivers/usbc/usbc_device.o
 .bss.udd_ctrl_payload_nb_trans
                0x20000b4a        0x2 src/ASF/sam/drivers/usbc/usbc_device.o
 .bss.udd_ctrl_prev_payload_nb_trans
                0x20000b4c        0x2 src/ASF/sam/drivers/usbc/usbc_device.o
 .bss.udd_ep_control_state
                0x20000b4e        0x1 src/ASF/sam/drivers/usbc/usbc_device.o
 *fill*         0x20000b4f        0x1 
 .bss.udd_ep_job
                0x20000b50       0x28 src/ASF/sam/drivers/usbc/usbc_device.o
 *fill*         0x20000b78        0x8 
 .bss.udd_g_ep_table
                0x20000b80       0x60 src/ASF/sam/drivers/usbc/usbc_device.o
 .bss.flashcalw_error_status
                0x20000be0        0x4 src/ASF/sam/drivers/flashcalw/flashcalw.o
 .bss.gpio_int_sources
                0x20000be4       0x30 src/ASF/sam/drivers/gpio/gpio.o
 .bss.gpio_nb_sources
                0x20000c14        0x4 src/ASF/sam/drivers/gpio/gpio.o
 .bss.p_twim_next_rx_data
                0x20000c18       0x10 src/ASF/sam/drivers/twim/twim.o
 .bss.p_twim_next_tx_data
                0x20000c28       0x10 src/ASF/sam/drivers/twim/twim.o
 .bss.p_twim_rx_data
                0x20000c38       0x10 src/ASF/sam/drivers/twim/twim.o
 .bss.p_twim_tx_data
                0x20000c48       0x10 src/ASF/sam/drivers/twim/twim.o
 .bss.transfer_status
                0x20000c58        0x4 src/ASF/sam/drivers/twim/twim.o
 .bss.twim_it_mask
                0x20000c5c       0x10 src/ASF/sam/drivers/twim/twim.o
 .bss.twim_next_cmd_xfer_valid
                0x20000c6c        0x4 src/ASF/sam/drivers/twim/twim.o
 .bss.twim_next_rx_nb_bytes
                0x20000c70       0x10 src/ASF/sam/drivers/twim/twim.o
 .bss.twim_next_tx_nb_bytes
                0x20000c80       0x10 src/ASF/sam/drivers/twim/twim.o
 .bss.twim_rx_nb_bytes
                0x20000c90       0x10 src/ASF/sam/drivers/twim/twim.o
 .bss.twim_tx_nb_bytes
                0x20000ca0       0x10 src/ASF/sam/drivers/twim/twim.o
 .bss.heap.5297
                0x20000cb0        0x4 src/ASF/sam/utils/syscalls/gcc/syscalls.o
 .bss.prev_A    0x20000cb4        0x1 src/main.o
                0x20000cb4                prev_A
 .bss.prev_B    0x20000cb5        0x1 src/main.o
                0x20000cb5                prev_B
 .bss.smooth_cnt
                0x20000cb6        0x2 src/main.o
                0x20000cb6                smooth_cnt
 .bss.__malloc_current_mallinfo
                0x20000cb8       0x28 c:/program files (x86)/atmel/studio/7.0/toolchain/arm/arm-gnu-toolchain/bin/../lib/gcc/arm-none-eabi/6.3.1/../../../../arm-none-eabi/lib/thumb/v7e-m\libc.a(lib_a-mallocr.o)
                0x20000cb8                __malloc_current_mallinfo
 .bss.__malloc_max_sbrked_mem
                0x20000ce0        0x4 c:/program files (x86)/atmel/studio/7.0/toolchain/arm/arm-gnu-toolchain/bin/../lib/gcc/arm-none-eabi/6.3.1/../../../../arm-none-eabi/lib/thumb/v7e-m\libc.a(lib_a-mallocr.o)
                0x20000ce0                __malloc_max_sbrked_mem
 .bss.__malloc_max_total_mem
                0x20000ce4        0x4 c:/program files (x86)/atmel/studio/7.0/toolchain/arm/arm-gnu-toolchain/bin/../lib/gcc/arm-none-eabi/6.3.1/../../../../arm-none-eabi/lib/thumb/v7e-m\libc.a(lib_a-mallocr.o)
                0x20000ce4                __malloc_max_total_mem
 .bss.__malloc_top_pad
                0x20000ce8        0x4 c:/program files (x86)/atmel/studio/7.0/toolchain/arm/arm-gnu-toolchain/bin/../lib/gcc/arm-none-eabi/6.3.1/../../../../arm-none-eabi/lib/thumb/v7e-m\libc.a(lib_a-mallocr.o)
                0x20000ce8                __malloc_top_pad
 *(COMMON)
 COMMON         0x20000cec        0x8 src/ASF/common/services/sleepmgr/sam4l/sleepmgr.o
                0x20000cec                sleepmgr_locks
 COMMON         0x20000cf4        0x6 src/ASF/common/services/usb/class/hid/device/generic/udi_hid_generic.o
                0x20000cf4                _vfo_report
 *fill*         0x20000cfa        0x2 
 COMMON         0x20000cfc       0x14 src/ASF/sam/drivers/ast/ast.o
                0x20000cfc                ast_callback_pointer
 COMMON         0x20000d10       0xa0 src/ASF/sam/drivers/usbc/usbc_device.o
                0x20000d10                udd_ep_out_cache_buffer
                0x20000d90                udd_g_ctrlreq
                0x20000da8                udd_ctrl_buffer
 COMMON         0x20000db0       0x24 src/ASF/sam/drivers/eic/eic.o
                0x20000db0                eic_callback_pointer
 COMMON         0x20000dd4       0x40 src/ASF/sam/drivers/pdca/pdca.o
                0x20000dd4                pdca_callback_pointer
 COMMON         0x20000e14       0x10 src/ASF/sam/drivers/twim/twim.o
                0x20000e14                twim_callback_pointer
 COMMON         0x20000e24       0x21 c:/program files (x86)/atmel/studio/7.0/toolchain/arm/arm-gnu-toolchain/bin/../lib/gcc/arm-none-eabi/6.3.1/../../../../arm-none-eabi/lib/thumb/v7e-m\libc.a(lib_a-lock.o)
                0x20000e24                __lock___atexit_recursive_mutex
                0x20000e28                __lock___arc4random_mutex
                0x20000e2c                __lock___env_recursive_mutex
                0x20000e30                __lock___sinit_recursive_mutex
                0x20000e34                __lock___malloc_recursive_mutex
                0x20000e38                __lock___at_quick_exit_mutex
                0x20000e3c                __lock___dd_hash_mutex
                0x20000e40                __lock___tz_mutex
                0x20000e44                __lock___sfp_recursive_mutex
 *fill*         0x20000e45        0x3 
 COMMON         0x20000e48        0x4 c:/program files (x86)/atmel/studio/7.0/toolchain/arm/arm-gnu-toolchain/bin/../lib/gcc/arm-none-eabi/6.3.1/../../../../arm-none-eabi/lib/thumb/v7e-m\libc.a(lib_a-reent.o)
                0x20000e48                errno
                0x20000e4c                . = ALIGN (0x4)
                0x20000e4c                _ebss = .
                0x20000e4c                _ezero = .

.stack          0x20000e4c     0x1004 load address 0x00006b6c
                0x20000e50                . = ALIGN (0x8)
 *fill*         0x20000e4c        0x4 
                0x20000e50                _sstack = .
                0x20001e50                . = (. + __stack_size__)
 *fill*         0x20000e50     0x1000 
                0x20001e50                . = ALIGN (0x8)
                0x20001e50                _estack = .
                0x20001e50                . = ALIGN (0x4)
                0x20001e50                _end = .
OUTPUT(VFODial_sam4.elf elf32-littlearm)

.ARM.attributes
                0x00000000       0x2a
 .ARM.attributes
                0x00000000       0x1e c:/program files (x86)/atmel/studio/7.0/toolchain/arm/arm-gnu-toolchain/bin/../lib/gcc/arm-none-eabi/6.3.1/thumb/v7e-m/crti.o
 .ARM.attributes
                0x0000001e       0x2e c:/program files (x86)/atmel/studio/7.0/toolchain/arm/arm-gnu-toolchain/bin/../lib/gcc/arm-none-eabi/6.3.1/thumb/v7e-m/crtbegin.o
 .ARM.attributes
                0x0000004c       0x33 src/ASF/common/services/sleepmgr/sam4l/sleepmgr.o
 .ARM.attributes
                0x0000007f       0x33 src/ASF/common/services/usb/class/hid/device/generic/udi_hid_generic.o
 .ARM.attributes
                0x000000b2       0x33 src/ASF/common/services/usb/udc/udc.o
 .ARM.attributes
                0x000000e5       0x33 src/ASF/sam/drivers/ast/ast.o
 .ARM.attributes
                0x00000118       0x33 src/ASF/sam/drivers/usbc/usbc_device.o
 .ARM.attributes
                0x0000014b       0x33 src/ASF/common/services/usb/class/hid/device/generic/udi_hid_generic_desc.o
 .ARM.attributes
                0x0000017e       0x33 src/ASF/common/services/usb/class/hid/device/udi_hid.o
 .ARM.attributes
                0x000001b1       0x33 src/ASF/common/services/clock/sam4l/osc.o
 .ARM.attributes
                0x000001e4       0x33 src/ASF/common/services/clock/sam4l/pll.o
 .ARM.attributes
                0x00000217       0x33 src/ASF/common/services/clock/sam4l/sysclk.o
 .ARM.attributes
                0x0000024a       0x33 src/ASF/sam/drivers/bpm/bpm.o
 .ARM.attributes
                0x0000027d       0x33 src/ASF/sam/drivers/eic/eic.o
 .ARM.attributes
                0x000002b0       0x33 src/ASF/sam/drivers/flashcalw/flashcalw.o
 .ARM.attributes
                0x000002e3       0x33 src/ASF/sam/drivers/gpio/gpio.o
 .ARM.attributes
                0x00000316       0x33 src/ASF/sam/drivers/pdca/pdca.o
 .ARM.attributes
                0x00000349       0x33 src/ASF/sam/drivers/twim/twim.o
 .ARM.attributes
                0x0000037c       0x33 src/ASF/common/utils/interrupt/interrupt_sam_nvic.o
 .ARM.attributes
                0x000003af       0x33 src/ASF/sam/utils/cmsis/sam4l/source/templates/exceptions.o
 .ARM.attributes
                0x000003e2       0x33 src/ASF/sam/utils/cmsis/sam4l/source/templates/gcc/startup_sam4l.o
 .ARM.attributes
                0x00000415       0x33 src/ASF/sam/utils/syscalls/gcc/syscalls.o
 .ARM.attributes
                0x00000448       0x33 src/main.o
 .ARM.attributes
                0x0000047b       0x2e c:/program files (x86)/atmel/studio/7.0/toolchain/arm/arm-gnu-toolchain/bin/../lib/gcc/arm-none-eabi/6.3.1/../../../../arm-none-eabi/lib/thumb/v7e-m\libc.a(lib_a-impure.o)
 .ARM.attributes
                0x000004a9       0x2e c:/program files (x86)/atmel/studio/7.0/toolchain/arm/arm-gnu-toolchain/bin/../lib/gcc/arm-none-eabi/6.3.1/../../../../arm-none-eabi/lib/thumb/v7e-m\libc.a(lib_a-init.o)
 .ARM.attributes
                0x000004d7       0x2e c:/program files (x86)/atmel/studio/7.0/toolchain/arm/arm-gnu-toolchain/bin/../lib/gcc/arm-none-eabi/6.3.1/../../../../arm-none-eabi/lib/thumb/v7e-m\libc.a(lib_a-iprintf.o)
 .ARM.attributes
                0x00000505       0x1c c:/program files (x86)/atmel/studio/7.0/toolchain/arm/arm-gnu-toolchain/bin/../lib/gcc/arm-none-eabi/6.3.1/../../../../arm-none-eabi/lib/thumb/v7e-m\libc.a(lib_a-memcpy.o)
 .ARM.attributes
                0x00000521       0x2e c:/program files (x86)/atmel/studio/7.0/toolchain/arm/arm-gnu-toolchain/bin/../lib/gcc/arm-none-eabi/6.3.1/../../../../arm-none-eabi/lib/thumb/v7e-m\libc.a(lib_a-memset.o)
 .ARM.attributes
                0x0000054f       0x2e c:/program files (x86)/atmel/studio/7.0/toolchain/arm/arm-gnu-toolchain/bin/../lib/gcc/arm-none-eabi/6.3.1/../../../../arm-none-eabi/lib/thumb/v7e-m\libc.a(lib_a-vfiprintf.o)
 .ARM.attributes
                0x0000057d       0x2e c:/program files (x86)/atmel/studio/7.0/toolchain/arm/arm-gnu-toolchain/bin/../lib/gcc/arm-none-eabi/6.3.1/../../../../arm-none-eabi/lib/thumb/v7e-m\libc.a(lib_a-wsetup.o)
 .ARM.attributes
                0x000005ab       0x2e c:/program files (x86)/atmel/studio/7.0/toolchain/arm/arm-gnu-toolchain/bin/../lib/gcc/arm-none-eabi/6.3.1/../../../../arm-none-eabi/lib/thumb/v7e-m\libc.a(lib_a-__call_atexit.o)
 .ARM.attributes
                0x000005d9       0x2e c:/program files (x86)/atmel/studio/7.0/toolchain/arm/arm-gnu-toolchain/bin/../lib/gcc/arm-none-eabi/6.3.1/../../../../arm-none-eabi/lib/thumb/v7e-m\libc.a(lib_a-atexit.o)
 .ARM.attributes
                0x00000607       0x2e c:/program files (x86)/atmel/studio/7.0/toolchain/arm/arm-gnu-toolchain/bin/../lib/gcc/arm-none-eabi/6.3.1/../../../../arm-none-eabi/lib/thumb/v7e-m\libc.a(lib_a-fflush.o)
 .ARM.attributes
                0x00000635       0x2e c:/program files (x86)/atmel/studio/7.0/toolchain/arm/arm-gnu-toolchain/bin/../lib/gcc/arm-none-eabi/6.3.1/../../../../arm-none-eabi/lib/thumb/v7e-m\libc.a(lib_a-findfp.o)
 .ARM.attributes
                0x00000663       0x2e c:/program files (x86)/atmel/studio/7.0/toolchain/arm/arm-gnu-toolchain/bin/../lib/gcc/arm-none-eabi/6.3.1/../../../../arm-none-eabi/lib/thumb/v7e-m\libc.a(lib_a-fini.o)
 .ARM.attributes
                0x00000691       0x2e c:/program files (x86)/atmel/studio/7.0/toolchain/arm/arm-gnu-toolchain/bin/../lib/gcc/arm-none-eabi/6.3.1/../../../../arm-none-eabi/lib/thumb/v7e-m\libc.a(lib_a-fputwc.o)
 .ARM.attributes
                0x000006bf       0x2e c:/program files (x86)/atmel/studio/7.0/toolchain/arm/arm-gnu-toolchain/bin/../lib/gcc/arm-none-eabi/6.3.1/../../../../arm-none-eabi/lib/thumb/v7e-m\libc.a(lib_a-freer.o)
 .ARM.attributes
                0x000006ed       0x2e c:/program files (x86)/atmel/studio/7.0/toolchain/arm/arm-gnu-toolchain/bin/../lib/gcc/arm-none-eabi/6.3.1/../../../../arm-none-eabi/lib/thumb/v7e-m\libc.a(lib_a-fvwrite.o)
 .ARM.attributes
                0x0000071b       0x2e c:/program files (x86)/atmel/studio/7.0/toolchain/arm/arm-gnu-toolchain/bin/../lib/gcc/arm-none-eabi/6.3.1/../../../../arm-none-eabi/lib/thumb/v7e-m\libc.a(lib_a-fwalk.o)
 .ARM.attributes
                0x00000749       0x2e c:/program files (x86)/atmel/studio/7.0/toolchain/arm/arm-gnu-toolchain/bin/../lib/gcc/arm-none-eabi/6.3.1/../../../../arm-none-eabi/lib/thumb/v7e-m\libc.a(lib_a-locale.o)
 .ARM.attributes
                0x00000777       0x2e c:/program files (x86)/atmel/studio/7.0/toolchain/arm/arm-gnu-toolchain/bin/../lib/gcc/arm-none-eabi/6.3.1/../../../../arm-none-eabi/lib/thumb/v7e-m\libc.a(lib_a-lock.o)
 .ARM.attributes
                0x000007a5       0x2e c:/program files (x86)/atmel/studio/7.0/toolchain/arm/arm-gnu-toolchain/bin/../lib/gcc/arm-none-eabi/6.3.1/../../../../arm-none-eabi/lib/thumb/v7e-m\libc.a(lib_a-makebuf.o)
 .ARM.attributes
                0x000007d3       0x2e c:/program files (x86)/atmel/studio/7.0/toolchain/arm/arm-gnu-toolchain/bin/../lib/gcc/arm-none-eabi/6.3.1/../../../../arm-none-eabi/lib/thumb/v7e-m\libc.a(lib_a-mallocr.o)
 .ARM.attributes
                0x00000801       0x2e c:/program files (x86)/atmel/studio/7.0/toolchain/arm/arm-gnu-toolchain/bin/../lib/gcc/arm-none-eabi/6.3.1/../../../../arm-none-eabi/lib/thumb/v7e-m\libc.a(lib_a-mbtowc_r.o)
 .ARM.attributes
                0x0000082f       0x1c c:/program files (x86)/atmel/studio/7.0/toolchain/arm/arm-gnu-toolchain/bin/../lib/gcc/arm-none-eabi/6.3.1/../../../../arm-none-eabi/lib/thumb/v7e-m\libc.a(lib_a-memchr.o)
 .ARM.attributes
                0x0000084b       0x2e c:/program files (x86)/atmel/studio/7.0/toolchain/arm/arm-gnu-toolchain/bin/../lib/gcc/arm-none-eabi/6.3.1/../../../../arm-none-eabi/lib/thumb/v7e-m\libc.a(lib_a-memmove.o)
 .ARM.attributes
                0x00000879       0x2e c:/program files (x86)/atmel/studio/7.0/toolchain/arm/arm-gnu-toolchain/bin/../lib/gcc/arm-none-eabi/6.3.1/../../../../arm-none-eabi/lib/thumb/v7e-m\libc.a(lib_a-mlock.o)
 .ARM.attributes
                0x000008a7       0x2e c:/program files (x86)/atmel/studio/7.0/toolchain/arm/arm-gnu-toolchain/bin/../lib/gcc/arm-none-eabi/6.3.1/../../../../arm-none-eabi/lib/thumb/v7e-m\libc.a(lib_a-reallocr.o)
 .ARM.attributes
                0x000008d5       0x2e c:/program files (x86)/atmel/studio/7.0/toolchain/arm/arm-gnu-toolchain/bin/../lib/gcc/arm-none-eabi/6.3.1/../../../../arm-none-eabi/lib/thumb/v7e-m\libc.a(lib_a-sbrkr.o)
 .ARM.attributes
                0x00000903       0x2e c:/program files (x86)/atmel/studio/7.0/toolchain/arm/arm-gnu-toolchain/bin/../lib/gcc/arm-none-eabi/6.3.1/../../../../arm-none-eabi/lib/thumb/v7e-m\libc.a(lib_a-stdio.o)
 .ARM.attributes
                0x00000931       0x1c c:/program files (x86)/atmel/studio/7.0/toolchain/arm/arm-gnu-toolchain/bin/../lib/gcc/arm-none-eabi/6.3.1/../../../../arm-none-eabi/lib/thumb/v7e-m\libc.a(lib_a-strlen.o)
 .ARM.attributes
                0x0000094d       0x2e c:/program files (x86)/atmel/studio/7.0/toolchain/arm/arm-gnu-toolchain/bin/../lib/gcc/arm-none-eabi/6.3.1/../../../../arm-none-eabi/lib/thumb/v7e-m\libc.a(lib_a-wbuf.o)
 .ARM.attributes
                0x0000097b       0x2e c:/program files (x86)/atmel/studio/7.0/toolchain/arm/arm-gnu-toolchain/bin/../lib/gcc/arm-none-eabi/6.3.1/../../../../arm-none-eabi/lib/thumb/v7e-m\libc.a(lib_a-wcrtomb.o)
 .ARM.attributes
                0x000009a9       0x2e c:/program files (x86)/atmel/studio/7.0/toolchain/arm/arm-gnu-toolchain/bin/../lib/gcc/arm-none-eabi/6.3.1/../../../../arm-none-eabi/lib/thumb/v7e-m\libc.a(lib_a-wctomb_r.o)
 .ARM.attributes
                0x000009d7       0x2e c:/program files (x86)/atmel/studio/7.0/toolchain/arm/arm-gnu-toolchain/bin/../lib/gcc/arm-none-eabi/6.3.1/../../../../arm-none-eabi/lib/thumb/v7e-m\libc.a(lib_a-writer.o)
 .ARM.attributes
                0x00000a05       0x2e c:/program files (x86)/atmel/studio/7.0/toolchain/arm/arm-gnu-toolchain/bin/../lib/gcc/arm-none-eabi/6.3.1/../../../../arm-none-eabi/lib/thumb/v7e-m\libc.a(lib_a-__atexit.o)
 .ARM.attributes
                0x00000a33       0x2e c:/program files (x86)/atmel/studio/7.0/toolchain/arm/arm-gnu-toolchain/bin/../lib/gcc/arm-none-eabi/6.3.1/../../../../arm-none-eabi/lib/thumb/v7e-m\libc.a(lib_a-closer.o)
 .ARM.attributes
                0x00000a61       0x2e c:/program files (x86)/atmel/studio/7.0/toolchain/arm/arm-gnu-toolchain/bin/../lib/gcc/arm-none-eabi/6.3.1/../../../../arm-none-eabi/lib/thumb/v7e-m\libc.a(lib_a-ctype_.o)
 .ARM.attributes
                0x00000a8f       0x2e c:/program files (x86)/atmel/studio/7.0/toolchain/arm/arm-gnu-toolchain/bin/../lib/gcc/arm-none-eabi/6.3.1/../../../../arm-none-eabi/lib/thumb/v7e-m\libc.a(lib_a-fclose.o)
 .ARM.attributes
                0x00000abd       0x2e c:/program files (x86)/atmel/studio/7.0/toolchain/arm/arm-gnu-toolchain/bin/../lib/gcc/arm-none-eabi/6.3.1/../../../../arm-none-eabi/lib/thumb/v7e-m\libc.a(lib_a-fstatr.o)
 .ARM.attributes
                0x00000aeb       0x2e c:/program files (x86)/atmel/studio/7.0/toolchain/arm/arm-gnu-toolchain/bin/../lib/gcc/arm-none-eabi/6.3.1/../../../../arm-none-eabi/lib/thumb/v7e-m\libc.a(lib_a-isattyr.o)
 .ARM.attributes
                0x00000b19       0x2e c:/program files (x86)/atmel/studio/7.0/toolchain/arm/arm-gnu-toolchain/bin/../lib/gcc/arm-none-eabi/6.3.1/../../../../arm-none-eabi/lib/thumb/v7e-m\libc.a(lib_a-lseekr.o)
 .ARM.attributes
                0x00000b47       0x2e c:/program files (x86)/atmel/studio/7.0/toolchain/arm/arm-gnu-toolchain/bin/../lib/gcc/arm-none-eabi/6.3.1/../../../../arm-none-eabi/lib/thumb/v7e-m\libc.a(lib_a-readr.o)
 .ARM.attributes
                0x00000b75       0x2e c:/program files (x86)/atmel/studio/7.0/toolchain/arm/arm-gnu-toolchain/bin/../lib/gcc/arm-none-eabi/6.3.1/../../../../arm-none-eabi/lib/thumb/v7e-m\libc.a(lib_a-reent.o)
 .ARM.attributes
                0x00000ba3       0x1e c:/program files (x86)/atmel/studio/7.0/toolchain/arm/arm-gnu-toolchain/bin/../lib/gcc/arm-none-eabi/6.3.1/thumb/v7e-m\libgcc.a(_aeabi_uldivmod.o)
 .ARM.attributes
                0x00000bc1       0x2e c:/program files (x86)/atmel/studio/7.0/toolchain/arm/arm-gnu-toolchain/bin/../lib/gcc/arm-none-eabi/6.3.1/thumb/v7e-m\libgcc.a(_udivmoddi4.o)
 .ARM.attributes
                0x00000bef       0x1e c:/program files (x86)/atmel/studio/7.0/toolchain/arm/arm-gnu-toolchain/bin/../lib/gcc/arm-none-eabi/6.3.1/thumb/v7e-m\libgcc.a(_dvmd_tls.o)
 .ARM.attributes
                0x00000c0d       0x2e c:/program files (x86)/atmel/studio/7.0/toolchain/arm/arm-gnu-toolchain/bin/../lib/gcc/arm-none-eabi/6.3.1/../../../../arm-none-eabi/lib/thumb/v7e-m\libnosys.a(read.o)
 .ARM.attributes
                0x00000c3b       0x2e c:/program files (x86)/atmel/studio/7.0/toolchain/arm/arm-gnu-toolchain/bin/../lib/gcc/arm-none-eabi/6.3.1/../../../../arm-none-eabi/lib/thumb/v7e-m\libnosys.a(write.o)
 .ARM.attributes
                0x00000c69       0x1e c:/program files (x86)/atmel/studio/7.0/toolchain/arm/arm-gnu-toolchain/bin/../lib/gcc/arm-none-eabi/6.3.1/thumb/v7e-m/crtn.o

.comment        0x00000000       0x59
 .comment       0x00000000       0x59 src/ASF/common/services/sleepmgr/sam4l/sleepmgr.o
                                 0x5a (size before relaxing)
 .comment       0x00000059       0x5a src/ASF/common/services/usb/class/hid/device/generic/udi_hid_generic.o
 .comment       0x00000059       0x5a src/ASF/common/services/usb/udc/udc.o
 .comment       0x00000059       0x5a src/ASF/sam/drivers/ast/ast.o
 .comment       0x00000059       0x5a src/ASF/sam/drivers/usbc/usbc_device.o
 .comment       0x00000059       0x5a src/ASF/common/services/usb/class/hid/device/generic/udi_hid_generic_desc.o
 .comment       0x00000059       0x5a src/ASF/common/services/usb/class/hid/device/udi_hid.o
 .comment       0x00000059       0x5a src/ASF/common/services/clock/sam4l/osc.o
 .comment       0x00000059       0x5a src/ASF/common/services/clock/sam4l/pll.o
 .comment       0x00000059       0x5a src/ASF/common/services/clock/sam4l/sysclk.o
 .comment       0x00000059       0x5a src/ASF/sam/drivers/bpm/bpm.o
 .comment       0x00000059       0x5a src/ASF/sam/drivers/eic/eic.o
 .comment       0x00000059       0x5a src/ASF/sam/drivers/flashcalw/flashcalw.o
 .comment       0x00000059       0x5a src/ASF/sam/drivers/gpio/gpio.o
 .comment       0x00000059       0x5a src/ASF/sam/drivers/pdca/pdca.o
 .comment       0x00000059       0x5a src/ASF/sam/drivers/twim/twim.o
 .comment       0x00000059       0x5a src/ASF/common/utils/interrupt/interrupt_sam_nvic.o
 .comment       0x00000059       0x5a src/ASF/sam/utils/cmsis/sam4l/source/templates/exceptions.o
 .comment       0x00000059       0x5a src/ASF/sam/utils/cmsis/sam4l/source/templates/gcc/startup_sam4l.o
 .comment       0x00000059       0x5a src/ASF/sam/utils/syscalls/gcc/syscalls.o
 .comment       0x00000059       0x5a src/main.o

.debug_frame    0x00000000      0xcdc
 .debug_frame   0x00000000       0x2c c:/program files (x86)/atmel/studio/7.0/toolchain/arm/arm-gnu-toolchain/bin/../lib/gcc/arm-none-eabi/6.3.1/../../../../arm-none-eabi/lib/thumb/v7e-m\libc.a(lib_a-init.o)
 .debug_frame   0x0000002c       0x74 c:/program files (x86)/atmel/studio/7.0/toolchain/arm/arm-gnu-toolchain/bin/../lib/gcc/arm-none-eabi/6.3.1/../../../../arm-none-eabi/lib/thumb/v7e-m\libc.a(lib_a-iprintf.o)
 .debug_frame   0x000000a0       0x34 c:/program files (x86)/atmel/studio/7.0/toolchain/arm/arm-gnu-toolchain/bin/../lib/gcc/arm-none-eabi/6.3.1/../../../../arm-none-eabi/lib/thumb/v7e-m\libc.a(lib_a-memset.o)
 .debug_frame   0x000000d4       0xd8 c:/program files (x86)/atmel/studio/7.0/toolchain/arm/arm-gnu-toolchain/bin/../lib/gcc/arm-none-eabi/6.3.1/../../../../arm-none-eabi/lib/thumb/v7e-m\libc.a(lib_a-vfiprintf.o)
 .debug_frame   0x000001ac       0x2c c:/program files (x86)/atmel/studio/7.0/toolchain/arm/arm-gnu-toolchain/bin/../lib/gcc/arm-none-eabi/6.3.1/../../../../arm-none-eabi/lib/thumb/v7e-m\libc.a(lib_a-wsetup.o)
 .debug_frame   0x000001d8       0x5c c:/program files (x86)/atmel/studio/7.0/toolchain/arm/arm-gnu-toolchain/bin/../lib/gcc/arm-none-eabi/6.3.1/../../../../arm-none-eabi/lib/thumb/v7e-m\libc.a(lib_a-__call_atexit.o)
 .debug_frame   0x00000234       0x20 c:/program files (x86)/atmel/studio/7.0/toolchain/arm/arm-gnu-toolchain/bin/../lib/gcc/arm-none-eabi/6.3.1/../../../../arm-none-eabi/lib/thumb/v7e-m\libc.a(lib_a-atexit.o)
 .debug_frame   0x00000254       0x5c c:/program files (x86)/atmel/studio/7.0/toolchain/arm/arm-gnu-toolchain/bin/../lib/gcc/arm-none-eabi/6.3.1/../../../../arm-none-eabi/lib/thumb/v7e-m\libc.a(lib_a-fflush.o)
 .debug_frame   0x000002b0      0x148 c:/program files (x86)/atmel/studio/7.0/toolchain/arm/arm-gnu-toolchain/bin/../lib/gcc/arm-none-eabi/6.3.1/../../../../arm-none-eabi/lib/thumb/v7e-m\libc.a(lib_a-findfp.o)
 .debug_frame   0x000003f8       0x34 c:/program files (x86)/atmel/studio/7.0/toolchain/arm/arm-gnu-toolchain/bin/../lib/gcc/arm-none-eabi/6.3.1/../../../../arm-none-eabi/lib/thumb/v7e-m\libc.a(lib_a-fini.o)
 .debug_frame   0x0000042c       0x94 c:/program files (x86)/atmel/studio/7.0/toolchain/arm/arm-gnu-toolchain/bin/../lib/gcc/arm-none-eabi/6.3.1/../../../../arm-none-eabi/lib/thumb/v7e-m\libc.a(lib_a-fputwc.o)
 .debug_frame   0x000004c0       0x74 c:/program files (x86)/atmel/studio/7.0/toolchain/arm/arm-gnu-toolchain/bin/../lib/gcc/arm-none-eabi/6.3.1/../../../../arm-none-eabi/lib/thumb/v7e-m\libc.a(lib_a-freer.o)
 .debug_frame   0x00000534       0x68 c:/program files (x86)/atmel/studio/7.0/toolchain/arm/arm-gnu-toolchain/bin/../lib/gcc/arm-none-eabi/6.3.1/../../../../arm-none-eabi/lib/thumb/v7e-m\libc.a(lib_a-fvwrite.o)
 .debug_frame   0x0000059c       0x54 c:/program files (x86)/atmel/studio/7.0/toolchain/arm/arm-gnu-toolchain/bin/../lib/gcc/arm-none-eabi/6.3.1/../../../../arm-none-eabi/lib/thumb/v7e-m\libc.a(lib_a-fwalk.o)
 .debug_frame   0x000005f0       0x6c c:/program files (x86)/atmel/studio/7.0/toolchain/arm/arm-gnu-toolchain/bin/../lib/gcc/arm-none-eabi/6.3.1/../../../../arm-none-eabi/lib/thumb/v7e-m\libc.a(lib_a-locale.o)
 .debug_frame   0x0000065c       0xb0 c:/program files (x86)/atmel/studio/7.0/toolchain/arm/arm-gnu-toolchain/bin/../lib/gcc/arm-none-eabi/6.3.1/../../../../arm-none-eabi/lib/thumb/v7e-m\libc.a(lib_a-lock.o)
 .debug_frame   0x0000070c       0x68 c:/program files (x86)/atmel/studio/7.0/toolchain/arm/arm-gnu-toolchain/bin/../lib/gcc/arm-none-eabi/6.3.1/../../../../arm-none-eabi/lib/thumb/v7e-m\libc.a(lib_a-makebuf.o)
 .debug_frame   0x00000774       0x58 c:/program files (x86)/atmel/studio/7.0/toolchain/arm/arm-gnu-toolchain/bin/../lib/gcc/arm-none-eabi/6.3.1/../../../../arm-none-eabi/lib/thumb/v7e-m\libc.a(lib_a-mallocr.o)
 .debug_frame   0x000007cc       0x4c c:/program files (x86)/atmel/studio/7.0/toolchain/arm/arm-gnu-toolchain/bin/../lib/gcc/arm-none-eabi/6.3.1/../../../../arm-none-eabi/lib/thumb/v7e-m\libc.a(lib_a-mbtowc_r.o)
 .debug_frame   0x00000818       0x30 c:/program files (x86)/atmel/studio/7.0/toolchain/arm/arm-gnu-toolchain/bin/../lib/gcc/arm-none-eabi/6.3.1/../../../../arm-none-eabi/lib/thumb/v7e-m\libc.a(lib_a-memmove.o)
 .debug_frame   0x00000848       0x30 c:/program files (x86)/atmel/studio/7.0/toolchain/arm/arm-gnu-toolchain/bin/../lib/gcc/arm-none-eabi/6.3.1/../../../../arm-none-eabi/lib/thumb/v7e-m\libc.a(lib_a-mlock.o)
 .debug_frame   0x00000878       0x68 c:/program files (x86)/atmel/studio/7.0/toolchain/arm/arm-gnu-toolchain/bin/../lib/gcc/arm-none-eabi/6.3.1/../../../../arm-none-eabi/lib/thumb/v7e-m\libc.a(lib_a-reallocr.o)
 .debug_frame   0x000008e0       0x2c c:/program files (x86)/atmel/studio/7.0/toolchain/arm/arm-gnu-toolchain/bin/../lib/gcc/arm-none-eabi/6.3.1/../../../../arm-none-eabi/lib/thumb/v7e-m\libc.a(lib_a-sbrkr.o)
 .debug_frame   0x0000090c       0x88 c:/program files (x86)/atmel/studio/7.0/toolchain/arm/arm-gnu-toolchain/bin/../lib/gcc/arm-none-eabi/6.3.1/../../../../arm-none-eabi/lib/thumb/v7e-m\libc.a(lib_a-stdio.o)
 .debug_frame   0x00000994       0x40 c:/program files (x86)/atmel/studio/7.0/toolchain/arm/arm-gnu-toolchain/bin/../lib/gcc/arm-none-eabi/6.3.1/../../../../arm-none-eabi/lib/thumb/v7e-m\libc.a(lib_a-wbuf.o)
 .debug_frame   0x000009d4       0x5c c:/program files (x86)/atmel/studio/7.0/toolchain/arm/arm-gnu-toolchain/bin/../lib/gcc/arm-none-eabi/6.3.1/../../../../arm-none-eabi/lib/thumb/v7e-m\libc.a(lib_a-wcrtomb.o)
 .debug_frame   0x00000a30       0x3c c:/program files (x86)/atmel/studio/7.0/toolchain/arm/arm-gnu-toolchain/bin/../lib/gcc/arm-none-eabi/6.3.1/../../../../arm-none-eabi/lib/thumb/v7e-m\libc.a(lib_a-wctomb_r.o)
 .debug_frame   0x00000a6c       0x2c c:/program files (x86)/atmel/studio/7.0/toolchain/arm/arm-gnu-toolchain/bin/../lib/gcc/arm-none-eabi/6.3.1/../../../../arm-none-eabi/lib/thumb/v7e-m\libc.a(lib_a-writer.o)
 .debug_frame   0x00000a98       0x34 c:/program files (x86)/atmel/studio/7.0/toolchain/arm/arm-gnu-toolchain/bin/../lib/gcc/arm-none-eabi/6.3.1/../../../../arm-none-eabi/lib/thumb/v7e-m\libc.a(lib_a-__atexit.o)
 .debug_frame   0x00000acc       0x2c c:/program files (x86)/atmel/studio/7.0/toolchain/arm/arm-gnu-toolchain/bin/../lib/gcc/arm-none-eabi/6.3.1/../../../../arm-none-eabi/lib/thumb/v7e-m\libc.a(lib_a-closer.o)
 .debug_frame   0x00000af8       0x3c c:/program files (x86)/atmel/studio/7.0/toolchain/arm/arm-gnu-toolchain/bin/../lib/gcc/arm-none-eabi/6.3.1/../../../../arm-none-eabi/lib/thumb/v7e-m\libc.a(lib_a-fclose.o)
 .debug_frame   0x00000b34       0x2c c:/program files (x86)/atmel/studio/7.0/toolchain/arm/arm-gnu-toolchain/bin/../lib/gcc/arm-none-eabi/6.3.1/../../../../arm-none-eabi/lib/thumb/v7e-m\libc.a(lib_a-fstatr.o)
 .debug_frame   0x00000b60       0x2c c:/program files (x86)/atmel/studio/7.0/toolchain/arm/arm-gnu-toolchain/bin/../lib/gcc/arm-none-eabi/6.3.1/../../../../arm-none-eabi/lib/thumb/v7e-m\libc.a(lib_a-isattyr.o)
 .debug_frame   0x00000b8c       0x2c c:/program files (x86)/atmel/studio/7.0/toolchain/arm/arm-gnu-toolchain/bin/../lib/gcc/arm-none-eabi/6.3.1/../../../../arm-none-eabi/lib/thumb/v7e-m\libc.a(lib_a-lseekr.o)
 .debug_frame   0x00000bb8       0x2c c:/program files (x86)/atmel/studio/7.0/toolchain/arm/arm-gnu-toolchain/bin/../lib/gcc/arm-none-eabi/6.3.1/../../../../arm-none-eabi/lib/thumb/v7e-m\libc.a(lib_a-readr.o)
 .debug_frame   0x00000be4       0x58 c:/program files (x86)/atmel/studio/7.0/toolchain/arm/arm-gnu-toolchain/bin/../lib/gcc/arm-none-eabi/6.3.1/../../../../arm-none-eabi/lib/thumb/v7e-m\libc.a(lib_a-reent.o)
 .debug_frame   0x00000c3c       0x2c c:/program files (x86)/atmel/studio/7.0/toolchain/arm/arm-gnu-toolchain/bin/../lib/gcc/arm-none-eabi/6.3.1/thumb/v7e-m\libgcc.a(_aeabi_uldivmod.o)
 .debug_frame   0x00000c68       0x34 c:/program files (x86)/atmel/studio/7.0/toolchain/arm/arm-gnu-toolchain/bin/../lib/gcc/arm-none-eabi/6.3.1/thumb/v7e-m\libgcc.a(_udivmoddi4.o)
 .debug_frame   0x00000c9c       0x20 c:/program files (x86)/atmel/studio/7.0/toolchain/arm/arm-gnu-toolchain/bin/../lib/gcc/arm-none-eabi/6.3.1/../../../../arm-none-eabi/lib/thumb/v7e-m\libnosys.a(read.o)
 .debug_frame   0x00000cbc       0x20 c:/program files (x86)/atmel/studio/7.0/toolchain/arm/arm-gnu-toolchain/bin/../lib/gcc/arm-none-eabi/6.3.1/../../../../arm-none-eabi/lib/thumb/v7e-m\libnosys.a(write.o)

.stab           0x00000000       0x3c
 .stab          0x00000000       0x24 c:/program files (x86)/atmel/studio/7.0/toolchain/arm/arm-gnu-toolchain/bin/../lib/gcc/arm-none-eabi/6.3.1/../../../../arm-none-eabi/lib/thumb/v7e-m\libnosys.a(read.o)
 .stab          0x00000024       0x18 c:/program files (x86)/atmel/studio/7.0/toolchain/arm/arm-gnu-toolchain/bin/../lib/gcc/arm-none-eabi/6.3.1/../../../../arm-none-eabi/lib/thumb/v7e-m\libnosys.a(write.o)
                                 0x24 (size before relaxing)

.stabstr        0x00000000       0x72
 .stabstr       0x00000000       0x72 c:/program files (x86)/atmel/studio/7.0/toolchain/arm/arm-gnu-toolchain/bin/../lib/gcc/arm-none-eabi/6.3.1/../../../../arm-none-eabi/lib/thumb/v7e-m\libnosys.a(read.o)

Cross Reference Table

Symbol                                            File
ABDACB_Handler                                    src/ASF/sam/utils/cmsis/sam4l/source/templates/exceptions.o
                                                  src/ASF/sam/utils/cmsis/sam4l/source/templates/gcc/startup_sam4l.o
ACIFC_Handler                                     src/ASF/sam/utils/cmsis/sam4l/source/templates/exceptions.o
                                                  src/ASF/sam/utils/cmsis/sam4l/source/templates/gcc/startup_sam4l.o
ADCIFE_Handler                                    src/ASF/sam/utils/cmsis/sam4l/source/templates/exceptions.o
                                                  src/ASF/sam/utils/cmsis/sam4l/source/templates/gcc/startup_sam4l.o
AESA_Handler                                      src/ASF/sam/utils/cmsis/sam4l/source/templates/exceptions.o
AST_ALARM_Handler                                 src/ASF/sam/utils/cmsis/sam4l/source/templates/exceptions.o
                                                  src/ASF/sam/utils/cmsis/sam4l/source/templates/gcc/startup_sam4l.o
AST_CLKREADY_Handler                              src/ASF/sam/utils/cmsis/sam4l/source/templates/exceptions.o
                                                  src/ASF/sam/utils/cmsis/sam4l/source/templates/gcc/startup_sam4l.o
AST_OVF_Handler                                   src/ASF/sam/utils/cmsis/sam4l/source/templates/exceptions.o
                                                  src/ASF/sam/utils/cmsis/sam4l/source/templates/gcc/startup_sam4l.o
AST_PER_Handler                                   src/ASF/sam/drivers/ast/ast.o
                                                  src/ASF/sam/utils/cmsis/sam4l/source/templates/gcc/startup_sam4l.o
AST_READY_Handler                                 src/ASF/sam/utils/cmsis/sam4l/source/templates/exceptions.o
                                                  src/ASF/sam/utils/cmsis/sam4l/source/templates/gcc/startup_sam4l.o
BPM_Handler                                       src/ASF/sam/utils/cmsis/sam4l/source/templates/exceptions.o
                                                  src/ASF/sam/utils/cmsis/sam4l/source/templates/gcc/startup_sam4l.o
BSCIF_Handler                                     src/ASF/sam/utils/cmsis/sam4l/source/templates/exceptions.o
                                                  src/ASF/sam/utils/cmsis/sam4l/source/templates/gcc/startup_sam4l.o
BusFault_Handler                                  src/ASF/sam/utils/cmsis/sam4l/source/templates/exceptions.o
                                                  src/ASF/sam/utils/cmsis/sam4l/source/templates/gcc/startup_sam4l.o
CATB_Handler                                      src/ASF/sam/utils/cmsis/sam4l/source/templates/exceptions.o
                                                  src/ASF/sam/utils/cmsis/sam4l/source/templates/gcc/startup_sam4l.o
CRCCU_Handler                                     src/ASF/sam/utils/cmsis/sam4l/source/templates/exceptions.o
                                                  src/ASF/sam/utils/cmsis/sam4l/source/templates/gcc/startup_sam4l.o
DACC_Handler                                      src/ASF/sam/utils/cmsis/sam4l/source/templates/exceptions.o
                                                  src/ASF/sam/utils/cmsis/sam4l/source/templates/gcc/startup_sam4l.o
DebugMon_Handler                                  src/ASF/sam/utils/cmsis/sam4l/source/templates/exceptions.o
                                                  src/ASF/sam/utils/cmsis/sam4l/source/templates/gcc/startup_sam4l.o
Dummy_Handler                                     src/ASF/sam/utils/cmsis/sam4l/source/templates/exceptions.o
                                                  src/ASF/sam/utils/cmsis/sam4l/source/templates/gcc/startup_sam4l.o
EIC_1_Handler                                     src/ASF/sam/drivers/eic/eic.o
                                                  src/ASF/sam/utils/cmsis/sam4l/source/templates/gcc/startup_sam4l.o
EIC_2_Handler                                     src/ASF/sam/drivers/eic/eic.o
                                                  src/ASF/sam/utils/cmsis/sam4l/source/templates/gcc/startup_sam4l.o
EIC_3_Handler                                     src/ASF/sam/drivers/eic/eic.o
                                                  src/ASF/sam/utils/cmsis/sam4l/source/templates/gcc/startup_sam4l.o
EIC_4_Handler                                     src/ASF/sam/drivers/eic/eic.o
                                                  src/ASF/sam/utils/cmsis/sam4l/source/templates/gcc/startup_sam4l.o
EIC_5_Handler                                     src/ASF/sam/drivers/eic/eic.o
                                                  src/ASF/sam/utils/cmsis/sam4l/source/templates/gcc/startup_sam4l.o
EIC_6_Handler                                     src/ASF/sam/drivers/eic/eic.o
                                                  src/ASF/sam/utils/cmsis/sam4l/source/templates/gcc/startup_sam4l.o
EIC_7_Handler                                     src/ASF/sam/drivers/eic/eic.o
                                                  src/ASF/sam/utils/cmsis/sam4l/source/templates/gcc/startup_sam4l.o
EIC_8_Handler                                     src/ASF/sam/drivers/eic/eic.o
                                                  src/ASF/sam/utils/cmsis/sam4l/source/templates/gcc/startup_sam4l.o
FREQM_Handler                                     src/ASF/sam/utils/cmsis/sam4l/source/templates/exceptions.o
                                                  src/ASF/sam/utils/cmsis/sam4l/source/templates/gcc/startup_sam4l.o
GPIO_0_Handler                                    src/ASF/sam/drivers/gpio/gpio.o
                                                  src/ASF/sam/utils/cmsis/sam4l/source/templates/gcc/startup_sam4l.o
GPIO_10_Handler                                   src/ASF/sam/drivers/gpio/gpio.o
                                                  src/ASF/sam/utils/cmsis/sam4l/source/templates/gcc/startup_sam4l.o